Component: ARM Compiler 5.06 update 7 (build 960) Tool: armlink [4d3601]

==============================================================================

Section Cross References

    startup_stm32f10x_hd.o(STACK) refers (Special) to heapauxi.o(.text) for __use_two_region_memory
    startup_stm32f10x_hd.o(HEAP) refers (Special) to heapauxi.o(.text) for __use_two_region_memory
    startup_stm32f10x_hd.o(RESET) refers (Special) to heapauxi.o(.text) for __use_two_region_memory
    startup_stm32f10x_hd.o(RESET) refers to startup_stm32f10x_hd.o(STACK) for __initial_sp
    startup_stm32f10x_hd.o(RESET) refers to startup_stm32f10x_hd.o(.text) for Reset_Handler
    startup_stm32f10x_hd.o(RESET) refers to stm32f10x_it.o(i.NMI_Handler) for NMI_Handler
    startup_stm32f10x_hd.o(RESET) refers to stm32f10x_it.o(i.HardFault_Handler) for HardFault_Handler
    startup_stm32f10x_hd.o(RESET) refers to stm32f10x_it.o(i.MemManage_Handler) for MemManage_Handler
    startup_stm32f10x_hd.o(RESET) refers to stm32f10x_it.o(i.BusFault_Handler) for BusFault_Handler
    startup_stm32f10x_hd.o(RESET) refers to stm32f10x_it.o(i.UsageFault_Handler) for UsageFault_Handler
    startup_stm32f10x_hd.o(RESET) refers to stm32f10x_it.o(i.SVC_Handler) for SVC_Handler
    startup_stm32f10x_hd.o(RESET) refers to stm32f10x_it.o(i.DebugMon_Handler) for DebugMon_Handler
    startup_stm32f10x_hd.o(RESET) refers to stm32f10x_it.o(i.PendSV_Handler) for PendSV_Handler
    startup_stm32f10x_hd.o(RESET) refers to stm32f10x_it.o(i.SysTick_Handler) for SysTick_Handler
    startup_stm32f10x_hd.o(RESET) refers to main.o(i.TIM1_UP_IRQHandler) for TIM1_UP_IRQHandler
    startup_stm32f10x_hd.o(RESET) refers to cs.o(i.TIM4_IRQHandler) for TIM4_IRQHandler
    startup_stm32f10x_hd.o(RESET) refers to usart.o(i.USART1_IRQHandler) for USART1_IRQHandler
    startup_stm32f10x_hd.o(RESET) refers to bluetooth.o(i.USART3_IRQHandler) for USART3_IRQHandler
    startup_stm32f10x_hd.o(.text) refers (Special) to heapauxi.o(.text) for __use_two_region_memory
    startup_stm32f10x_hd.o(.text) refers to system_stm32f10x.o(i.SystemInit) for SystemInit
    startup_stm32f10x_hd.o(.text) refers to __main.o(!!!main) for __main
    startup_stm32f10x_hd.o(.text) refers to startup_stm32f10x_hd.o(HEAP) for Heap_Mem
    startup_stm32f10x_hd.o(.text) refers to startup_stm32f10x_hd.o(STACK) for Stack_Mem
    stm32f10x_adc.o(i.ADC_DeInit) refers to stm32f10x_rcc.o(i.RCC_APB2PeriphResetCmd) for RCC_APB2PeriphResetCmd
    stm32f10x_bkp.o(i.BKP_DeInit) refers to stm32f10x_rcc.o(i.RCC_BackupResetCmd) for RCC_BackupResetCmd
    stm32f10x_can.o(i.CAN_DeInit) refers to stm32f10x_rcc.o(i.RCC_APB1PeriphResetCmd) for RCC_APB1PeriphResetCmd
    stm32f10x_can.o(i.CAN_GetITStatus) refers to stm32f10x_can.o(i.CheckITStatus) for CheckITStatus
    stm32f10x_cec.o(i.CEC_DeInit) refers to stm32f10x_rcc.o(i.RCC_APB1PeriphResetCmd) for RCC_APB1PeriphResetCmd
    stm32f10x_dac.o(i.DAC_DeInit) refers to stm32f10x_rcc.o(i.RCC_APB1PeriphResetCmd) for RCC_APB1PeriphResetCmd
    stm32f10x_flash.o(i.FLASH_EnableWriteProtection) refers to stm32f10x_flash.o(i.FLASH_WaitForLastOperation) for FLASH_WaitForLastOperation
    stm32f10x_flash.o(i.FLASH_EraseAllBank1Pages) refers to stm32f10x_flash.o(i.FLASH_WaitForLastBank1Operation) for FLASH_WaitForLastBank1Operation
    stm32f10x_flash.o(i.FLASH_EraseAllPages) refers to stm32f10x_flash.o(i.FLASH_WaitForLastOperation) for FLASH_WaitForLastOperation
    stm32f10x_flash.o(i.FLASH_EraseOptionBytes) refers to stm32f10x_flash.o(i.FLASH_GetReadOutProtectionStatus) for FLASH_GetReadOutProtectionStatus
    stm32f10x_flash.o(i.FLASH_EraseOptionBytes) refers to stm32f10x_flash.o(i.FLASH_WaitForLastOperation) for FLASH_WaitForLastOperation
    stm32f10x_flash.o(i.FLASH_ErasePage) refers to stm32f10x_flash.o(i.FLASH_WaitForLastOperation) for FLASH_WaitForLastOperation
    stm32f10x_flash.o(i.FLASH_ProgramHalfWord) refers to stm32f10x_flash.o(i.FLASH_WaitForLastOperation) for FLASH_WaitForLastOperation
    stm32f10x_flash.o(i.FLASH_ProgramOptionByteData) refers to stm32f10x_flash.o(i.FLASH_WaitForLastOperation) for FLASH_WaitForLastOperation
    stm32f10x_flash.o(i.FLASH_ProgramWord) refers to stm32f10x_flash.o(i.FLASH_WaitForLastOperation) for FLASH_WaitForLastOperation
    stm32f10x_flash.o(i.FLASH_ReadOutProtection) refers to stm32f10x_flash.o(i.FLASH_WaitForLastOperation) for FLASH_WaitForLastOperation
    stm32f10x_flash.o(i.FLASH_UserOptionByteConfig) refers to stm32f10x_flash.o(i.FLASH_WaitForLastOperation) for FLASH_WaitForLastOperation
    stm32f10x_flash.o(i.FLASH_WaitForLastBank1Operation) refers to stm32f10x_flash.o(i.FLASH_GetBank1Status) for FLASH_GetBank1Status
    stm32f10x_flash.o(i.FLASH_WaitForLastOperation) refers to stm32f10x_flash.o(i.FLASH_GetBank1Status) for FLASH_GetBank1Status
    stm32f10x_gpio.o(i.GPIO_AFIODeInit) refers to stm32f10x_rcc.o(i.RCC_APB2PeriphResetCmd) for RCC_APB2PeriphResetCmd
    stm32f10x_gpio.o(i.GPIO_DeInit) refers to stm32f10x_rcc.o(i.RCC_APB2PeriphResetCmd) for RCC_APB2PeriphResetCmd
    stm32f10x_i2c.o(i.I2C_DeInit) refers to stm32f10x_rcc.o(i.RCC_APB1PeriphResetCmd) for RCC_APB1PeriphResetCmd
    stm32f10x_i2c.o(i.I2C_Init) refers to stm32f10x_rcc.o(i.RCC_GetClocksFreq) for RCC_GetClocksFreq
    stm32f10x_pwr.o(i.PWR_DeInit) refers to stm32f10x_rcc.o(i.RCC_APB1PeriphResetCmd) for RCC_APB1PeriphResetCmd
    stm32f10x_rcc.o(i.RCC_GetClocksFreq) refers to stm32f10x_rcc.o(.data) for APBAHBPrescTable
    stm32f10x_rcc.o(i.RCC_WaitForHSEStartUp) refers to stm32f10x_rcc.o(i.RCC_GetFlagStatus) for RCC_GetFlagStatus
    stm32f10x_rtc.o(i.RTC_SetAlarm) refers to stm32f10x_rtc.o(i.RTC_EnterConfigMode) for RTC_EnterConfigMode
    stm32f10x_rtc.o(i.RTC_SetAlarm) refers to stm32f10x_rtc.o(i.RTC_ExitConfigMode) for RTC_ExitConfigMode
    stm32f10x_rtc.o(i.RTC_SetCounter) refers to stm32f10x_rtc.o(i.RTC_EnterConfigMode) for RTC_EnterConfigMode
    stm32f10x_rtc.o(i.RTC_SetCounter) refers to stm32f10x_rtc.o(i.RTC_ExitConfigMode) for RTC_ExitConfigMode
    stm32f10x_rtc.o(i.RTC_SetPrescaler) refers to stm32f10x_rtc.o(i.RTC_EnterConfigMode) for RTC_EnterConfigMode
    stm32f10x_rtc.o(i.RTC_SetPrescaler) refers to stm32f10x_rtc.o(i.RTC_ExitConfigMode) for RTC_ExitConfigMode
    stm32f10x_spi.o(i.I2S_Init) refers to stm32f10x_rcc.o(i.RCC_GetClocksFreq) for RCC_GetClocksFreq
    stm32f10x_spi.o(i.SPI_I2S_DeInit) refers to stm32f10x_rcc.o(i.RCC_APB2PeriphResetCmd) for RCC_APB2PeriphResetCmd
    stm32f10x_spi.o(i.SPI_I2S_DeInit) refers to stm32f10x_rcc.o(i.RCC_APB1PeriphResetCmd) for RCC_APB1PeriphResetCmd
    stm32f10x_tim.o(i.TIM_DeInit) refers to stm32f10x_rcc.o(i.RCC_APB2PeriphResetCmd) for RCC_APB2PeriphResetCmd
    stm32f10x_tim.o(i.TIM_DeInit) refers to stm32f10x_rcc.o(i.RCC_APB1PeriphResetCmd) for RCC_APB1PeriphResetCmd
    stm32f10x_tim.o(i.TIM_ETRClockMode1Config) refers to stm32f10x_tim.o(i.TIM_ETRConfig) for TIM_ETRConfig
    stm32f10x_tim.o(i.TIM_ETRClockMode2Config) refers to stm32f10x_tim.o(i.TIM_ETRConfig) for TIM_ETRConfig
    stm32f10x_tim.o(i.TIM_ICInit) refers to stm32f10x_tim.o(i.TI1_Config) for TI1_Config
    stm32f10x_tim.o(i.TIM_ICInit) refers to stm32f10x_tim.o(i.TIM_SetIC1Prescaler) for TIM_SetIC1Prescaler
    stm32f10x_tim.o(i.TIM_ICInit) refers to stm32f10x_tim.o(i.TI2_Config) for TI2_Config
    stm32f10x_tim.o(i.TIM_ICInit) refers to stm32f10x_tim.o(i.TIM_SetIC2Prescaler) for TIM_SetIC2Prescaler
    stm32f10x_tim.o(i.TIM_ICInit) refers to stm32f10x_tim.o(i.TI3_Config) for TI3_Config
    stm32f10x_tim.o(i.TIM_ICInit) refers to stm32f10x_tim.o(i.TIM_SetIC3Prescaler) for TIM_SetIC3Prescaler
    stm32f10x_tim.o(i.TIM_ICInit) refers to stm32f10x_tim.o(i.TI4_Config) for TI4_Config
    stm32f10x_tim.o(i.TIM_ICInit) refers to stm32f10x_tim.o(i.TIM_SetIC4Prescaler) for TIM_SetIC4Prescaler
    stm32f10x_tim.o(i.TIM_ITRxExternalClockConfig) refers to stm32f10x_tim.o(i.TIM_SelectInputTrigger) for TIM_SelectInputTrigger
    stm32f10x_tim.o(i.TIM_PWMIConfig) refers to stm32f10x_tim.o(i.TI1_Config) for TI1_Config
    stm32f10x_tim.o(i.TIM_PWMIConfig) refers to stm32f10x_tim.o(i.TIM_SetIC1Prescaler) for TIM_SetIC1Prescaler
    stm32f10x_tim.o(i.TIM_PWMIConfig) refers to stm32f10x_tim.o(i.TI2_Config) for TI2_Config
    stm32f10x_tim.o(i.TIM_PWMIConfig) refers to stm32f10x_tim.o(i.TIM_SetIC2Prescaler) for TIM_SetIC2Prescaler
    stm32f10x_tim.o(i.TIM_TIxExternalClockConfig) refers to stm32f10x_tim.o(i.TI2_Config) for TI2_Config
    stm32f10x_tim.o(i.TIM_TIxExternalClockConfig) refers to stm32f10x_tim.o(i.TI1_Config) for TI1_Config
    stm32f10x_tim.o(i.TIM_TIxExternalClockConfig) refers to stm32f10x_tim.o(i.TIM_SelectInputTrigger) for TIM_SelectInputTrigger
    stm32f10x_usart.o(i.USART_DeInit) refers to stm32f10x_rcc.o(i.RCC_APB2PeriphResetCmd) for RCC_APB2PeriphResetCmd
    stm32f10x_usart.o(i.USART_DeInit) refers to stm32f10x_rcc.o(i.RCC_APB1PeriphResetCmd) for RCC_APB1PeriphResetCmd
    stm32f10x_usart.o(i.USART_Init) refers to stm32f10x_rcc.o(i.RCC_GetClocksFreq) for RCC_GetClocksFreq
    stm32f10x_wwdg.o(i.WWDG_DeInit) refers to stm32f10x_rcc.o(i.RCC_APB1PeriphResetCmd) for RCC_APB1PeriphResetCmd
    delay.o(i.delay_init) refers to misc.o(i.SysTick_CLKSourceConfig) for SysTick_CLKSourceConfig
    delay.o(i.delay_init) refers to system_stm32f10x.o(.data) for SystemCoreClock
    delay.o(i.delay_init) refers to delay.o(.data) for fac_us
    delay.o(i.delay_ms) refers to delay.o(.data) for fac_ms
    delay.o(i.delay_us) refers to delay.o(.data) for fac_us
    usart.o(i.PrintChar) refers (Special) to use_no_semi_2.o(.text) for __use_no_semihosting
    usart.o(i.PrintChar) refers to usart.o(i.USART1_Send_Byte) for USART1_Send_Byte
    usart.o(i.UART3_Send_Char) refers (Special) to use_no_semi_2.o(.text) for __use_no_semihosting
    usart.o(i.UART3_Send_Char) refers to usart.o(i.USART3_Send_Byte) for USART3_Send_Byte
    usart.o(i.USART1_IRQHandler) refers (Special) to use_no_semi_2.o(.text) for __use_no_semihosting
    usart.o(i.USART1_IRQHandler) refers to stm32f10x_usart.o(i.USART_GetITStatus) for USART_GetITStatus
    usart.o(i.USART1_IRQHandler) refers to stm32f10x_usart.o(i.USART_ReceiveData) for USART_ReceiveData
    usart.o(i.USART1_IRQHandler) refers to usart.o(.data) for USART_RX_STA
    usart.o(i.USART1_IRQHandler) refers to usart.o(.bss) for USART_RX_BUF
    usart.o(i.USART1_Send_Byte) refers (Special) to use_no_semi_2.o(.text) for __use_no_semihosting
    usart.o(i.USART1_Send_Byte) refers to stm32f10x_usart.o(i.USART_SendData) for USART_SendData
    usart.o(i.USART1_Send_Byte) refers to stm32f10x_usart.o(i.USART_GetFlagStatus) for USART_GetFlagStatus
    usart.o(i.USART1_printf) refers (Special) to use_no_semi_2.o(.text) for __use_no_semihosting
    usart.o(i.USART1_printf) refers to stm32f10x_usart.o(i.USART_SendData) for USART_SendData
    usart.o(i.USART1_printf) refers to stm32f10x_usart.o(i.USART_GetFlagStatus) for USART_GetFlagStatus
    usart.o(i.USART1_printf) refers to usart.o(i.itoa) for itoa
    usart.o(i.USART3_Send_Byte) refers (Special) to use_no_semi_2.o(.text) for __use_no_semihosting
    usart.o(i.USART3_Send_Byte) refers to stm32f10x_usart.o(i.USART_SendData) for USART_SendData
    usart.o(i.USART3_Send_Byte) refers to stm32f10x_usart.o(i.USART_GetFlagStatus) for USART_GetFlagStatus
    usart.o(i._sys_exit) refers (Special) to use_no_semi_2.o(.text) for __use_no_semihosting
    usart.o(i.fputc) refers (Special) to use_no_semi_2.o(.text) for __use_no_semihosting
    usart.o(i.itoa) refers (Special) to use_no_semi_2.o(.text) for __use_no_semihosting
    usart.o(i.uart_init) refers (Special) to use_no_semi_2.o(.text) for __use_no_semihosting
    usart.o(i.uart_init) refers to stm32f10x_rcc.o(i.RCC_APB2PeriphClockCmd) for RCC_APB2PeriphClockCmd
    usart.o(i.uart_init) refers to stm32f10x_gpio.o(i.GPIO_Init) for GPIO_Init
    usart.o(i.uart_init) refers to misc.o(i.NVIC_Init) for NVIC_Init
    usart.o(i.uart_init) refers to stm32f10x_usart.o(i.USART_Init) for USART_Init
    usart.o(i.uart_init) refers to stm32f10x_usart.o(i.USART_ITConfig) for USART_ITConfig
    usart.o(i.uart_init) refers to stm32f10x_usart.o(i.USART_Cmd) for USART_Cmd
    usart.o(.bss) refers (Special) to use_no_semi_2.o(.text) for __use_no_semihosting
    usart.o(.data) refers (Special) to use_no_semi_2.o(.text) for __use_no_semihosting
    main.o(i.Balance) refers to faddsub_clz.o(x$fpl$frsb) for __aeabi_frsub
    main.o(i.Balance) refers to faddsub_clz.o(x$fpl$fsub) for __aeabi_fsub
    main.o(i.Balance) refers to fmul.o(x$fpl$fmul) for __aeabi_fmul
    main.o(i.Balance) refers to ffix.o(x$fpl$ffix) for __aeabi_f2iz
    main.o(i.Balance) refers to main.o(.data) for Middle_angle
    main.o(i.Evadible_Mode) refers to motor.o(i.Car_Forward) for Car_Forward
    main.o(i.Evadible_Mode) refers to motor.o(i.Car_Backward) for Car_Backward
    main.o(i.Evadible_Mode) refers to delay.o(i.delay_ms) for delay_ms
    main.o(i.Evadible_Mode) refers to motor.o(i.Car_AvoidLeft) for Car_AvoidLeft
    main.o(i.Evadible_Mode) refers to main.o(.data) for length_res
    main.o(i.Limit) refers to frleqf.o(x$fpl$frleqf) for __aeabi_cfrcmple
    main.o(i.Limit) refers to fleqf.o(x$fpl$fleqf) for __aeabi_cfcmple
    main.o(i.Limit) refers to main.o(.data) for PWM_MAX
    main.o(i.TIM1_UP_IRQHandler) refers to stm32f10x_tim.o(i.TIM_GetITStatus) for TIM_GetITStatus
    main.o(i.TIM1_UP_IRQHandler) refers to mpu6050.o(i.MPU6050_Pose) for MPU6050_Pose
    main.o(i.TIM1_UP_IRQHandler) refers to fflt_clz.o(x$fpl$fflt) for __aeabi_i2f
    main.o(i.TIM1_UP_IRQHandler) refers to main.o(i.Balance) for Balance
    main.o(i.TIM1_UP_IRQHandler) refers to stm32f10x_tim.o(i.TIM_GetCounter) for TIM_GetCounter
    main.o(i.TIM1_UP_IRQHandler) refers to main.o(i.velocity) for velocity
    main.o(i.TIM1_UP_IRQHandler) refers to stm32f10x_tim.o(i.TIM_SetCounter) for TIM_SetCounter
    main.o(i.TIM1_UP_IRQHandler) refers to faddsub_clz.o(x$fpl$fadd) for __aeabi_fadd
    main.o(i.TIM1_UP_IRQHandler) refers to main.o(i.Limit) for Limit
    main.o(i.TIM1_UP_IRQHandler) refers to ffix.o(x$fpl$ffix) for __aeabi_f2iz
    main.o(i.TIM1_UP_IRQHandler) refers to motor.o(i.Set_Pwm) for Set_Pwm
    main.o(i.TIM1_UP_IRQHandler) refers to stm32f10x_tim.o(i.TIM_ClearITPendingBit) for TIM_ClearITPendingBit
    main.o(i.main) refers to delay.o(i.delay_init) for delay_init
    main.o(i.main) refers to misc.o(i.NVIC_PriorityGroupConfig) for NVIC_PriorityGroupConfig
    main.o(i.main) refers to usart.o(i.uart_init) for uart_init
    main.o(i.main) refers to cs.o(i.CH_SR04_Init) for CH_SR04_Init
    main.o(i.main) refers to bluetooth.o(i.uart3_init) for uart3_init
    main.o(i.main) refers to cs.o(i.NVIC_Config) for NVIC_Config
    main.o(i.main) refers to pwm.o(i.PWM_Init) for PWM_Init
    main.o(i.main) refers to i2c.o(i.i2cInit) for i2cInit
    main.o(i.main) refers to delay.o(i.delay_ms) for delay_ms
    main.o(i.main) refers to mpu6050.o(i.MPU6050_Init) for MPU6050_Init
    main.o(i.main) refers to motor.o(i.Motor_GPIO_Init) for Motor_GPIO_Init
    main.o(i.turn) refers to fmul.o(x$fpl$fmul) for __aeabi_fmul
    main.o(i.turn) refers to faddsub_clz.o(x$fpl$fsub) for __aeabi_fsub
    main.o(i.turn) refers to ffix.o(x$fpl$ffix) for __aeabi_f2iz
    main.o(i.turn) refers to main.o(.data) for Turn_Target
    main.o(i.velocity) refers to f2d.o(x$fpl$f2d) for __aeabi_f2d
    main.o(i.velocity) refers to dmul.o(x$fpl$dmul) for __aeabi_dmul
    main.o(i.velocity) refers to d2f.o(x$fpl$d2f) for __aeabi_d2f
    main.o(i.velocity) refers to dflt_clz.o(x$fpl$dflt) for __aeabi_i2d
    main.o(i.velocity) refers to daddsub_clz.o(x$fpl$dadd) for __aeabi_dadd
    main.o(i.velocity) refers to faddsub_clz.o(x$fpl$fadd) for __aeabi_fadd
    main.o(i.velocity) refers to frleqf.o(x$fpl$frleqf) for __aeabi_cfrcmple
    main.o(i.velocity) refers to fleqf.o(x$fpl$fleqf) for __aeabi_cfcmple
    main.o(i.velocity) refers to fmul.o(x$fpl$fmul) for __aeabi_fmul
    main.o(i.velocity) refers to ffix.o(x$fpl$ffix) for __aeabi_f2iz
    main.o(i.velocity) refers to main.o(.data) for Encoder
    system_stm32f10x.o(i.SetSysClock) refers to system_stm32f10x.o(i.SetSysClockTo72) for SetSysClockTo72
    system_stm32f10x.o(i.SystemCoreClockUpdate) refers to system_stm32f10x.o(.data) for SystemCoreClock
    system_stm32f10x.o(i.SystemInit) refers to system_stm32f10x.o(i.SetSysClock) for SetSysClock
    cs.o(i.CH_SR04_Init) refers to stm32f10x_rcc.o(i.RCC_APB2PeriphClockCmd) for RCC_APB2PeriphClockCmd
    cs.o(i.CH_SR04_Init) refers to stm32f10x_rcc.o(i.RCC_APB1PeriphClockCmd) for RCC_APB1PeriphClockCmd
    cs.o(i.CH_SR04_Init) refers to stm32f10x_gpio.o(i.GPIO_Init) for GPIO_Init
    cs.o(i.CH_SR04_Init) refers to stm32f10x_tim.o(i.TIM_DeInit) for TIM_DeInit
    cs.o(i.CH_SR04_Init) refers to stm32f10x_tim.o(i.TIM_TimeBaseInit) for TIM_TimeBaseInit
    cs.o(i.CH_SR04_Init) refers to stm32f10x_tim.o(i.TIM_ITConfig) for TIM_ITConfig
    cs.o(i.CH_SR04_Init) refers to cs.o(i.NVIC_Config) for NVIC_Config
    cs.o(i.CH_SR04_Init) refers to stm32f10x_tim.o(i.TIM_Cmd) for TIM_Cmd
    cs.o(i.NVIC_Config) refers to misc.o(i.NVIC_PriorityGroupConfig) for NVIC_PriorityGroupConfig
    cs.o(i.NVIC_Config) refers to misc.o(i.NVIC_Init) for NVIC_Init
    cs.o(i.Senor_Using) refers to delay.o(i.delay_us) for delay_us
    cs.o(i.Senor_Using) refers to stm32f10x_gpio.o(i.GPIO_ReadInputDataBit) for GPIO_ReadInputDataBit
    cs.o(i.Senor_Using) refers to stm32f10x_tim.o(i.TIM_Cmd) for TIM_Cmd
    cs.o(i.Senor_Using) refers to stm32f10x_tim.o(i.TIM_GetCounter) for TIM_GetCounter
    cs.o(i.Senor_Using) refers to dflt_clz.o(x$fpl$dfltu) for __aeabi_ui2d
    cs.o(i.Senor_Using) refers to ddiv.o(x$fpl$ddiv) for __aeabi_ddiv
    cs.o(i.Senor_Using) refers to d2f.o(x$fpl$d2f) for __aeabi_d2f
    cs.o(i.Senor_Using) refers to faddsub_clz.o(x$fpl$fadd) for __aeabi_fadd
    cs.o(i.Senor_Using) refers to delay.o(i.delay_ms) for delay_ms
    cs.o(i.Senor_Using) refers to fdiv.o(x$fpl$fdiv) for __aeabi_fdiv
    cs.o(i.Senor_Using) refers to cs.o(.data) for overcount
    cs.o(i.TIM4_IRQHandler) refers to stm32f10x_tim.o(i.TIM_GetITStatus) for TIM_GetITStatus
    cs.o(i.TIM4_IRQHandler) refers to stm32f10x_tim.o(i.TIM_ClearITPendingBit) for TIM_ClearITPendingBit
    cs.o(i.TIM4_IRQHandler) refers to cs.o(.data) for overcount
    motor.o(i.Car_AvoidLeft) refers to motor.o(i.MotorA_SetDirection) for MotorA_SetDirection
    motor.o(i.Car_AvoidLeft) refers to pwm.o(i.MotorA_SetSpeed) for MotorA_SetSpeed
    motor.o(i.Car_AvoidLeft) refers to motor.o(i.MotorB_SetDirection) for MotorB_SetDirection
    motor.o(i.Car_AvoidLeft) refers to pwm.o(i.MotorB_SetSpeed) for MotorB_SetSpeed
    motor.o(i.Car_AvoidRight) refers to motor.o(i.MotorA_SetDirection) for MotorA_SetDirection
    motor.o(i.Car_AvoidRight) refers to pwm.o(i.MotorA_SetSpeed) for MotorA_SetSpeed
    motor.o(i.Car_AvoidRight) refers to motor.o(i.MotorB_SetDirection) for MotorB_SetDirection
    motor.o(i.Car_AvoidRight) refers to pwm.o(i.MotorB_SetSpeed) for MotorB_SetSpeed
    motor.o(i.Car_Backward) refers to motor.o(i.MotorA_SetDirection) for MotorA_SetDirection
    motor.o(i.Car_Backward) refers to pwm.o(i.MotorA_SetSpeed) for MotorA_SetSpeed
    motor.o(i.Car_Backward) refers to motor.o(i.MotorB_SetDirection) for MotorB_SetDirection
    motor.o(i.Car_Backward) refers to pwm.o(i.MotorB_SetSpeed) for MotorB_SetSpeed
    motor.o(i.Car_Forward) refers to motor.o(i.MotorA_SetDirection) for MotorA_SetDirection
    motor.o(i.Car_Forward) refers to pwm.o(i.MotorA_SetSpeed) for MotorA_SetSpeed
    motor.o(i.Car_Forward) refers to motor.o(i.MotorB_SetDirection) for MotorB_SetDirection
    motor.o(i.Car_Forward) refers to pwm.o(i.MotorB_SetSpeed) for MotorB_SetSpeed
    motor.o(i.Car_SlightLeft) refers to motor.o(i.MotorA_SetDirection) for MotorA_SetDirection
    motor.o(i.Car_SlightLeft) refers to pwm.o(i.MotorA_SetSpeed) for MotorA_SetSpeed
    motor.o(i.Car_SlightLeft) refers to motor.o(i.MotorB_SetDirection) for MotorB_SetDirection
    motor.o(i.Car_SlightLeft) refers to pwm.o(i.MotorB_SetSpeed) for MotorB_SetSpeed
    motor.o(i.Car_SlightRight) refers to motor.o(i.MotorA_SetDirection) for MotorA_SetDirection
    motor.o(i.Car_SlightRight) refers to pwm.o(i.MotorA_SetSpeed) for MotorA_SetSpeed
    motor.o(i.Car_SlightRight) refers to motor.o(i.MotorB_SetDirection) for MotorB_SetDirection
    motor.o(i.Car_SlightRight) refers to pwm.o(i.MotorB_SetSpeed) for MotorB_SetSpeed
    motor.o(i.Car_Stop) refers to pwm.o(i.MotorA_SetSpeed) for MotorA_SetSpeed
    motor.o(i.Car_Stop) refers to pwm.o(i.MotorB_SetSpeed) for MotorB_SetSpeed
    motor.o(i.Car_TurnLeft) refers to motor.o(i.MotorA_SetDirection) for MotorA_SetDirection
    motor.o(i.Car_TurnLeft) refers to pwm.o(i.MotorA_SetSpeed) for MotorA_SetSpeed
    motor.o(i.Car_TurnLeft) refers to motor.o(i.MotorB_SetDirection) for MotorB_SetDirection
    motor.o(i.Car_TurnLeft) refers to pwm.o(i.MotorB_SetSpeed) for MotorB_SetSpeed
    motor.o(i.Car_TurnRight) refers to motor.o(i.MotorA_SetDirection) for MotorA_SetDirection
    motor.o(i.Car_TurnRight) refers to pwm.o(i.MotorA_SetSpeed) for MotorA_SetSpeed
    motor.o(i.Car_TurnRight) refers to motor.o(i.MotorB_SetDirection) for MotorB_SetDirection
    motor.o(i.Car_TurnRight) refers to pwm.o(i.MotorB_SetSpeed) for MotorB_SetSpeed
    motor.o(i.MotorA_SetDirection) refers to stm32f10x_gpio.o(i.GPIO_SetBits) for GPIO_SetBits
    motor.o(i.MotorA_SetDirection) refers to stm32f10x_gpio.o(i.GPIO_ResetBits) for GPIO_ResetBits
    motor.o(i.MotorB_SetDirection) refers to stm32f10x_gpio.o(i.GPIO_SetBits) for GPIO_SetBits
    motor.o(i.MotorB_SetDirection) refers to stm32f10x_gpio.o(i.GPIO_ResetBits) for GPIO_ResetBits
    motor.o(i.Motor_GPIO_Init) refers to stm32f10x_rcc.o(i.RCC_APB2PeriphClockCmd) for RCC_APB2PeriphClockCmd
    motor.o(i.Motor_GPIO_Init) refers to stm32f10x_gpio.o(i.GPIO_Init) for GPIO_Init
    motor.o(i.Set_Pwm) refers to stm32f10x_gpio.o(i.GPIO_ResetBits) for GPIO_ResetBits
    motor.o(i.Set_Pwm) refers to stm32f10x_gpio.o(i.GPIO_SetBits) for GPIO_SetBits
    motor.o(i.Set_Pwm) refers to stm32f10x_tim.o(i.TIM_SetCompare4) for TIM_SetCompare4
    motor.o(i.Set_Pwm) refers to stm32f10x_tim.o(i.TIM_SetCompare3) for TIM_SetCompare3
    motor.o(i.Set_Pwm) refers to main.o(.data) for PWMB
    motor.o(i.Set_Pwm) refers to motor.o(.data) for PWMB
    motor.o(i.Set_Pwm) refers to control.o(.data) for PWMB
    motor.o(i.Set_Pwm) refers to balance.o(.data) for PWMB
    pwm.o(i.MotorA_SetSpeed) refers to stm32f10x_tim.o(i.TIM_SetCompare3) for TIM_SetCompare3
    pwm.o(i.MotorB_SetSpeed) refers to stm32f10x_tim.o(i.TIM_SetCompare4) for TIM_SetCompare4
    pwm.o(i.PWM_Init) refers to stm32f10x_rcc.o(i.RCC_APB2PeriphClockCmd) for RCC_APB2PeriphClockCmd
    pwm.o(i.PWM_Init) refers to stm32f10x_rcc.o(i.RCC_APB1PeriphClockCmd) for RCC_APB1PeriphClockCmd
    pwm.o(i.PWM_Init) refers to stm32f10x_gpio.o(i.GPIO_Init) for GPIO_Init
    pwm.o(i.PWM_Init) refers to stm32f10x_tim.o(i.TIM_TimeBaseInit) for TIM_TimeBaseInit
    pwm.o(i.PWM_Init) refers to stm32f10x_tim.o(i.TIM_OC3Init) for TIM_OC3Init
    pwm.o(i.PWM_Init) refers to stm32f10x_tim.o(i.TIM_OC4Init) for TIM_OC4Init
    pwm.o(i.PWM_Init) refers to stm32f10x_tim.o(i.TIM_Cmd) for TIM_Cmd
    bluetooth.o(i.USART3_IRQHandler) refers to stm32f10x_usart.o(i.USART_GetITStatus) for USART_GetITStatus
    bluetooth.o(i.USART3_IRQHandler) refers to stm32f10x_usart.o(i.USART_ReceiveData) for USART_ReceiveData
    bluetooth.o(i.USART3_IRQHandler) refers to bluetooth.o(.data) for USART_RX_STA3
    bluetooth.o(i.USART3_IRQHandler) refers to bluetooth.o(.bss) for USART3_RX_BUF
    bluetooth.o(i.uart3_init) refers to stm32f10x_rcc.o(i.RCC_APB2PeriphClockCmd) for RCC_APB2PeriphClockCmd
    bluetooth.o(i.uart3_init) refers to stm32f10x_rcc.o(i.RCC_APB1PeriphClockCmd) for RCC_APB1PeriphClockCmd
    bluetooth.o(i.uart3_init) refers to stm32f10x_gpio.o(i.GPIO_Init) for GPIO_Init
    bluetooth.o(i.uart3_init) refers to misc.o(i.NVIC_Init) for NVIC_Init
    bluetooth.o(i.uart3_init) refers to stm32f10x_usart.o(i.USART_Init) for USART_Init
    bluetooth.o(i.uart3_init) refers to stm32f10x_usart.o(i.USART_ITConfig) for USART_ITConfig
    bluetooth.o(i.uart3_init) refers to stm32f10x_usart.o(i.USART_Cmd) for USART_Cmd
    control.o(i.process_bluetooth_cmd) refers to _printf_percent.o(.ARM.Collect$$_printf_percent$$00000000) for _printf_percent
    control.o(i.process_bluetooth_cmd) refers to _printf_s.o(.ARM.Collect$$_printf_percent$$00000014) for _printf_s
    control.o(i.process_bluetooth_cmd) refers to _printf_str.o(.text) for _printf_str
    control.o(i.process_bluetooth_cmd) refers to strcmpv7m.o(.text) for strcmp
    control.o(i.process_bluetooth_cmd) refers to motor.o(i.Car_Forward) for Car_Forward
    control.o(i.process_bluetooth_cmd) refers to noretval__2printf.o(.text) for __2printf
    control.o(i.process_bluetooth_cmd) refers to motor.o(i.Car_Backward) for Car_Backward
    control.o(i.process_bluetooth_cmd) refers to motor.o(i.Car_Stop) for Car_Stop
    control.o(i.process_bluetooth_cmd) refers to motor.o(i.Car_TurnLeft) for Car_TurnLeft
    control.o(i.process_bluetooth_cmd) refers to motor.o(i.Car_SlightLeft) for Car_SlightLeft
    control.o(i.process_bluetooth_cmd) refers to motor.o(i.Car_TurnRight) for Car_TurnRight
    control.o(i.process_bluetooth_cmd) refers to motor.o(i.Car_SlightRight) for Car_SlightRight
    control.o(i.process_bluetooth_cmd) refers to control.o(.data) for cmd
    balance.o(i.Balance_Control) refers to mpu6050.o(i.MPU6050_Pose) for MPU6050_Pose
    balance.o(i.Balance_Control) refers to dflt_clz.o(x$fpl$dflt) for __aeabi_i2d
    balance.o(i.Balance_Control) refers to atan2.o(i.atan2) for atan2
    balance.o(i.Balance_Control) refers to dmul.o(x$fpl$dmul) for __aeabi_dmul
    balance.o(i.Balance_Control) refers to ddiv.o(x$fpl$ddiv) for __aeabi_ddiv
    balance.o(i.Balance_Control) refers to d2f.o(x$fpl$d2f) for __aeabi_d2f
    balance.o(i.Balance_Control) refers to f2d.o(x$fpl$f2d) for __aeabi_f2d
    balance.o(i.Balance_Control) refers to daddsub_clz.o(x$fpl$dadd) for __aeabi_dadd
    balance.o(i.Balance_Control) refers to faddsub_clz.o(x$fpl$fsub) for __aeabi_fsub
    balance.o(i.Balance_Control) refers to frleqf.o(x$fpl$frleqf) for __aeabi_cfrcmple
    balance.o(i.Balance_Control) refers to motor.o(i.MotorA_SetDirection) for MotorA_SetDirection
    balance.o(i.Balance_Control) refers to motor.o(i.MotorB_SetDirection) for MotorB_SetDirection
    balance.o(i.Balance_Control) refers to dfix.o(x$fpl$dfix) for __aeabi_d2iz
    balance.o(i.Balance_Control) refers to pwm.o(i.MotorA_SetSpeed) for MotorA_SetSpeed
    balance.o(i.Balance_Control) refers to pwm.o(i.MotorB_SetSpeed) for MotorB_SetSpeed
    balance.o(i.Balance_Control) refers to mpu6050.o(.data) for accel
    balance.o(i.Balance_Control) refers to balance.o(.data) for angle
    inv_mpu.o(i.accel_self_test) refers to inv_mpu.o(i.get_accel_prod_shift) for get_accel_prod_shift
    inv_mpu.o(i.accel_self_test) refers to fflt_clz.o(x$fpl$fflt) for __aeabi_i2f
    inv_mpu.o(i.accel_self_test) refers to fdiv.o(x$fpl$fdiv) for __aeabi_fdiv
    inv_mpu.o(i.accel_self_test) refers to feqf.o(x$fpl$feqf) for __aeabi_cfcmpeq
    inv_mpu.o(i.accel_self_test) refers to faddsub_clz.o(x$fpl$fsub) for __aeabi_fsub
    inv_mpu.o(i.accel_self_test) refers to frleqf.o(x$fpl$frleqf) for __aeabi_cfrcmple
    inv_mpu.o(i.accel_self_test) refers to fleqf.o(x$fpl$fleqf) for __aeabi_cfcmple
    inv_mpu.o(i.accel_self_test) refers to inv_mpu.o(.constdata) for test
    inv_mpu.o(i.get_accel_prod_shift) refers to i2c.o(i.i2cread) for i2cread
    inv_mpu.o(i.get_accel_prod_shift) refers to fmul.o(x$fpl$fmul) for __aeabi_fmul
    inv_mpu.o(i.get_accel_prod_shift) refers to inv_mpu.o(.data) for st
    inv_mpu.o(i.get_st_biases) refers to i2c.o(i.i2cwrite) for i2cwrite
    inv_mpu.o(i.get_st_biases) refers to delay.o(i.delay_ms) for delay_ms
    inv_mpu.o(i.get_st_biases) refers to i2c.o(i.i2cread) for i2cread
    inv_mpu.o(i.get_st_biases) refers to llsdiv.o(.text) for __aeabi_ldivmod
    inv_mpu.o(i.get_st_biases) refers to inv_mpu.o(.data) for st
    inv_mpu.o(i.get_st_biases) refers to inv_mpu.o(.constdata) for test
    inv_mpu.o(i.gyro_self_test) refers to i2c.o(i.i2cread) for i2cread
    inv_mpu.o(i.gyro_self_test) refers to fflt_clz.o(x$fpl$fflt) for __aeabi_i2f
    inv_mpu.o(i.gyro_self_test) refers to fdiv.o(x$fpl$fdiv) for __aeabi_fdiv
    inv_mpu.o(i.gyro_self_test) refers to fflt_clz.o(x$fpl$ffltu) for __aeabi_ui2f
    inv_mpu.o(i.gyro_self_test) refers to fmul.o(x$fpl$fmul) for __aeabi_fmul
    inv_mpu.o(i.gyro_self_test) refers to faddsub_clz.o(x$fpl$fsub) for __aeabi_fsub
    inv_mpu.o(i.gyro_self_test) refers to frleqf.o(x$fpl$frleqf) for __aeabi_cfrcmple
    inv_mpu.o(i.gyro_self_test) refers to fleqf.o(x$fpl$fleqf) for __aeabi_cfcmple
    inv_mpu.o(i.gyro_self_test) refers to inv_mpu.o(.data) for st
    inv_mpu.o(i.gyro_self_test) refers to inv_mpu.o(.constdata) for test
    inv_mpu.o(i.mpu_configure_fifo) refers to inv_mpu.o(i.set_int_enable) for set_int_enable
    inv_mpu.o(i.mpu_configure_fifo) refers to inv_mpu.o(i.mpu_reset_fifo) for mpu_reset_fifo
    inv_mpu.o(i.mpu_configure_fifo) refers to inv_mpu.o(.data) for st
    inv_mpu.o(i.mpu_get_accel_fsr) refers to inv_mpu.o(.data) for st
    inv_mpu.o(i.mpu_get_accel_reg) refers to i2c.o(i.i2cread) for i2cread
    inv_mpu.o(i.mpu_get_accel_reg) refers to delay.o(i.get_ms) for get_ms
    inv_mpu.o(i.mpu_get_accel_reg) refers to inv_mpu.o(.data) for st
    inv_mpu.o(i.mpu_get_accel_sens) refers to inv_mpu.o(.data) for st
    inv_mpu.o(i.mpu_get_dmp_state) refers to inv_mpu.o(.data) for st
    inv_mpu.o(i.mpu_get_fifo_config) refers to inv_mpu.o(.data) for st
    inv_mpu.o(i.mpu_get_gyro_fsr) refers to inv_mpu.o(.data) for st
    inv_mpu.o(i.mpu_get_gyro_reg) refers to i2c.o(i.i2cread) for i2cread
    inv_mpu.o(i.mpu_get_gyro_reg) refers to delay.o(i.get_ms) for get_ms
    inv_mpu.o(i.mpu_get_gyro_reg) refers to inv_mpu.o(.data) for st
    inv_mpu.o(i.mpu_get_gyro_sens) refers to inv_mpu.o(.data) for st
    inv_mpu.o(i.mpu_get_int_status) refers to i2c.o(i.i2cread) for i2cread
    inv_mpu.o(i.mpu_get_int_status) refers to inv_mpu.o(.data) for st
    inv_mpu.o(i.mpu_get_lpf) refers to inv_mpu.o(.data) for st
    inv_mpu.o(i.mpu_get_power_state) refers to inv_mpu.o(.data) for st
    inv_mpu.o(i.mpu_get_sample_rate) refers to inv_mpu.o(.data) for st
    inv_mpu.o(i.mpu_get_temperature) refers to i2c.o(i.i2cread) for i2cread
    inv_mpu.o(i.mpu_get_temperature) refers to delay.o(i.get_ms) for get_ms
    inv_mpu.o(i.mpu_get_temperature) refers to fflt_clz.o(x$fpl$ffltu) for __aeabi_ui2f
    inv_mpu.o(i.mpu_get_temperature) refers to fflt_clz.o(x$fpl$fflt) for __aeabi_i2f
    inv_mpu.o(i.mpu_get_temperature) refers to faddsub_clz.o(x$fpl$fsub) for __aeabi_fsub
    inv_mpu.o(i.mpu_get_temperature) refers to fdiv.o(x$fpl$fdiv) for __aeabi_fdiv
    inv_mpu.o(i.mpu_get_temperature) refers to faddsub_clz.o(x$fpl$fadd) for __aeabi_fadd
    inv_mpu.o(i.mpu_get_temperature) refers to fmul.o(x$fpl$fmul) for __aeabi_fmul
    inv_mpu.o(i.mpu_get_temperature) refers to ffix.o(x$fpl$ffix) for __aeabi_f2iz
    inv_mpu.o(i.mpu_get_temperature) refers to inv_mpu.o(.data) for st
    inv_mpu.o(i.mpu_init) refers to i2c.o(i.i2cwrite) for i2cwrite
    inv_mpu.o(i.mpu_init) refers to delay.o(i.delay_ms) for delay_ms
    inv_mpu.o(i.mpu_init) refers to i2c.o(i.i2cread) for i2cread
    inv_mpu.o(i.mpu_init) refers to usart.o(i.PrintChar) for PrintChar
    inv_mpu.o(i.mpu_init) refers to inv_mpu.o(i.mpu_set_gyro_fsr) for mpu_set_gyro_fsr
    inv_mpu.o(i.mpu_init) refers to inv_mpu.o(i.mpu_set_accel_fsr) for mpu_set_accel_fsr
    inv_mpu.o(i.mpu_init) refers to inv_mpu.o(i.mpu_set_lpf) for mpu_set_lpf
    inv_mpu.o(i.mpu_init) refers to inv_mpu.o(i.mpu_set_sample_rate) for mpu_set_sample_rate
    inv_mpu.o(i.mpu_init) refers to inv_mpu.o(i.mpu_configure_fifo) for mpu_configure_fifo
    inv_mpu.o(i.mpu_init) refers to inv_mpu.o(i.mpu_set_bypass) for mpu_set_bypass
    inv_mpu.o(i.mpu_init) refers to inv_mpu.o(i.mpu_set_sensors) for mpu_set_sensors
    inv_mpu.o(i.mpu_init) refers to inv_mpu.o(.data) for st
    inv_mpu.o(i.mpu_init) refers to inv_mpu.o(.conststring) for .conststring
    inv_mpu.o(i.mpu_load_firmware) refers to inv_mpu.o(i.mpu_write_mem) for mpu_write_mem
    inv_mpu.o(i.mpu_load_firmware) refers to inv_mpu.o(i.mpu_read_mem) for mpu_read_mem
    inv_mpu.o(i.mpu_load_firmware) refers to memcmp.o(.text) for memcmp
    inv_mpu.o(i.mpu_load_firmware) refers to i2c.o(i.i2cwrite) for i2cwrite
    inv_mpu.o(i.mpu_load_firmware) refers to inv_mpu.o(.data) for st
    inv_mpu.o(i.mpu_lp_accel_mode) refers to inv_mpu.o(i.mpu_set_int_latched) for mpu_set_int_latched
    inv_mpu.o(i.mpu_lp_accel_mode) refers to i2c.o(i.i2cwrite) for i2cwrite
    inv_mpu.o(i.mpu_lp_accel_mode) refers to inv_mpu.o(i.mpu_set_lpf) for mpu_set_lpf
    inv_mpu.o(i.mpu_lp_accel_mode) refers to inv_mpu.o(i.mpu_configure_fifo) for mpu_configure_fifo
    inv_mpu.o(i.mpu_lp_accel_mode) refers to inv_mpu.o(.data) for st
    inv_mpu.o(i.mpu_lp_motion_interrupt) refers to inv_mpu.o(i.mpu_set_dmp_state) for mpu_set_dmp_state
    inv_mpu.o(i.mpu_lp_motion_interrupt) refers to inv_mpu.o(i.mpu_get_gyro_fsr) for mpu_get_gyro_fsr
    inv_mpu.o(i.mpu_lp_motion_interrupt) refers to inv_mpu.o(i.mpu_get_accel_fsr) for mpu_get_accel_fsr
    inv_mpu.o(i.mpu_lp_motion_interrupt) refers to inv_mpu.o(i.mpu_get_lpf) for mpu_get_lpf
    inv_mpu.o(i.mpu_lp_motion_interrupt) refers to inv_mpu.o(i.mpu_get_sample_rate) for mpu_get_sample_rate
    inv_mpu.o(i.mpu_lp_motion_interrupt) refers to inv_mpu.o(i.mpu_get_fifo_config) for mpu_get_fifo_config
    inv_mpu.o(i.mpu_lp_motion_interrupt) refers to inv_mpu.o(i.set_int_enable) for set_int_enable
    inv_mpu.o(i.mpu_lp_motion_interrupt) refers to inv_mpu.o(i.mpu_lp_accel_mode) for mpu_lp_accel_mode
    inv_mpu.o(i.mpu_lp_motion_interrupt) refers to i2c.o(i.i2cwrite) for i2cwrite
    inv_mpu.o(i.mpu_lp_motion_interrupt) refers to delay.o(i.delay_ms) for delay_ms
    inv_mpu.o(i.mpu_lp_motion_interrupt) refers to inv_mpu.o(i.mpu_set_sensors) for mpu_set_sensors
    inv_mpu.o(i.mpu_lp_motion_interrupt) refers to inv_mpu.o(i.mpu_set_gyro_fsr) for mpu_set_gyro_fsr
    inv_mpu.o(i.mpu_lp_motion_interrupt) refers to inv_mpu.o(i.mpu_set_accel_fsr) for mpu_set_accel_fsr
    inv_mpu.o(i.mpu_lp_motion_interrupt) refers to inv_mpu.o(i.mpu_set_lpf) for mpu_set_lpf
    inv_mpu.o(i.mpu_lp_motion_interrupt) refers to inv_mpu.o(i.mpu_set_sample_rate) for mpu_set_sample_rate
    inv_mpu.o(i.mpu_lp_motion_interrupt) refers to inv_mpu.o(i.mpu_configure_fifo) for mpu_configure_fifo
    inv_mpu.o(i.mpu_lp_motion_interrupt) refers to inv_mpu.o(.data) for st
    inv_mpu.o(i.mpu_read_fifo) refers to i2c.o(i.i2cread) for i2cread
    inv_mpu.o(i.mpu_read_fifo) refers to inv_mpu.o(i.mpu_reset_fifo) for mpu_reset_fifo
    inv_mpu.o(i.mpu_read_fifo) refers to delay.o(i.get_ms) for get_ms
    inv_mpu.o(i.mpu_read_fifo) refers to inv_mpu.o(.data) for st
    inv_mpu.o(i.mpu_read_fifo_stream) refers to i2c.o(i.i2cread) for i2cread
    inv_mpu.o(i.mpu_read_fifo_stream) refers to inv_mpu.o(i.mpu_reset_fifo) for mpu_reset_fifo
    inv_mpu.o(i.mpu_read_fifo_stream) refers to inv_mpu.o(.data) for st
    inv_mpu.o(i.mpu_read_mem) refers to i2c.o(i.i2cwrite) for i2cwrite
    inv_mpu.o(i.mpu_read_mem) refers to i2c.o(i.i2cread) for i2cread
    inv_mpu.o(i.mpu_read_mem) refers to inv_mpu.o(.data) for st
    inv_mpu.o(i.mpu_read_reg) refers to i2c.o(i.i2cread) for i2cread
    inv_mpu.o(i.mpu_read_reg) refers to inv_mpu.o(.data) for st
    inv_mpu.o(i.mpu_reg_dump) refers to i2c.o(i.i2cread) for i2cread
    inv_mpu.o(i.mpu_reg_dump) refers to inv_mpu.o(.data) for st
    inv_mpu.o(i.mpu_reset_fifo) refers to i2c.o(i.i2cwrite) for i2cwrite
    inv_mpu.o(i.mpu_reset_fifo) refers to delay.o(i.delay_ms) for delay_ms
    inv_mpu.o(i.mpu_reset_fifo) refers to inv_mpu.o(.data) for st
    inv_mpu.o(i.mpu_run_self_test) refers to inv_mpu.o(i.mpu_set_dmp_state) for mpu_set_dmp_state
    inv_mpu.o(i.mpu_run_self_test) refers to inv_mpu.o(i.mpu_get_gyro_fsr) for mpu_get_gyro_fsr
    inv_mpu.o(i.mpu_run_self_test) refers to inv_mpu.o(i.mpu_get_accel_fsr) for mpu_get_accel_fsr
    inv_mpu.o(i.mpu_run_self_test) refers to inv_mpu.o(i.mpu_get_lpf) for mpu_get_lpf
    inv_mpu.o(i.mpu_run_self_test) refers to inv_mpu.o(i.mpu_get_sample_rate) for mpu_get_sample_rate
    inv_mpu.o(i.mpu_run_self_test) refers to inv_mpu.o(i.mpu_get_fifo_config) for mpu_get_fifo_config
    inv_mpu.o(i.mpu_run_self_test) refers to inv_mpu.o(i.get_st_biases) for get_st_biases
    inv_mpu.o(i.mpu_run_self_test) refers to inv_mpu.o(i.accel_self_test) for accel_self_test
    inv_mpu.o(i.mpu_run_self_test) refers to inv_mpu.o(i.gyro_self_test) for gyro_self_test
    inv_mpu.o(i.mpu_run_self_test) refers to inv_mpu.o(i.mpu_set_gyro_fsr) for mpu_set_gyro_fsr
    inv_mpu.o(i.mpu_run_self_test) refers to inv_mpu.o(i.mpu_set_accel_fsr) for mpu_set_accel_fsr
    inv_mpu.o(i.mpu_run_self_test) refers to inv_mpu.o(i.mpu_set_lpf) for mpu_set_lpf
    inv_mpu.o(i.mpu_run_self_test) refers to inv_mpu.o(i.mpu_set_sample_rate) for mpu_set_sample_rate
    inv_mpu.o(i.mpu_run_self_test) refers to inv_mpu.o(i.mpu_set_sensors) for mpu_set_sensors
    inv_mpu.o(i.mpu_run_self_test) refers to inv_mpu.o(i.mpu_configure_fifo) for mpu_configure_fifo
    inv_mpu.o(i.mpu_run_self_test) refers to inv_mpu.o(.data) for st
    inv_mpu.o(i.mpu_set_accel_bias) refers to i2c.o(i.i2cread) for i2cread
    inv_mpu.o(i.mpu_set_accel_bias) refers to i2c.o(i.i2cwrite) for i2cwrite
    inv_mpu.o(i.mpu_set_accel_bias) refers to inv_mpu.o(.data) for st
    inv_mpu.o(i.mpu_set_accel_fsr) refers to i2c.o(i.i2cwrite) for i2cwrite
    inv_mpu.o(i.mpu_set_accel_fsr) refers to inv_mpu.o(.data) for st
    inv_mpu.o(i.mpu_set_bypass) refers to i2c.o(i.i2cread) for i2cread
    inv_mpu.o(i.mpu_set_bypass) refers to i2c.o(i.i2cwrite) for i2cwrite
    inv_mpu.o(i.mpu_set_bypass) refers to delay.o(i.delay_ms) for delay_ms
    inv_mpu.o(i.mpu_set_bypass) refers to inv_mpu.o(.data) for st
    inv_mpu.o(i.mpu_set_dmp_state) refers to inv_mpu.o(i.set_int_enable) for set_int_enable
    inv_mpu.o(i.mpu_set_dmp_state) refers to inv_mpu.o(i.mpu_set_bypass) for mpu_set_bypass
    inv_mpu.o(i.mpu_set_dmp_state) refers to inv_mpu.o(i.mpu_set_sample_rate) for mpu_set_sample_rate
    inv_mpu.o(i.mpu_set_dmp_state) refers to i2c.o(i.i2cwrite) for i2cwrite
    inv_mpu.o(i.mpu_set_dmp_state) refers to inv_mpu.o(i.mpu_reset_fifo) for mpu_reset_fifo
    inv_mpu.o(i.mpu_set_dmp_state) refers to inv_mpu.o(.data) for st
    inv_mpu.o(i.mpu_set_gyro_fsr) refers to i2c.o(i.i2cwrite) for i2cwrite
    inv_mpu.o(i.mpu_set_gyro_fsr) refers to inv_mpu.o(.data) for st
    inv_mpu.o(i.mpu_set_int_latched) refers to i2c.o(i.i2cwrite) for i2cwrite
    inv_mpu.o(i.mpu_set_int_latched) refers to inv_mpu.o(.data) for st
    inv_mpu.o(i.mpu_set_int_level) refers to inv_mpu.o(.data) for st
    inv_mpu.o(i.mpu_set_lpf) refers to i2c.o(i.i2cwrite) for i2cwrite
    inv_mpu.o(i.mpu_set_lpf) refers to inv_mpu.o(.data) for st
    inv_mpu.o(i.mpu_set_sample_rate) refers to inv_mpu.o(i.mpu_lp_accel_mode) for mpu_lp_accel_mode
    inv_mpu.o(i.mpu_set_sample_rate) refers to i2c.o(i.i2cwrite) for i2cwrite
    inv_mpu.o(i.mpu_set_sample_rate) refers to inv_mpu.o(i.mpu_set_lpf) for mpu_set_lpf
    inv_mpu.o(i.mpu_set_sample_rate) refers to inv_mpu.o(.data) for st
    inv_mpu.o(i.mpu_set_sensors) refers to i2c.o(i.i2cwrite) for i2cwrite
    inv_mpu.o(i.mpu_set_sensors) refers to inv_mpu.o(i.mpu_set_int_latched) for mpu_set_int_latched
    inv_mpu.o(i.mpu_set_sensors) refers to delay.o(i.delay_ms) for delay_ms
    inv_mpu.o(i.mpu_set_sensors) refers to inv_mpu.o(.data) for st
    inv_mpu.o(i.mpu_write_mem) refers to i2c.o(i.i2cwrite) for i2cwrite
    inv_mpu.o(i.mpu_write_mem) refers to inv_mpu.o(.data) for st
    inv_mpu.o(i.set_int_enable) refers to i2c.o(i.i2cwrite) for i2cwrite
    inv_mpu.o(i.set_int_enable) refers to inv_mpu.o(.data) for st
    inv_mpu.o(.data) refers to inv_mpu.o(.constdata) for reg
    inv_mpu_dmp_motion_driver.o(i.decode_gesture) refers to inv_mpu_dmp_motion_driver.o(.bss) for dmp
    inv_mpu_dmp_motion_driver.o(i.dmp_enable_6x_lp_quat) refers to aeabi_memset.o(.text) for __aeabi_memset
    inv_mpu_dmp_motion_driver.o(i.dmp_enable_6x_lp_quat) refers to inv_mpu.o(i.mpu_write_mem) for mpu_write_mem
    inv_mpu_dmp_motion_driver.o(i.dmp_enable_6x_lp_quat) refers to inv_mpu.o(i.mpu_reset_fifo) for mpu_reset_fifo
    inv_mpu_dmp_motion_driver.o(i.dmp_enable_feature) refers to inv_mpu.o(i.mpu_write_mem) for mpu_write_mem
    inv_mpu_dmp_motion_driver.o(i.dmp_enable_feature) refers to inv_mpu_dmp_motion_driver.o(i.dmp_enable_gyro_cal) for dmp_enable_gyro_cal
    inv_mpu_dmp_motion_driver.o(i.dmp_enable_feature) refers to inv_mpu_dmp_motion_driver.o(i.dmp_set_tap_thresh) for dmp_set_tap_thresh
    inv_mpu_dmp_motion_driver.o(i.dmp_enable_feature) refers to inv_mpu_dmp_motion_driver.o(i.dmp_set_tap_axes) for dmp_set_tap_axes
    inv_mpu_dmp_motion_driver.o(i.dmp_enable_feature) refers to inv_mpu_dmp_motion_driver.o(i.dmp_set_tap_count) for dmp_set_tap_count
    inv_mpu_dmp_motion_driver.o(i.dmp_enable_feature) refers to inv_mpu_dmp_motion_driver.o(i.dmp_set_tap_time) for dmp_set_tap_time
    inv_mpu_dmp_motion_driver.o(i.dmp_enable_feature) refers to inv_mpu_dmp_motion_driver.o(i.dmp_set_tap_time_multi) for dmp_set_tap_time_multi
    inv_mpu_dmp_motion_driver.o(i.dmp_enable_feature) refers to inv_mpu_dmp_motion_driver.o(i.dmp_set_shake_reject_thresh) for dmp_set_shake_reject_thresh
    inv_mpu_dmp_motion_driver.o(i.dmp_enable_feature) refers to inv_mpu_dmp_motion_driver.o(i.dmp_set_shake_reject_time) for dmp_set_shake_reject_time
    inv_mpu_dmp_motion_driver.o(i.dmp_enable_feature) refers to inv_mpu_dmp_motion_driver.o(i.dmp_set_shake_reject_timeout) for dmp_set_shake_reject_timeout
    inv_mpu_dmp_motion_driver.o(i.dmp_enable_feature) refers to inv_mpu_dmp_motion_driver.o(i.dmp_enable_lp_quat) for dmp_enable_lp_quat
    inv_mpu_dmp_motion_driver.o(i.dmp_enable_feature) refers to inv_mpu_dmp_motion_driver.o(i.dmp_enable_6x_lp_quat) for dmp_enable_6x_lp_quat
    inv_mpu_dmp_motion_driver.o(i.dmp_enable_feature) refers to inv_mpu.o(i.mpu_reset_fifo) for mpu_reset_fifo
    inv_mpu_dmp_motion_driver.o(i.dmp_enable_feature) refers to inv_mpu_dmp_motion_driver.o(.bss) for dmp
    inv_mpu_dmp_motion_driver.o(i.dmp_enable_gyro_cal) refers to inv_mpu.o(i.mpu_write_mem) for mpu_write_mem
    inv_mpu_dmp_motion_driver.o(i.dmp_enable_lp_quat) refers to aeabi_memset.o(.text) for __aeabi_memset
    inv_mpu_dmp_motion_driver.o(i.dmp_enable_lp_quat) refers to inv_mpu.o(i.mpu_write_mem) for mpu_write_mem
    inv_mpu_dmp_motion_driver.o(i.dmp_enable_lp_quat) refers to inv_mpu.o(i.mpu_reset_fifo) for mpu_reset_fifo
    inv_mpu_dmp_motion_driver.o(i.dmp_get_enabled_features) refers to inv_mpu_dmp_motion_driver.o(.bss) for dmp
    inv_mpu_dmp_motion_driver.o(i.dmp_get_fifo_rate) refers to inv_mpu_dmp_motion_driver.o(.bss) for dmp
    inv_mpu_dmp_motion_driver.o(i.dmp_get_pedometer_step_count) refers to inv_mpu.o(i.mpu_read_mem) for mpu_read_mem
    inv_mpu_dmp_motion_driver.o(i.dmp_get_pedometer_walk_time) refers to inv_mpu.o(i.mpu_read_mem) for mpu_read_mem
    inv_mpu_dmp_motion_driver.o(i.dmp_load_motion_driver_firmware) refers to inv_mpu.o(i.mpu_load_firmware) for mpu_load_firmware
    inv_mpu_dmp_motion_driver.o(i.dmp_load_motion_driver_firmware) refers to inv_mpu_dmp_motion_driver.o(.constdata) for dmp_memory
    inv_mpu_dmp_motion_driver.o(i.dmp_read_fifo) refers to inv_mpu.o(i.mpu_read_fifo_stream) for mpu_read_fifo_stream
    inv_mpu_dmp_motion_driver.o(i.dmp_read_fifo) refers to inv_mpu.o(i.mpu_reset_fifo) for mpu_reset_fifo
    inv_mpu_dmp_motion_driver.o(i.dmp_read_fifo) refers to inv_mpu_dmp_motion_driver.o(i.decode_gesture) for decode_gesture
    inv_mpu_dmp_motion_driver.o(i.dmp_read_fifo) refers to delay.o(i.get_ms) for get_ms
    inv_mpu_dmp_motion_driver.o(i.dmp_read_fifo) refers to inv_mpu_dmp_motion_driver.o(.bss) for dmp
    inv_mpu_dmp_motion_driver.o(i.dmp_register_android_orient_cb) refers to inv_mpu_dmp_motion_driver.o(.bss) for dmp
    inv_mpu_dmp_motion_driver.o(i.dmp_register_tap_cb) refers to inv_mpu_dmp_motion_driver.o(.bss) for dmp
    inv_mpu_dmp_motion_driver.o(i.dmp_set_accel_bias) refers to inv_mpu.o(i.mpu_get_accel_sens) for mpu_get_accel_sens
    inv_mpu_dmp_motion_driver.o(i.dmp_set_accel_bias) refers to inv_mpu.o(i.mpu_write_mem) for mpu_write_mem
    inv_mpu_dmp_motion_driver.o(i.dmp_set_accel_bias) refers to inv_mpu_dmp_motion_driver.o(.bss) for dmp
    inv_mpu_dmp_motion_driver.o(i.dmp_set_fifo_rate) refers to inv_mpu.o(i.mpu_write_mem) for mpu_write_mem
    inv_mpu_dmp_motion_driver.o(i.dmp_set_fifo_rate) refers to inv_mpu_dmp_motion_driver.o(.bss) for dmp
    inv_mpu_dmp_motion_driver.o(i.dmp_set_gyro_bias) refers to inv_mpu.o(i.mpu_write_mem) for mpu_write_mem
    inv_mpu_dmp_motion_driver.o(i.dmp_set_gyro_bias) refers to inv_mpu_dmp_motion_driver.o(.bss) for dmp
    inv_mpu_dmp_motion_driver.o(i.dmp_set_interrupt_mode) refers to inv_mpu.o(i.mpu_write_mem) for mpu_write_mem
    inv_mpu_dmp_motion_driver.o(i.dmp_set_orientation) refers to inv_mpu.o(i.mpu_write_mem) for mpu_write_mem
    inv_mpu_dmp_motion_driver.o(i.dmp_set_orientation) refers to inv_mpu_dmp_motion_driver.o(.bss) for dmp
    inv_mpu_dmp_motion_driver.o(i.dmp_set_pedometer_step_count) refers to inv_mpu.o(i.mpu_write_mem) for mpu_write_mem
    inv_mpu_dmp_motion_driver.o(i.dmp_set_pedometer_walk_time) refers to inv_mpu.o(i.mpu_write_mem) for mpu_write_mem
    inv_mpu_dmp_motion_driver.o(i.dmp_set_shake_reject_thresh) refers to inv_mpu.o(i.mpu_write_mem) for mpu_write_mem
    inv_mpu_dmp_motion_driver.o(i.dmp_set_shake_reject_time) refers to inv_mpu.o(i.mpu_write_mem) for mpu_write_mem
    inv_mpu_dmp_motion_driver.o(i.dmp_set_shake_reject_timeout) refers to inv_mpu.o(i.mpu_write_mem) for mpu_write_mem
    inv_mpu_dmp_motion_driver.o(i.dmp_set_tap_axes) refers to inv_mpu.o(i.mpu_write_mem) for mpu_write_mem
    inv_mpu_dmp_motion_driver.o(i.dmp_set_tap_count) refers to inv_mpu.o(i.mpu_write_mem) for mpu_write_mem
    inv_mpu_dmp_motion_driver.o(i.dmp_set_tap_thresh) refers to fflt_clz.o(x$fpl$ffltu) for __aeabi_ui2f
    inv_mpu_dmp_motion_driver.o(i.dmp_set_tap_thresh) refers to fdiv.o(x$fpl$fdiv) for __aeabi_fdiv
    inv_mpu_dmp_motion_driver.o(i.dmp_set_tap_thresh) refers to inv_mpu.o(i.mpu_get_accel_fsr) for mpu_get_accel_fsr
    inv_mpu_dmp_motion_driver.o(i.dmp_set_tap_thresh) refers to fmul.o(x$fpl$fmul) for __aeabi_fmul
    inv_mpu_dmp_motion_driver.o(i.dmp_set_tap_thresh) refers to ffixu.o(x$fpl$ffixu) for __aeabi_f2uiz
    inv_mpu_dmp_motion_driver.o(i.dmp_set_tap_thresh) refers to inv_mpu.o(i.mpu_write_mem) for mpu_write_mem
    inv_mpu_dmp_motion_driver.o(i.dmp_set_tap_time) refers to inv_mpu.o(i.mpu_write_mem) for mpu_write_mem
    inv_mpu_dmp_motion_driver.o(i.dmp_set_tap_time_multi) refers to inv_mpu.o(i.mpu_write_mem) for mpu_write_mem
    inv_mpu_dmp_motion_driver.o(i.inv_orientation_matrix_to_scalar) refers to inv_mpu_dmp_motion_driver.o(i.inv_row_2_scale) for inv_row_2_scale
    inv_mpu_dmp_motion_driver.o(i.run_self_test) refers to inv_mpu.o(i.mpu_run_self_test) for mpu_run_self_test
    inv_mpu_dmp_motion_driver.o(i.run_self_test) refers to inv_mpu.o(i.mpu_get_gyro_sens) for mpu_get_gyro_sens
    inv_mpu_dmp_motion_driver.o(i.run_self_test) refers to fflt_clz.o(x$fpl$fflt) for __aeabi_i2f
    inv_mpu_dmp_motion_driver.o(i.run_self_test) refers to fmul.o(x$fpl$fmul) for __aeabi_fmul
    inv_mpu_dmp_motion_driver.o(i.run_self_test) refers to ffix.o(x$fpl$ffix) for __aeabi_f2iz
    inv_mpu_dmp_motion_driver.o(i.run_self_test) refers to inv_mpu_dmp_motion_driver.o(i.dmp_set_gyro_bias) for dmp_set_gyro_bias
    inv_mpu_dmp_motion_driver.o(i.run_self_test) refers to inv_mpu.o(i.mpu_get_accel_sens) for mpu_get_accel_sens
    inv_mpu_dmp_motion_driver.o(i.run_self_test) refers to inv_mpu_dmp_motion_driver.o(i.dmp_set_accel_bias) for dmp_set_accel_bias
    inv_mpu_dmp_motion_driver.o(i.run_self_test) refers to usart.o(i.PrintChar) for PrintChar
    mpu6050.o(i.MPU6050_Init) refers to inv_mpu.o(i.mpu_init) for mpu_init
    mpu6050.o(i.MPU6050_Init) refers to noretval__2printf.o(.text) for __2printf
    mpu6050.o(i.MPU6050_Init) refers to inv_mpu.o(i.mpu_set_sensors) for mpu_set_sensors
    mpu6050.o(i.MPU6050_Init) refers to inv_mpu.o(i.mpu_configure_fifo) for mpu_configure_fifo
    mpu6050.o(i.MPU6050_Init) refers to inv_mpu.o(i.mpu_set_sample_rate) for mpu_set_sample_rate
    mpu6050.o(i.MPU6050_Init) refers to inv_mpu_dmp_motion_driver.o(i.dmp_load_motion_driver_firmware) for dmp_load_motion_driver_firmware
    mpu6050.o(i.MPU6050_Init) refers to inv_mpu_dmp_motion_driver.o(i.inv_orientation_matrix_to_scalar) for inv_orientation_matrix_to_scalar
    mpu6050.o(i.MPU6050_Init) refers to inv_mpu_dmp_motion_driver.o(i.dmp_set_orientation) for dmp_set_orientation
    mpu6050.o(i.MPU6050_Init) refers to inv_mpu_dmp_motion_driver.o(i.dmp_enable_feature) for dmp_enable_feature
    mpu6050.o(i.MPU6050_Init) refers to inv_mpu_dmp_motion_driver.o(i.dmp_set_fifo_rate) for dmp_set_fifo_rate
    mpu6050.o(i.MPU6050_Init) refers to inv_mpu_dmp_motion_driver.o(i.run_self_test) for run_self_test
    mpu6050.o(i.MPU6050_Init) refers to inv_mpu.o(i.mpu_set_dmp_state) for mpu_set_dmp_state
    mpu6050.o(i.MPU6050_Init) refers to stm32f10x_gpio.o(i.GPIO_ResetBits) for GPIO_ResetBits
    mpu6050.o(i.MPU6050_Init) refers to mpu6050.o(.data) for gyro_orientation
    mpu6050.o(i.MPU6050_Pose) refers to inv_mpu_dmp_motion_driver.o(i.dmp_read_fifo) for dmp_read_fifo
    mpu6050.o(i.MPU6050_Pose) refers to fflt_clz.o(x$fpl$fflt) for __aeabi_i2f
    mpu6050.o(i.MPU6050_Pose) refers to fdiv.o(x$fpl$fdiv) for __aeabi_fdiv
    mpu6050.o(i.MPU6050_Pose) refers to fmul.o(x$fpl$fmul) for __aeabi_fmul
    mpu6050.o(i.MPU6050_Pose) refers to faddsub_clz.o(x$fpl$fadd) for __aeabi_fadd
    mpu6050.o(i.MPU6050_Pose) refers to f2d.o(x$fpl$f2d) for __aeabi_f2d
    mpu6050.o(i.MPU6050_Pose) refers to asin.o(i.asin) for asin
    mpu6050.o(i.MPU6050_Pose) refers to dmul.o(x$fpl$dmul) for __aeabi_dmul
    mpu6050.o(i.MPU6050_Pose) refers to d2f.o(x$fpl$d2f) for __aeabi_d2f
    mpu6050.o(i.MPU6050_Pose) refers to faddsub_clz.o(x$fpl$fsub) for __aeabi_fsub
    mpu6050.o(i.MPU6050_Pose) refers to atan2.o(i.atan2) for atan2
    mpu6050.o(i.MPU6050_Pose) refers to mpu6050.o(.data) for more
    mpu6050.o(i.MPU6050_Pose) refers to mpu6050.o(.bss) for quat
    i2c.o(i.I2C_Ack) refers to i2c.o(i.I2C_delay) for I2C_delay
    i2c.o(i.I2C_NoAck) refers to i2c.o(i.I2C_delay) for I2C_delay
    i2c.o(i.I2C_ReceiveByte) refers to i2c.o(i.I2C_delay) for I2C_delay
    i2c.o(i.I2C_SendByte) refers to i2c.o(i.I2C_delay) for I2C_delay
    i2c.o(i.I2C_Start) refers to i2c.o(i.I2C_delay) for I2C_delay
    i2c.o(i.I2C_Stop) refers to i2c.o(i.I2C_delay) for I2C_delay
    i2c.o(i.I2C_WaitAck) refers to i2c.o(i.I2C_delay) for I2C_delay
    i2c.o(i.i2cInit) refers to stm32f10x_rcc.o(i.RCC_APB2PeriphClockCmd) for RCC_APB2PeriphClockCmd
    i2c.o(i.i2cInit) refers to stm32f10x_gpio.o(i.GPIO_Init) for GPIO_Init
    i2c.o(i.i2cRead) refers to i2c.o(i.I2C_Start) for I2C_Start
    i2c.o(i.i2cRead) refers to i2c.o(i.I2C_SendByte) for I2C_SendByte
    i2c.o(i.i2cRead) refers to i2c.o(i.I2C_WaitAck) for I2C_WaitAck
    i2c.o(i.i2cRead) refers to i2c.o(i.I2C_Stop) for I2C_Stop
    i2c.o(i.i2cRead) refers to i2c.o(i.I2C_ReceiveByte) for I2C_ReceiveByte
    i2c.o(i.i2cRead) refers to i2c.o(i.I2C_NoAck) for I2C_NoAck
    i2c.o(i.i2cRead) refers to i2c.o(i.I2C_Ack) for I2C_Ack
    i2c.o(i.i2cWrite) refers to i2c.o(i.I2C_Start) for I2C_Start
    i2c.o(i.i2cWrite) refers to i2c.o(i.I2C_SendByte) for I2C_SendByte
    i2c.o(i.i2cWrite) refers to i2c.o(i.I2C_WaitAck) for I2C_WaitAck
    i2c.o(i.i2cWrite) refers to i2c.o(i.I2C_Stop) for I2C_Stop
    i2c.o(i.i2cWriteBuffer) refers to i2c.o(i.I2C_Start) for I2C_Start
    i2c.o(i.i2cWriteBuffer) refers to i2c.o(i.I2C_SendByte) for I2C_SendByte
    i2c.o(i.i2cWriteBuffer) refers to i2c.o(i.I2C_WaitAck) for I2C_WaitAck
    i2c.o(i.i2cWriteBuffer) refers to i2c.o(i.I2C_Stop) for I2C_Stop
    i2c.o(i.i2cread) refers to i2c.o(i.i2cRead) for i2cRead
    i2c.o(i.i2cwrite) refers to i2c.o(i.i2cWriteBuffer) for i2cWriteBuffer
    i2c_mpu6050.o(i.GetData) refers to i2c_mpu6050.o(i.I2C_ByteRead) for I2C_ByteRead
    i2c_mpu6050.o(i.I2C_ByteRead) refers to stm32f10x_i2c.o(i.I2C_GetFlagStatus) for I2C_GetFlagStatus
    i2c_mpu6050.o(i.I2C_ByteRead) refers to stm32f10x_i2c.o(i.I2C_GenerateSTART) for I2C_GenerateSTART
    i2c_mpu6050.o(i.I2C_ByteRead) refers to stm32f10x_i2c.o(i.I2C_CheckEvent) for I2C_CheckEvent
    i2c_mpu6050.o(i.I2C_ByteRead) refers to stm32f10x_i2c.o(i.I2C_Send7bitAddress) for I2C_Send7bitAddress
    i2c_mpu6050.o(i.I2C_ByteRead) refers to stm32f10x_i2c.o(i.I2C_Cmd) for I2C_Cmd
    i2c_mpu6050.o(i.I2C_ByteRead) refers to stm32f10x_i2c.o(i.I2C_SendData) for I2C_SendData
    i2c_mpu6050.o(i.I2C_ByteRead) refers to stm32f10x_i2c.o(i.I2C_AcknowledgeConfig) for I2C_AcknowledgeConfig
    i2c_mpu6050.o(i.I2C_ByteRead) refers to stm32f10x_i2c.o(i.I2C_GenerateSTOP) for I2C_GenerateSTOP
    i2c_mpu6050.o(i.I2C_ByteRead) refers to stm32f10x_i2c.o(i.I2C_ReceiveData) for I2C_ReceiveData
    i2c_mpu6050.o(i.I2C_ByteWrite) refers to stm32f10x_i2c.o(i.I2C_GenerateSTART) for I2C_GenerateSTART
    i2c_mpu6050.o(i.I2C_ByteWrite) refers to stm32f10x_i2c.o(i.I2C_CheckEvent) for I2C_CheckEvent
    i2c_mpu6050.o(i.I2C_ByteWrite) refers to stm32f10x_i2c.o(i.I2C_Send7bitAddress) for I2C_Send7bitAddress
    i2c_mpu6050.o(i.I2C_ByteWrite) refers to stm32f10x_i2c.o(i.I2C_SendData) for I2C_SendData
    i2c_mpu6050.o(i.I2C_ByteWrite) refers to stm32f10x_i2c.o(i.I2C_GenerateSTOP) for I2C_GenerateSTOP
    i2c_mpu6050.o(i.I2C_GPIO_Config) refers to stm32f10x_rcc.o(i.RCC_APB2PeriphClockCmd) for RCC_APB2PeriphClockCmd
    i2c_mpu6050.o(i.I2C_GPIO_Config) refers to stm32f10x_rcc.o(i.RCC_APB1PeriphClockCmd) for RCC_APB1PeriphClockCmd
    i2c_mpu6050.o(i.I2C_GPIO_Config) refers to stm32f10x_gpio.o(i.GPIO_PinRemapConfig) for GPIO_PinRemapConfig
    i2c_mpu6050.o(i.I2C_GPIO_Config) refers to stm32f10x_gpio.o(i.GPIO_Init) for GPIO_Init
    i2c_mpu6050.o(i.I2C_MPU6050_Init) refers to i2c_mpu6050.o(i.I2C_GPIO_Config) for I2C_GPIO_Config
    i2c_mpu6050.o(i.I2C_MPU6050_Init) refers to i2c_mpu6050.o(i.I2C_Mode_Config) for I2C_Mode_Config
    i2c_mpu6050.o(i.I2C_Mode_Config) refers to stm32f10x_i2c.o(i.I2C_Init) for I2C_Init
    i2c_mpu6050.o(i.I2C_Mode_Config) refers to stm32f10x_i2c.o(i.I2C_Cmd) for I2C_Cmd
    i2c_mpu6050.o(i.I2C_Mode_Config) refers to stm32f10x_i2c.o(i.I2C_AcknowledgeConfig) for I2C_AcknowledgeConfig
    i2c_mpu6050.o(i.InitMPU6050) refers to i2c_mpu6050.o(i.I2C_ByteWrite) for I2C_ByteWrite
    i2c_mpu6050.o(i.InitMPU6050) refers to delay.o(i.delay_ms) for delay_ms
    use_no_semi_2.o(.text) refers (Special) to use_no_semi.o(.text) for __use_no_semihosting_swi
    llsdiv.o(.text) refers to lludivv7m.o(.text) for __aeabi_uldivmod
    __2printf.o(.text) refers to _printf_char_file.o(.text) for _printf_char_file
    __2printf.o(.text) refers to usart.o(.data) for __stdout
    noretval__2printf.o(.text) refers to _printf_char_file.o(.text) for _printf_char_file
    noretval__2printf.o(.text) refers to usart.o(.data) for __stdout
    __printf.o(.text) refers to _printf_percent.o(.ARM.Collect$$_printf_percent$$00000000) for _printf_percent
    _printf_str.o(.text) refers (Special) to _printf_char.o(.text) for _printf_cs_common
    __printf_flags.o(.text) refers to _printf_percent.o(.ARM.Collect$$_printf_percent$$00000000) for _printf_percent
    __printf_flags.o(.text) refers to __printf_flags.o(.constdata) for .constdata
    __printf_ss.o(.text) refers to _printf_percent.o(.ARM.Collect$$_printf_percent$$00000000) for _printf_percent
    __printf_flags_ss.o(.text) refers to _printf_percent.o(.ARM.Collect$$_printf_percent$$00000000) for _printf_percent
    __printf_flags_ss.o(.text) refers to __printf_flags_ss.o(.constdata) for .constdata
    __printf_wp.o(.text) refers to __printf_wp.o(i._is_digit) for _is_digit
    __printf_wp.o(.text) refers to _printf_percent.o(.ARM.Collect$$_printf_percent$$00000000) for _printf_percent
    __printf_flags_wp.o(.text) refers to __printf_wp.o(i._is_digit) for _is_digit
    __printf_flags_wp.o(.text) refers to _printf_percent.o(.ARM.Collect$$_printf_percent$$00000000) for _printf_percent
    __printf_flags_wp.o(.text) refers to __printf_flags_wp.o(.constdata) for .constdata
    __printf_ss_wp.o(.text) refers to __printf_wp.o(i._is_digit) for _is_digit
    __printf_ss_wp.o(.text) refers to _printf_percent.o(.ARM.Collect$$_printf_percent$$00000000) for _printf_percent
    __printf_flags_ss_wp.o(.text) refers to __printf_wp.o(i._is_digit) for _is_digit
    __printf_flags_ss_wp.o(.text) refers to _printf_percent.o(.ARM.Collect$$_printf_percent$$00000000) for _printf_percent
    __printf_flags_ss_wp.o(.text) refers to __printf_flags_ss_wp.o(.constdata) for .constdata
    _printf_s.o(.ARM.Collect$$_printf_percent$$00000014) refers (Weak) to _printf_char.o(.text) for _printf_string
    _printf_percent.o(.ARM.Collect$$_printf_percent$$00000000) refers (Special) to _printf_percent_end.o(.ARM.Collect$$_printf_percent$$00000017) for _printf_percent_end
    aeabi_memset.o(.text) refers to rt_memclr.o(.text) for _memset
    __main.o(!!!main) refers to __rtentry.o(.ARM.Collect$$rtentry$$00000000) for __rt_entry
    d2f.o(x$fpl$d2f) refers (Special) to usenofp.o(x$fpl$usenofp) for __I$use$fp
    d2f.o(x$fpl$d2f) refers to fretinf.o(x$fpl$fretinf) for __fpl_fretinf
    d2f.o(x$fpl$d2f) refers to dnaninf.o(x$fpl$dnaninf) for __fpl_dnaninf
    daddsub_clz.o(x$fpl$dadd) refers (Special) to usenofp.o(x$fpl$usenofp) for __I$use$fp
    daddsub_clz.o(x$fpl$dadd) refers to daddsub_clz.o(x$fpl$dsub) for _dsub1
    daddsub_clz.o(x$fpl$dadd) refers to dretinf.o(x$fpl$dretinf) for __fpl_dretinf
    daddsub_clz.o(x$fpl$dadd) refers to dnaninf.o(x$fpl$dnaninf) for __fpl_dnaninf
    daddsub_clz.o(x$fpl$drsb) refers (Special) to usenofp.o(x$fpl$usenofp) for __I$use$fp
    daddsub_clz.o(x$fpl$drsb) refers to daddsub_clz.o(x$fpl$dadd) for _dadd1
    daddsub_clz.o(x$fpl$drsb) refers to daddsub_clz.o(x$fpl$dsub) for _dsub1
    daddsub_clz.o(x$fpl$dsub) refers (Special) to usenofp.o(x$fpl$usenofp) for __I$use$fp
    daddsub_clz.o(x$fpl$dsub) refers to daddsub_clz.o(x$fpl$dadd) for _dadd1
    daddsub_clz.o(x$fpl$dsub) refers to dnaninf.o(x$fpl$dnaninf) for __fpl_dnaninf
    ddiv.o(x$fpl$drdiv) refers (Special) to usenofp.o(x$fpl$usenofp) for __I$use$fp
    ddiv.o(x$fpl$drdiv) refers to ddiv.o(x$fpl$ddiv) for ddiv_entry
    ddiv.o(x$fpl$ddiv) refers (Special) to usenofp.o(x$fpl$usenofp) for __I$use$fp
    ddiv.o(x$fpl$ddiv) refers to dretinf.o(x$fpl$dretinf) for __fpl_dretinf
    ddiv.o(x$fpl$ddiv) refers to dnaninf.o(x$fpl$dnaninf) for __fpl_dnaninf
    dfix.o(x$fpl$dfix) refers (Special) to usenofp.o(x$fpl$usenofp) for __I$use$fp
    dfix.o(x$fpl$dfix) refers to dnaninf.o(x$fpl$dnaninf) for __fpl_dnaninf
    dfix.o(x$fpl$dfixr) refers (Special) to usenofp.o(x$fpl$usenofp) for __I$use$fp
    dfix.o(x$fpl$dfixr) refers to dnaninf.o(x$fpl$dnaninf) for __fpl_dnaninf
    dflt_clz.o(x$fpl$dfltu) refers (Special) to usenofp.o(x$fpl$usenofp) for __I$use$fp
    dflt_clz.o(x$fpl$dflt) refers (Special) to usenofp.o(x$fpl$usenofp) for __I$use$fp
    dflt_clz.o(x$fpl$dfltn) refers (Special) to usenofp.o(x$fpl$usenofp) for __I$use$fp
    dmul.o(x$fpl$dmul) refers (Special) to usenofp.o(x$fpl$usenofp) for __I$use$fp
    dmul.o(x$fpl$dmul) refers to dretinf.o(x$fpl$dretinf) for __fpl_dretinf
    dmul.o(x$fpl$dmul) refers to dnaninf.o(x$fpl$dnaninf) for __fpl_dnaninf
    f2d.o(x$fpl$f2d) refers (Special) to usenofp.o(x$fpl$usenofp) for __I$use$fp
    f2d.o(x$fpl$f2d) refers to fnaninf.o(x$fpl$fnaninf) for __fpl_fnaninf
    f2d.o(x$fpl$f2d) refers to dretinf.o(x$fpl$dretinf) for __fpl_dretinf
    faddsub_clz.o(x$fpl$fadd) refers (Special) to usenofp.o(x$fpl$usenofp) for __I$use$fp
    faddsub_clz.o(x$fpl$fadd) refers to faddsub_clz.o(x$fpl$fsub) for _fsub1
    faddsub_clz.o(x$fpl$fadd) refers to fretinf.o(x$fpl$fretinf) for __fpl_fretinf
    faddsub_clz.o(x$fpl$fadd) refers to fnaninf.o(x$fpl$fnaninf) for __fpl_fnaninf
    faddsub_clz.o(x$fpl$frsb) refers (Special) to usenofp.o(x$fpl$usenofp) for __I$use$fp
    faddsub_clz.o(x$fpl$frsb) refers to faddsub_clz.o(x$fpl$fadd) for _fadd1
    faddsub_clz.o(x$fpl$frsb) refers to faddsub_clz.o(x$fpl$fsub) for _fsub1
    faddsub_clz.o(x$fpl$fsub) refers (Special) to usenofp.o(x$fpl$usenofp) for __I$use$fp
    faddsub_clz.o(x$fpl$fsub) refers to faddsub_clz.o(x$fpl$fadd) for _fadd1
    faddsub_clz.o(x$fpl$fsub) refers to fnaninf.o(x$fpl$fnaninf) for __fpl_fnaninf
    fdiv.o(x$fpl$frdiv) refers (Special) to usenofp.o(x$fpl$usenofp) for __I$use$fp
    fdiv.o(x$fpl$frdiv) refers to fdiv.o(x$fpl$fdiv) for _fdiv1
    fdiv.o(x$fpl$fdiv) refers (Special) to usenofp.o(x$fpl$usenofp) for __I$use$fp
    fdiv.o(x$fpl$fdiv) refers to fretinf.o(x$fpl$fretinf) for __fpl_fretinf
    fdiv.o(x$fpl$fdiv) refers to fnaninf.o(x$fpl$fnaninf) for __fpl_fnaninf
    feqf.o(x$fpl$feqf) refers (Special) to usenofp.o(x$fpl$usenofp) for __I$use$fp
    feqf.o(x$fpl$feqf) refers to fnaninf.o(x$fpl$fnaninf) for __fpl_fnaninf
    feqf.o(x$fpl$feqf) refers to fcmpi.o(x$fpl$fcmpinf) for __fpl_fcmp_Inf
    ffix.o(x$fpl$ffix) refers (Special) to usenofp.o(x$fpl$usenofp) for __I$use$fp
    ffix.o(x$fpl$ffix) refers to fnaninf.o(x$fpl$fnaninf) for __fpl_fnaninf
    ffix.o(x$fpl$ffixr) refers (Special) to usenofp.o(x$fpl$usenofp) for __I$use$fp
    ffix.o(x$fpl$ffixr) refers to fnaninf.o(x$fpl$fnaninf) for __fpl_fnaninf
    ffixu.o(x$fpl$ffixu) refers (Special) to usenofp.o(x$fpl$usenofp) for __I$use$fp
    ffixu.o(x$fpl$ffixu) refers to fnaninf.o(x$fpl$fnaninf) for __fpl_fnaninf
    ffixu.o(x$fpl$ffixur) refers (Special) to usenofp.o(x$fpl$usenofp) for __I$use$fp
    ffixu.o(x$fpl$ffixur) refers to fnaninf.o(x$fpl$fnaninf) for __fpl_fnaninf
    fflt_clz.o(x$fpl$ffltu) refers (Special) to usenofp.o(x$fpl$usenofp) for __I$use$fp
    fflt_clz.o(x$fpl$fflt) refers (Special) to usenofp.o(x$fpl$usenofp) for __I$use$fp
    fflt_clz.o(x$fpl$ffltn) refers (Special) to usenofp.o(x$fpl$usenofp) for __I$use$fp
    fleqf.o(x$fpl$fleqf) refers (Special) to usenofp.o(x$fpl$usenofp) for __I$use$fp
    fleqf.o(x$fpl$fleqf) refers to fnaninf.o(x$fpl$fnaninf) for __fpl_fnaninf
    fleqf.o(x$fpl$fleqf) refers to fcmpi.o(x$fpl$fcmpinf) for __fpl_fcmp_Inf
    fmul.o(x$fpl$fmul) refers (Special) to usenofp.o(x$fpl$usenofp) for __I$use$fp
    fmul.o(x$fpl$fmul) refers to fretinf.o(x$fpl$fretinf) for __fpl_fretinf
    fmul.o(x$fpl$fmul) refers to fnaninf.o(x$fpl$fnaninf) for __fpl_fnaninf
    frleqf.o(x$fpl$frleqf) refers (Special) to usenofp.o(x$fpl$usenofp) for __I$use$fp
    frleqf.o(x$fpl$frleqf) refers to fleqf.o(x$fpl$fleqf) for __fpl_fcmple_InfNaN
    asin.o(i.__softfp_asin) refers (Special) to usenofp.o(x$fpl$usenofp) for __I$use$fp
    asin.o(i.__softfp_asin) refers to asin.o(i.asin) for asin
    asin.o(i.asin) refers (Special) to usenofp.o(x$fpl$usenofp) for __I$use$fp
    asin.o(i.asin) refers to dunder.o(i.__mathlib_dbl_infnan) for __mathlib_dbl_infnan
    asin.o(i.asin) refers to dmul.o(x$fpl$dmul) for __aeabi_dmul
    asin.o(i.asin) refers to daddsub_clz.o(x$fpl$dadd) for __aeabi_dadd
    asin.o(i.asin) refers to _rserrno.o(.text) for __set_errno
    asin.o(i.asin) refers to dunder.o(i.__mathlib_dbl_invalid) for __mathlib_dbl_invalid
    asin.o(i.asin) refers to fpclassify.o(i.__ARM_fpclassify) for __ARM_fpclassify
    asin.o(i.asin) refers to dunder.o(i.__mathlib_dbl_underflow) for __mathlib_dbl_underflow
    asin.o(i.asin) refers to poly.o(i.__kernel_poly) for __kernel_poly
    asin.o(i.asin) refers to ddiv.o(x$fpl$ddiv) for __aeabi_ddiv
    asin.o(i.asin) refers to daddsub_clz.o(x$fpl$drsb) for __aeabi_drsub
    asin.o(i.asin) refers to scalbn.o(x$fpl$scalbn) for __ARM_scalbn
    asin.o(i.asin) refers to sqrt.o(i.sqrt) for sqrt
    asin.o(i.asin) refers to daddsub_clz.o(x$fpl$dsub) for __aeabi_dsub
    asin.o(i.asin) refers to asin.o(.constdata) for .constdata
    asin.o(.constdata) refers (Special) to usenofp.o(x$fpl$usenofp) for __I$use$fp
    asin_x.o(i.____softfp_asin$lsc) refers (Special) to usenofp.o(x$fpl$usenofp) for __I$use$fp
    asin_x.o(i.____softfp_asin$lsc) refers to asin_x.o(i.__asin$lsc) for __asin$lsc
    asin_x.o(i.__asin$lsc) refers (Special) to usenofp.o(x$fpl$usenofp) for __I$use$fp
    asin_x.o(i.__asin$lsc) refers to dunder.o(i.__mathlib_dbl_infnan) for __mathlib_dbl_infnan
    asin_x.o(i.__asin$lsc) refers to dmul.o(x$fpl$dmul) for __aeabi_dmul
    asin_x.o(i.__asin$lsc) refers to daddsub_clz.o(x$fpl$dadd) for __aeabi_dadd
    asin_x.o(i.__asin$lsc) refers to _rserrno.o(.text) for __set_errno
    asin_x.o(i.__asin$lsc) refers to poly.o(i.__kernel_poly) for __kernel_poly
    asin_x.o(i.__asin$lsc) refers to ddiv.o(x$fpl$ddiv) for __aeabi_ddiv
    asin_x.o(i.__asin$lsc) refers to daddsub_clz.o(x$fpl$drsb) for __aeabi_drsub
    asin_x.o(i.__asin$lsc) refers to scalbn.o(x$fpl$scalbn) for __ARM_scalbn
    asin_x.o(i.__asin$lsc) refers to sqrt.o(i.sqrt) for sqrt
    asin_x.o(i.__asin$lsc) refers to daddsub_clz.o(x$fpl$dsub) for __aeabi_dsub
    asin_x.o(i.__asin$lsc) refers to asin_x.o(.constdata) for .constdata
    asin_x.o(.constdata) refers (Special) to usenofp.o(x$fpl$usenofp) for __I$use$fp
    atan2.o(i.__softfp_atan2) refers (Special) to usenofp.o(x$fpl$usenofp) for __I$use$fp
    atan2.o(i.__softfp_atan2) refers to atan2.o(i.atan2) for atan2
    atan2.o(i.atan2) refers (Special) to usenofp.o(x$fpl$usenofp) for __I$use$fp
    atan2.o(i.atan2) refers to dunder.o(i.__mathlib_dbl_infnan2) for __mathlib_dbl_infnan2
    atan2.o(i.atan2) refers to atan.o(i.atan) for atan
    atan2.o(i.atan2) refers to ddiv.o(x$fpl$ddiv) for __aeabi_ddiv
    atan2.o(i.atan2) refers to daddsub_clz.o(x$fpl$dsub) for __aeabi_dsub
    atan2.o(i.atan2) refers to deqf.o(x$fpl$deqf) for __aeabi_cdcmpeq
    atan2.o(i.atan2) refers to _rserrno.o(.text) for __set_errno
    atan2.o(i.atan2) refers to daddsub_clz.o(x$fpl$drsb) for __aeabi_drsub
    atan2.o(i.atan2) refers to qnan.o(.constdata) for __mathlib_zero
    atan2_x.o(i.____softfp_atan2$lsc) refers (Special) to usenofp.o(x$fpl$usenofp) for __I$use$fp
    atan2_x.o(i.____softfp_atan2$lsc) refers to atan2_x.o(i.__atan2$lsc) for __atan2$lsc
    atan2_x.o(i.__atan2$lsc) refers (Special) to usenofp.o(x$fpl$usenofp) for __I$use$fp
    atan2_x.o(i.__atan2$lsc) refers to dunder.o(i.__mathlib_dbl_infnan2) for __mathlib_dbl_infnan2
    atan2_x.o(i.__atan2$lsc) refers to atan.o(i.atan) for atan
    atan2_x.o(i.__atan2$lsc) refers to _rserrno.o(.text) for __set_errno
    atan2_x.o(i.__atan2$lsc) refers to ddiv.o(x$fpl$ddiv) for __aeabi_ddiv
    atan2_x.o(i.__atan2$lsc) refers to daddsub_clz.o(x$fpl$dsub) for __aeabi_dsub
    atan2_x.o(i.__atan2$lsc) refers to deqf.o(x$fpl$deqf) for __aeabi_cdcmpeq
    atan2_x.o(i.__atan2$lsc) refers to daddsub_clz.o(x$fpl$drsb) for __aeabi_drsub
    atan2_x.o(i.__atan2$lsc) refers to qnan.o(.constdata) for __mathlib_zero
    __rtentry.o(.ARM.Collect$$rtentry$$00000000) refers (Special) to __rtentry2.o(.ARM.Collect$$rtentry$$0000000A) for __rt_entry_li
    __rtentry.o(.ARM.Collect$$rtentry$$00000000) refers (Special) to __rtentry2.o(.ARM.Collect$$rtentry$$0000000D) for __rt_entry_main
    __rtentry.o(.ARM.Collect$$rtentry$$00000000) refers (Special) to __rtentry2.o(.ARM.Collect$$rtentry$$0000000C) for __rt_entry_postli_1
    __rtentry.o(.ARM.Collect$$rtentry$$00000000) refers (Special) to __rtentry2.o(.ARM.Collect$$rtentry$$00000009) for __rt_entry_postsh_1
    __rtentry.o(.ARM.Collect$$rtentry$$00000000) refers (Special) to __rtentry2.o(.ARM.Collect$$rtentry$$00000002) for __rt_entry_presh_1
    __rtentry.o(.ARM.Collect$$rtentry$$00000000) refers (Special) to __rtentry4.o(.ARM.Collect$$rtentry$$00000004) for __rt_entry_sh
    _rserrno.o(.text) refers to rt_errno_addr_intlibspace.o(.text) for __aeabi_errno_addr
    _printf_char.o(.text) refers (Weak) to _printf_str.o(.text) for _printf_str
    _printf_char_file.o(.text) refers to _printf_char_common.o(.text) for _printf_char_common
    _printf_char_file.o(.text) refers to ferror.o(.text) for ferror
    _printf_char_file.o(.text) refers to usart.o(i.fputc) for fputc
    rt_memclr.o(.text) refers to rt_memclr_w.o(.text) for _memset_w
    deqf.o(x$fpl$deqf) refers (Special) to usenofp.o(x$fpl$usenofp) for __I$use$fp
    deqf.o(x$fpl$deqf) refers to dnaninf.o(x$fpl$dnaninf) for __fpl_dnaninf
    deqf.o(x$fpl$deqf) refers to dcmpi.o(x$fpl$dcmpinf) for __fpl_dcmp_Inf
    dnaninf.o(x$fpl$dnaninf) refers (Special) to usenofp.o(x$fpl$usenofp) for __I$use$fp
    dretinf.o(x$fpl$dretinf) refers (Special) to usenofp.o(x$fpl$usenofp) for __I$use$fp
    fcmpi.o(x$fpl$fcmpinf) refers (Special) to usenofp.o(x$fpl$usenofp) for __I$use$fp
    fnaninf.o(x$fpl$fnaninf) refers (Special) to usenofp.o(x$fpl$usenofp) for __I$use$fp
    fretinf.o(x$fpl$fretinf) refers (Special) to usenofp.o(x$fpl$usenofp) for __I$use$fp
    scalbn.o(x$fpl$scalbn) refers (Special) to usenofp.o(x$fpl$usenofp) for __I$use$fp
    scalbn.o(x$fpl$scalbn) refers to dcheck1.o(x$fpl$dcheck1) for __fpl_dcheck_NaN1
    atan.o(i.__softfp_atan) refers (Special) to usenofp.o(x$fpl$usenofp) for __I$use$fp
    atan.o(i.__softfp_atan) refers to atan.o(i.atan) for atan
    atan.o(i.atan) refers (Special) to usenofp.o(x$fpl$usenofp) for __I$use$fp
    atan.o(i.atan) refers to dunder.o(i.__mathlib_dbl_infnan) for __mathlib_dbl_infnan
    atan.o(i.atan) refers to fpclassify.o(i.__ARM_fpclassify) for __ARM_fpclassify
    atan.o(i.atan) refers to dunder.o(i.__mathlib_dbl_underflow) for __mathlib_dbl_underflow
    atan.o(i.atan) refers to daddsub_clz.o(x$fpl$dadd) for __aeabi_dadd
    atan.o(i.atan) refers to scalbn.o(x$fpl$scalbn) for __ARM_scalbn
    atan.o(i.atan) refers to daddsub_clz.o(x$fpl$dsub) for __aeabi_dsub
    atan.o(i.atan) refers to ddiv.o(x$fpl$ddiv) for __aeabi_ddiv
    atan.o(i.atan) refers to dmul.o(x$fpl$dmul) for __aeabi_dmul
    atan.o(i.atan) refers to poly.o(i.__kernel_poly) for __kernel_poly
    atan.o(i.atan) refers to daddsub_clz.o(x$fpl$drsb) for __aeabi_drsub
    atan.o(i.atan) refers to atan.o(.constdata) for .constdata
    atan.o(.constdata) refers (Special) to usenofp.o(x$fpl$usenofp) for __I$use$fp
    atan_x.o(i.____softfp_atan$lsc) refers (Special) to usenofp.o(x$fpl$usenofp) for __I$use$fp
    atan_x.o(i.____softfp_atan$lsc) refers to atan_x.o(i.__atan$lsc) for __atan$lsc
    atan_x.o(i.__atan$lsc) refers (Special) to usenofp.o(x$fpl$usenofp) for __I$use$fp
    atan_x.o(i.__atan$lsc) refers to dunder.o(i.__mathlib_dbl_infnan) for __mathlib_dbl_infnan
    atan_x.o(i.__atan$lsc) refers to daddsub_clz.o(x$fpl$dadd) for __aeabi_dadd
    atan_x.o(i.__atan$lsc) refers to scalbn.o(x$fpl$scalbn) for __ARM_scalbn
    atan_x.o(i.__atan$lsc) refers to daddsub_clz.o(x$fpl$dsub) for __aeabi_dsub
    atan_x.o(i.__atan$lsc) refers to ddiv.o(x$fpl$ddiv) for __aeabi_ddiv
    atan_x.o(i.__atan$lsc) refers to dmul.o(x$fpl$dmul) for __aeabi_dmul
    atan_x.o(i.__atan$lsc) refers to poly.o(i.__kernel_poly) for __kernel_poly
    atan_x.o(i.__atan$lsc) refers to daddsub_clz.o(x$fpl$drsb) for __aeabi_drsub
    atan_x.o(i.__atan$lsc) refers to atan_x.o(.constdata) for .constdata
    atan_x.o(.constdata) refers (Special) to usenofp.o(x$fpl$usenofp) for __I$use$fp
    dunder.o(i.__mathlib_dbl_divzero) refers to ddiv.o(x$fpl$ddiv) for __aeabi_ddiv
    dunder.o(i.__mathlib_dbl_infnan) refers to scalbn.o(x$fpl$scalbn) for __ARM_scalbn
    dunder.o(i.__mathlib_dbl_infnan2) refers to daddsub_clz.o(x$fpl$dadd) for __aeabi_dadd
    dunder.o(i.__mathlib_dbl_invalid) refers to ddiv.o(x$fpl$ddiv) for __aeabi_ddiv
    dunder.o(i.__mathlib_dbl_overflow) refers to scalbn.o(x$fpl$scalbn) for __ARM_scalbn
    dunder.o(i.__mathlib_dbl_posinfnan) refers to dmul.o(x$fpl$dmul) for __aeabi_dmul
    dunder.o(i.__mathlib_dbl_underflow) refers to scalbn.o(x$fpl$scalbn) for __ARM_scalbn
    fpclassify.o(i.__ARM_fpclassify) refers (Special) to usenofp.o(x$fpl$usenofp) for __I$use$fp
    poly.o(i.__kernel_poly) refers (Special) to usenofp.o(x$fpl$usenofp) for __I$use$fp
    poly.o(i.__kernel_poly) refers to dmul.o(x$fpl$dmul) for __aeabi_dmul
    poly.o(i.__kernel_poly) refers to daddsub_clz.o(x$fpl$dadd) for __aeabi_dadd
    qnan.o(.constdata) refers (Special) to usenofp.o(x$fpl$usenofp) for __I$use$fp
    sqrt.o(i.__softfp_sqrt) refers (Special) to usenofp.o(x$fpl$usenofp) for __I$use$fp
    sqrt.o(i.__softfp_sqrt) refers to dsqrt_noumaal.o(x$fpl$dsqrt) for _dsqrt
    sqrt.o(i.__softfp_sqrt) refers to _rserrno.o(.text) for __set_errno
    sqrt.o(i.sqrt) refers (Special) to usenofp.o(x$fpl$usenofp) for __I$use$fp
    sqrt.o(i.sqrt) refers to dsqrt_noumaal.o(x$fpl$dsqrt) for _dsqrt
    sqrt.o(i.sqrt) refers to _rserrno.o(.text) for __set_errno
    sqrt_x.o(i.____softfp_sqrt$lsc) refers (Special) to usenofp.o(x$fpl$usenofp) for __I$use$fp
    sqrt_x.o(i.____softfp_sqrt$lsc) refers to dleqf.o(x$fpl$dleqf) for __aeabi_cdcmple
    sqrt_x.o(i.____softfp_sqrt$lsc) refers to _rserrno.o(.text) for __set_errno
    sqrt_x.o(i.____softfp_sqrt$lsc) refers to dsqrt_noumaal.o(x$fpl$dsqrt) for _dsqrt
    sqrt_x.o(i.__sqrt$lsc) refers (Special) to usenofp.o(x$fpl$usenofp) for __I$use$fp
    sqrt_x.o(i.__sqrt$lsc) refers to dleqf.o(x$fpl$dleqf) for __aeabi_cdcmple
    sqrt_x.o(i.__sqrt$lsc) refers to _rserrno.o(.text) for __set_errno
    sqrt_x.o(i.__sqrt$lsc) refers to dsqrt_noumaal.o(x$fpl$dsqrt) for _dsqrt
    __rtentry2.o(.ARM.Collect$$rtentry$$00000008) refers to boardinit2.o(.text) for _platform_post_stackheap_init
    __rtentry2.o(.ARM.Collect$$rtentry$$0000000A) refers to libinit.o(.ARM.Collect$$libinit$$00000000) for __rt_lib_init
    __rtentry2.o(.ARM.Collect$$rtentry$$0000000B) refers to boardinit3.o(.text) for _platform_post_lib_init
    __rtentry2.o(.ARM.Collect$$rtentry$$0000000D) refers to main.o(i.main) for main
    __rtentry2.o(.ARM.Collect$$rtentry$$0000000D) refers to exit.o(.text) for exit
    __rtentry2.o(.ARM.exidx) refers to __rtentry2.o(.ARM.Collect$$rtentry$$00000001) for .ARM.Collect$$rtentry$$00000001
    __rtentry2.o(.ARM.exidx) refers to __rtentry2.o(.ARM.Collect$$rtentry$$00000008) for .ARM.Collect$$rtentry$$00000008
    __rtentry2.o(.ARM.exidx) refers to __rtentry2.o(.ARM.Collect$$rtentry$$0000000A) for .ARM.Collect$$rtentry$$0000000A
    __rtentry2.o(.ARM.exidx) refers to __rtentry2.o(.ARM.Collect$$rtentry$$0000000B) for .ARM.Collect$$rtentry$$0000000B
    __rtentry2.o(.ARM.exidx) refers to __rtentry2.o(.ARM.Collect$$rtentry$$0000000D) for .ARM.Collect$$rtentry$$0000000D
    __rtentry4.o(.ARM.Collect$$rtentry$$00000004) refers to sys_stackheap_outer.o(.text) for __user_setup_stackheap
    __rtentry4.o(.ARM.exidx) refers to __rtentry4.o(.ARM.Collect$$rtentry$$00000004) for .ARM.Collect$$rtentry$$00000004
    aeabi_ldiv0_sigfpe.o(.text) refers to rt_div0.o(.text) for __rt_div0
    rt_errno_addr.o(.text) refers to rt_errno_addr.o(.bss) for __aeabi_errno_addr_data
    rt_errno_addr_intlibspace.o(.text) refers to libspace.o(.bss) for __libspace_start
    _printf_char_common.o(.text) refers to __printf.o(.text) for __printf
    dcheck1.o(x$fpl$dcheck1) refers (Special) to usenofp.o(x$fpl$usenofp) for __I$use$fp
    dcheck1.o(x$fpl$dcheck1) refers to retnan.o(x$fpl$retnan) for __fpl_return_NaN
    dcmpi.o(x$fpl$dcmpinf) refers (Special) to usenofp.o(x$fpl$usenofp) for __I$use$fp
    dleqf.o(x$fpl$dleqf) refers (Special) to usenofp.o(x$fpl$usenofp) for __I$use$fp
    dleqf.o(x$fpl$dleqf) refers to dnaninf.o(x$fpl$dnaninf) for __fpl_dnaninf
    dleqf.o(x$fpl$dleqf) refers to dcmpi.o(x$fpl$dcmpinf) for __fpl_dcmp_Inf
    dsqrt_noumaal.o(x$fpl$dsqrt) refers (Special) to usenofp.o(x$fpl$usenofp) for __I$use$fp
    dsqrt_noumaal.o(x$fpl$dsqrt) refers to dnaninf.o(x$fpl$dnaninf) for __fpl_dnaninf
    libspace.o(.text) refers to libspace.o(.bss) for __libspace_start
    sys_stackheap_outer.o(.text) refers to libspace.o(.text) for __user_perproc_libspace
    sys_stackheap_outer.o(.text) refers to startup_stm32f10x_hd.o(.text) for __user_initial_stackheap
    rt_div0.o(.text) refers to defsig_fpe_outer.o(.text) for __rt_SIGFPE
    exit.o(.text) refers to rtexit.o(.ARM.Collect$$rtexit$$00000000) for __rt_exit
    libinit.o(.ARM.Collect$$libinit$$00000000) refers (Special) to libinit2.o(.ARM.Collect$$libinit$$0000002E) for __rt_lib_init_alloca_1
    libinit.o(.ARM.Collect$$libinit$$00000000) refers (Special) to libinit2.o(.ARM.Collect$$libinit$$0000002C) for __rt_lib_init_argv_1
    libinit.o(.ARM.Collect$$libinit$$00000000) refers (Special) to libinit2.o(.ARM.Collect$$libinit$$0000001B) for __rt_lib_init_atexit_1
    libinit.o(.ARM.Collect$$libinit$$00000000) refers (Special) to libinit2.o(.ARM.Collect$$libinit$$00000021) for __rt_lib_init_clock_1
    libinit.o(.ARM.Collect$$libinit$$00000000) refers (Special) to libinit2.o(.ARM.Collect$$libinit$$00000032) for __rt_lib_init_cpp_1
    libinit.o(.ARM.Collect$$libinit$$00000000) refers (Special) to libinit2.o(.ARM.Collect$$libinit$$00000030) for __rt_lib_init_exceptions_1
    libinit.o(.ARM.Collect$$libinit$$00000000) refers (Special) to libinit2.o(.ARM.Collect$$libinit$$00000002) for __rt_lib_init_fp_1
    libinit.o(.ARM.Collect$$libinit$$00000000) refers (Special) to libinit2.o(.ARM.Collect$$libinit$$0000001F) for __rt_lib_init_fp_trap_1
    libinit.o(.ARM.Collect$$libinit$$00000000) refers (Special) to libinit2.o(.ARM.Collect$$libinit$$00000023) for __rt_lib_init_getenv_1
    libinit.o(.ARM.Collect$$libinit$$00000000) refers (Special) to libinit2.o(.ARM.Collect$$libinit$$0000000A) for __rt_lib_init_heap_1
    libinit.o(.ARM.Collect$$libinit$$00000000) refers (Special) to libinit2.o(.ARM.Collect$$libinit$$00000011) for __rt_lib_init_lc_collate_1
    libinit.o(.ARM.Collect$$libinit$$00000000) refers (Special) to libinit2.o(.ARM.Collect$$libinit$$00000013) for __rt_lib_init_lc_ctype_1
    libinit.o(.ARM.Collect$$libinit$$00000000) refers (Special) to libinit2.o(.ARM.Collect$$libinit$$00000015) for __rt_lib_init_lc_monetary_1
    libinit.o(.ARM.Collect$$libinit$$00000000) refers (Special) to libinit2.o(.ARM.Collect$$libinit$$00000017) for __rt_lib_init_lc_numeric_1
    libinit.o(.ARM.Collect$$libinit$$00000000) refers (Special) to libinit2.o(.ARM.Collect$$libinit$$00000019) for __rt_lib_init_lc_time_1
    libinit.o(.ARM.Collect$$libinit$$00000000) refers (Special) to libinit2.o(.ARM.Collect$$libinit$$00000004) for __rt_lib_init_preinit_1
    libinit.o(.ARM.Collect$$libinit$$00000000) refers (Special) to libinit2.o(.ARM.Collect$$libinit$$0000000E) for __rt_lib_init_rand_1
    libinit.o(.ARM.Collect$$libinit$$00000000) refers (Special) to libinit2.o(.ARM.Collect$$libinit$$00000033) for __rt_lib_init_return
    libinit.o(.ARM.Collect$$libinit$$00000000) refers (Special) to libinit2.o(.ARM.Collect$$libinit$$0000001D) for __rt_lib_init_signal_1
    libinit.o(.ARM.Collect$$libinit$$00000000) refers (Special) to libinit2.o(.ARM.Collect$$libinit$$00000025) for __rt_lib_init_stdio_1
    libinit.o(.ARM.Collect$$libinit$$00000000) refers (Special) to libinit2.o(.ARM.Collect$$libinit$$0000000C) for __rt_lib_init_user_alloc_1
    retnan.o(x$fpl$retnan) refers (Special) to usenofp.o(x$fpl$usenofp) for __I$use$fp
    retnan.o(x$fpl$retnan) refers to trapv.o(x$fpl$trapveneer) for __fpl_cmpreturn
    rtexit.o(.ARM.Collect$$rtexit$$00000000) refers (Special) to rtexit2.o(.ARM.Collect$$rtexit$$00000004) for __rt_exit_exit
    rtexit.o(.ARM.Collect$$rtexit$$00000000) refers (Special) to rtexit2.o(.ARM.Collect$$rtexit$$00000003) for __rt_exit_ls
    rtexit.o(.ARM.Collect$$rtexit$$00000000) refers (Special) to rtexit2.o(.ARM.Collect$$rtexit$$00000002) for __rt_exit_prels_1
    rtexit.o(.ARM.exidx) refers (Special) to rtexit2.o(.ARM.Collect$$rtexit$$00000004) for __rt_exit_exit
    rtexit.o(.ARM.exidx) refers (Special) to rtexit2.o(.ARM.Collect$$rtexit$$00000003) for __rt_exit_ls
    rtexit.o(.ARM.exidx) refers (Special) to rtexit2.o(.ARM.Collect$$rtexit$$00000002) for __rt_exit_prels_1
    rtexit.o(.ARM.exidx) refers to rtexit.o(.ARM.Collect$$rtexit$$00000000) for .ARM.Collect$$rtexit$$00000000
    defsig_fpe_outer.o(.text) refers to defsig_fpe_inner.o(.text) for __rt_SIGFPE_inner
    defsig_fpe_outer.o(.text) refers to defsig_exit.o(.text) for __sig_exit
    defsig_fpe_formal.o(.text) refers to rt_raise.o(.text) for __rt_raise
    libinit2.o(.ARM.Collect$$libinit$$00000010) refers to libinit2.o(.ARM.Collect$$libinit$$0000000F) for .ARM.Collect$$libinit$$0000000F
    libinit2.o(.ARM.Collect$$libinit$$00000012) refers to libinit2.o(.ARM.Collect$$libinit$$0000000F) for .ARM.Collect$$libinit$$0000000F
    libinit2.o(.ARM.Collect$$libinit$$00000014) refers to libinit2.o(.ARM.Collect$$libinit$$0000000F) for .ARM.Collect$$libinit$$0000000F
    libinit2.o(.ARM.Collect$$libinit$$00000016) refers to libinit2.o(.ARM.Collect$$libinit$$0000000F) for .ARM.Collect$$libinit$$0000000F
    libinit2.o(.ARM.Collect$$libinit$$00000018) refers to libinit2.o(.ARM.Collect$$libinit$$0000000F) for .ARM.Collect$$libinit$$0000000F
    libinit2.o(.ARM.Collect$$libinit$$00000026) refers to argv_veneer.o(.emb_text) for __ARM_argv_veneer
    libinit2.o(.ARM.Collect$$libinit$$00000027) refers to argv_veneer.o(.emb_text) for __ARM_argv_veneer
    trapv.o(x$fpl$trapveneer) refers (Special) to usenofp.o(x$fpl$usenofp) for __I$use$fp
    rtexit2.o(.ARM.Collect$$rtexit$$00000003) refers to libshutdown.o(.ARM.Collect$$libshutdown$$00000000) for __rt_lib_shutdown
    rtexit2.o(.ARM.Collect$$rtexit$$00000004) refers to usart.o(i._sys_exit) for _sys_exit
    rtexit2.o(.ARM.exidx) refers to rtexit2.o(.ARM.Collect$$rtexit$$00000001) for .ARM.Collect$$rtexit$$00000001
    rtexit2.o(.ARM.exidx) refers to rtexit2.o(.ARM.Collect$$rtexit$$00000003) for .ARM.Collect$$rtexit$$00000003
    rtexit2.o(.ARM.exidx) refers to rtexit2.o(.ARM.Collect$$rtexit$$00000004) for .ARM.Collect$$rtexit$$00000004
    rt_raise.o(.text) refers to __raise.o(.text) for __raise
    rt_raise.o(.text) refers to usart.o(i._sys_exit) for _sys_exit
    defsig_exit.o(.text) refers to usart.o(i._sys_exit) for _sys_exit
    defsig_fpe_inner.o(.text) refers to defsig_general.o(.text) for __default_signal_display
    argv_veneer.o(.emb_text) refers to no_argv.o(.text) for __ARM_get_argv
    __raise.o(.text) refers to defsig.o(CL$$defsig) for __default_signal_handler
    defsig_general.o(.text) refers to sys_wrch.o(.text) for _ttywrch
    _get_argv_nomalloc.o(.text) refers (Special) to hrguard.o(.text) for __heap_region$guard
    _get_argv_nomalloc.o(.text) refers to defsig_rtmem_outer.o(.text) for __rt_SIGRTMEM
    _get_argv_nomalloc.o(.text) refers to sys_command.o(.text) for _sys_command_string
    libshutdown.o(.ARM.Collect$$libshutdown$$00000000) refers (Special) to libshutdown2.o(.ARM.Collect$$libshutdown$$00000004) for __rt_lib_shutdown_cpp_1
    libshutdown.o(.ARM.Collect$$libshutdown$$00000000) refers (Special) to libshutdown2.o(.ARM.Collect$$libshutdown$$00000002) for __rt_lib_shutdown_fini_1
    libshutdown.o(.ARM.Collect$$libshutdown$$00000000) refers (Special) to libshutdown2.o(.ARM.Collect$$libshutdown$$00000009) for __rt_lib_shutdown_fp_trap_1
    libshutdown.o(.ARM.Collect$$libshutdown$$00000000) refers (Special) to libshutdown2.o(.ARM.Collect$$libshutdown$$00000011) for __rt_lib_shutdown_heap_1
    libshutdown.o(.ARM.Collect$$libshutdown$$00000000) refers (Special) to libshutdown2.o(.ARM.Collect$$libshutdown$$00000012) for __rt_lib_shutdown_return
    libshutdown.o(.ARM.Collect$$libshutdown$$00000000) refers (Special) to libshutdown2.o(.ARM.Collect$$libshutdown$$0000000C) for __rt_lib_shutdown_signal_1
    libshutdown.o(.ARM.Collect$$libshutdown$$00000000) refers (Special) to libshutdown2.o(.ARM.Collect$$libshutdown$$00000006) for __rt_lib_shutdown_stdio_1
    libshutdown.o(.ARM.Collect$$libshutdown$$00000000) refers (Special) to libshutdown2.o(.ARM.Collect$$libshutdown$$0000000E) for __rt_lib_shutdown_user_alloc_1
    sys_wrch.o(.text) refers (Special) to use_no_semi.o(.text) for __I$use$semihosting
    sys_wrch.o(.text) refers (Special) to indicate_semi.o(.text) for __semihosting_library_function
    sys_command.o(.text) refers (Special) to use_no_semi.o(.text) for __I$use$semihosting
    sys_command.o(.text) refers (Special) to indicate_semi.o(.text) for __semihosting_library_function
    defsig_rtmem_outer.o(.text) refers to defsig_rtmem_inner.o(.text) for __rt_SIGRTMEM_inner
    defsig_rtmem_outer.o(.text) refers to defsig_exit.o(.text) for __sig_exit
    defsig_rtmem_formal.o(.text) refers to rt_raise.o(.text) for __rt_raise
    defsig.o(CL$$defsig) refers to defsig_fpe_inner.o(.text) for __rt_SIGFPE_inner
    defsig.o(CL$$defsig) refers to defsig_rtmem_inner.o(.text) for __rt_SIGRTMEM_inner
    defsig_abrt_inner.o(.text) refers to defsig_general.o(.text) for __default_signal_display
    defsig_rtred_inner.o(.text) refers to defsig_general.o(.text) for __default_signal_display
    defsig_rtmem_inner.o(.text) refers to defsig_general.o(.text) for __default_signal_display
    defsig_stak_inner.o(.text) refers to defsig_general.o(.text) for __default_signal_display
    defsig_pvfn_inner.o(.text) refers to defsig_general.o(.text) for __default_signal_display
    defsig_cppl_inner.o(.text) refers to defsig_general.o(.text) for __default_signal_display
    defsig_segv_inner.o(.text) refers to defsig_general.o(.text) for __default_signal_display
    defsig_other.o(.text) refers to defsig_general.o(.text) for __default_signal_display

