Component: ARM Compiler 5.06 update 7 (build 960) Tool: armlink [4d3601]

==============================================================================

Section Cross References

    startup_stm32f10x_md.o(STACK) refers (Special) to heapauxi.o(.text) for __use_two_region_memory
    startup_stm32f10x_md.o(HEAP) refers (Special) to heapauxi.o(.text) for __use_two_region_memory
    startup_stm32f10x_md.o(RESET) refers (Special) to heapauxi.o(.text) for __use_two_region_memory
    startup_stm32f10x_md.o(RESET) refers to startup_stm32f10x_md.o(STACK) for __initial_sp
    startup_stm32f10x_md.o(RESET) refers to startup_stm32f10x_md.o(.text) for Reset_Handler
    startup_stm32f10x_md.o(RESET) refers to stm32f10x_it.o(i.NMI_Handler) for NMI_Handler
    startup_stm32f10x_md.o(RESET) refers to stm32f10x_it.o(i.HardFault_Handler) for HardFault_Handler
    startup_stm32f10x_md.o(RESET) refers to stm32f10x_it.o(i.MemManage_Handler) for MemManage_Handler
    startup_stm32f10x_md.o(RESET) refers to stm32f10x_it.o(i.BusFault_Handler) for BusFault_Handler
    startup_stm32f10x_md.o(RESET) refers to stm32f10x_it.o(i.UsageFault_Handler) for UsageFault_Handler
    startup_stm32f10x_md.o(RESET) refers to stm32f10x_it.o(i.SVC_Handler) for SVC_Handler
    startup_stm32f10x_md.o(RESET) refers to stm32f10x_it.o(i.DebugMon_Handler) for DebugMon_Handler
    startup_stm32f10x_md.o(RESET) refers to stm32f10x_it.o(i.PendSV_Handler) for PendSV_Handler
    startup_stm32f10x_md.o(RESET) refers to stm32f10x_it.o(i.SysTick_Handler) for SysTick_Handler
    startup_stm32f10x_md.o(RESET) refers to ultrasonicwave.o(i.EXTI1_IRQHandler) for EXTI1_IRQHandler
    startup_stm32f10x_md.o(RESET) refers to timer.o(i.TIM1_UP_IRQHandler) for TIM1_UP_IRQHandler
    startup_stm32f10x_md.o(RESET) refers to motor.o(i.TIM3_IRQHandler) for TIM3_IRQHandler
    startup_stm32f10x_md.o(RESET) refers to motor.o(i.TIM4_IRQHandler) for TIM4_IRQHandler
    startup_stm32f10x_md.o(RESET) refers to upstandingcar.o(i.USART3_IRQHandler) for USART3_IRQHandler
    startup_stm32f10x_md.o(.text) refers (Special) to heapauxi.o(.text) for __use_two_region_memory
    startup_stm32f10x_md.o(.text) refers to system_stm32f10x.o(i.SystemInit) for SystemInit
    startup_stm32f10x_md.o(.text) refers to __main.o(!!!main) for __main
    startup_stm32f10x_md.o(.text) refers to startup_stm32f10x_md.o(HEAP) for Heap_Mem
    startup_stm32f10x_md.o(.text) refers to startup_stm32f10x_md.o(STACK) for Stack_Mem
    adc.o(i.Adc_Init) refers to stm32f10x_rcc.o(i.RCC_APB2PeriphClockCmd) for RCC_APB2PeriphClockCmd
    adc.o(i.Adc_Init) refers to stm32f10x_rcc.o(i.RCC_ADCCLKConfig) for RCC_ADCCLKConfig
    adc.o(i.Adc_Init) refers to stm32f10x_gpio.o(i.GPIO_Init) for GPIO_Init
    adc.o(i.Adc_Init) refers to stm32f10x_adc.o(i.ADC_DeInit) for ADC_DeInit
    adc.o(i.Adc_Init) refers to stm32f10x_adc.o(i.ADC_Init) for ADC_Init
    adc.o(i.Adc_Init) refers to stm32f10x_adc.o(i.ADC_Cmd) for ADC_Cmd
    adc.o(i.Adc_Init) refers to stm32f10x_adc.o(i.ADC_ResetCalibration) for ADC_ResetCalibration
    adc.o(i.Adc_Init) refers to stm32f10x_adc.o(i.ADC_GetResetCalibrationStatus) for ADC_GetResetCalibrationStatus
    adc.o(i.Adc_Init) refers to stm32f10x_adc.o(i.ADC_StartCalibration) for ADC_StartCalibration
    adc.o(i.Adc_Init) refers to stm32f10x_adc.o(i.ADC_GetCalibrationStatus) for ADC_GetCalibrationStatus
    adc.o(i.Get_Adc) refers to stm32f10x_adc.o(i.ADC_RegularChannelConfig) for ADC_RegularChannelConfig
    adc.o(i.Get_Adc) refers to stm32f10x_adc.o(i.ADC_SoftwareStartConvCmd) for ADC_SoftwareStartConvCmd
    adc.o(i.Get_Adc) refers to stm32f10x_adc.o(i.ADC_GetFlagStatus) for ADC_GetFlagStatus
    adc.o(i.Get_Adc) refers to stm32f10x_adc.o(i.ADC_GetConversionValue) for ADC_GetConversionValue
    i2c.o(i.I2C_Ack) refers to i2c.o(i.I2C_delay) for I2C_delay
    i2c.o(i.I2C_NoAck) refers to i2c.o(i.I2C_delay) for I2C_delay
    i2c.o(i.I2C_ReceiveByte) refers to i2c.o(i.I2C_delay) for I2C_delay
    i2c.o(i.I2C_SendByte) refers to i2c.o(i.I2C_delay) for I2C_delay
    i2c.o(i.I2C_Start) refers to i2c.o(i.I2C_delay) for I2C_delay
    i2c.o(i.I2C_Stop) refers to i2c.o(i.I2C_delay) for I2C_delay
    i2c.o(i.I2C_WaitAck) refers to i2c.o(i.I2C_delay) for I2C_delay
    i2c.o(i.i2cInit) refers to stm32f10x_rcc.o(i.RCC_APB2PeriphClockCmd) for RCC_APB2PeriphClockCmd
    i2c.o(i.i2cInit) refers to stm32f10x_gpio.o(i.GPIO_Init) for GPIO_Init
    i2c.o(i.i2cRead) refers to i2c.o(i.I2C_Start) for I2C_Start
    i2c.o(i.i2cRead) refers to i2c.o(i.I2C_SendByte) for I2C_SendByte
    i2c.o(i.i2cRead) refers to i2c.o(i.I2C_WaitAck) for I2C_WaitAck
    i2c.o(i.i2cRead) refers to i2c.o(i.I2C_Stop) for I2C_Stop
    i2c.o(i.i2cRead) refers to i2c.o(i.I2C_ReceiveByte) for I2C_ReceiveByte
    i2c.o(i.i2cRead) refers to i2c.o(i.I2C_NoAck) for I2C_NoAck
    i2c.o(i.i2cRead) refers to i2c.o(i.I2C_Ack) for I2C_Ack
    i2c.o(i.i2cWrite) refers to i2c.o(i.I2C_Start) for I2C_Start
[...]
    _btod_emuld                              0x08001f1f   Thumb Code    42  btod.o(CL$$btod_emuld)
    __btod_mult_common                       0x08001f49   Thumb Code   580  btod.o(CL$$btod_mult_common)
    ADC_Cmd                                  0x0800218d   Thumb Code    22  stm32f10x_adc.o(i.ADC_Cmd)
    ADC_DeInit                               0x080021a5   Thumb Code    78  stm32f10x_adc.o(i.ADC_DeInit)
    ADC_GetCalibrationStatus                 0x08002201   Thumb Code    20  stm32f10x_adc.o(i.ADC_GetCalibrationStatus)
    ADC_GetConversionValue                   0x08002215   Thumb Code     8  stm32f10x_adc.o(i.ADC_GetConversionValue)
    ADC_GetFlagStatus                        0x0800221d   Thumb Code    18  stm32f10x_adc.o(i.ADC_GetFlagStatus)
    ADC_GetResetCalibrationStatus            0x0800222f   Thumb Code    20  stm32f10x_adc.o(i.ADC_GetResetCalibrationStatus)
    ADC_Init                                 0x08002245   Thumb Code    70  stm32f10x_adc.o(i.ADC_Init)
    ADC_RegularChannelConfig                 0x08002295   Thumb Code   184  stm32f10x_adc.o(i.ADC_RegularChannelConfig)
    ADC_ResetCalibration                     0x0800234d   Thumb Code    10  stm32f10x_adc.o(i.ADC_ResetCalibration)
    ADC_SoftwareStartConvCmd                 0x08002357   Thumb Code    22  stm32f10x_adc.o(i.ADC_SoftwareStartConvCmd)
    ADC_StartCalibration                     0x0800236d   Thumb Code    10  stm32f10x_adc.o(i.ADC_StartCalibration)
    Adc_Init                                 0x08002379   Thumb Code   132  adc.o(i.Adc_Init)
    AngleControl                             0x08002405   Thumb Code   186  upstandingcar.o(i.AngleControl)
    BusFault_Handler                         0x080024f9   Thumb Code     4  stm32f10x_it.o(i.BusFault_Handler)
    CalcUpData                               0x080024fd   Thumb Code   660  upstandingcar.o(i.CalcUpData)
    CarStateOut                              0x08002835   Thumb Code   164  upstandingcar.o(i.CarStateOut)
    CarUpstandInit                           0x08002901   Thumb Code    92  upstandingcar.o(i.CarUpstandInit)
    DebugMon_Handler                         0x080029b5   Thumb Code     2  stm32f10x_it.o(i.DebugMon_Handler)
    EXTI1_IRQHandler                         0x080029b9   Thumb Code    96  ultrasonicwave.o(i.EXTI1_IRQHandler)
    EXTI_ClearITPendingBit                   0x08002a25   Thumb Code     6  stm32f10x_exti.o(i.EXTI_ClearITPendingBit)
    EXTI_GetITStatus                         0x08002a31   Thumb Code    34  stm32f10x_exti.o(i.EXTI_GetITStatus)
    EXTI_Init                                0x08002a59   Thumb Code   142  stm32f10x_exti.o(i.EXTI_Init)
    GPIO_EXTILineConfig                      0x08002aed   Thumb Code    60  stm32f10x_gpio.o(i.GPIO_EXTILineConfig)
    GPIO_Init                                0x08002b2d   Thumb Code   278  stm32f10x_gpio.o(i.GPIO_Init)
    GPIO_PinRemapConfig                      0x08002c45   Thumb Code   138  stm32f10x_gpio.o(i.GPIO_PinRemapConfig)
    GPIO_ReadInputDataBit                    0x08002cd5   Thumb Code    18  stm32f10x_gpio.o(i.GPIO_ReadInputDataBit)
    GPIO_ResetBits                           0x08002ce7   Thumb Code     4  stm32f10x_gpio.o(i.GPIO_ResetBits)
    GPIO_SetBits                             0x08002ceb   Thumb Code     4  stm32f10x_gpio.o(i.GPIO_SetBits)
    GPIO_StructInit                          0x08002cef   Thumb Code    16  stm32f10x_gpio.o(i.GPIO_StructInit)
    GetMotorPulse                            0x08002d01   Thumb Code    90  upstandingcar.o(i.GetMotorPulse)
    Get_Adc                                  0x08002d7d   Thumb Code    46  adc.o(i.Get_Adc)
    HardFault_Handler                        0x08002db1   Thumb Code     4  stm32f10x_it.o(i.HardFault_Handler)
    MOTOR_GPIO_Config                        0x08002fe9   Thumb Code    50  motor.o(i.MOTOR_GPIO_Config)
    MPU6050_Init                             0x08003021   Thumb Code   224  mpu6050.o(i.MPU6050_Init)
    MPU6050_Pose                             0x080033d5   Thumb Code   568  mpu6050.o(i.MPU6050_Pose)
    MemManage_Handler                        0x08003645   Thumb Code     4  stm32f10x_it.o(i.MemManage_Handler)
    MotorOutput                              0x08003649   Thumb Code   180  upstandingcar.o(i.MotorOutput)
    NMI_Handler                              0x0800371d   Thumb Code     2  stm32f10x_it.o(i.NMI_Handler)
    NVIC_Configurationusart3                 0x0800371f   Thumb Code    40  usart.o(i.NVIC_Configurationusart3)
    NVIC_Init                                0x08003749   Thumb Code   100  misc.o(i.NVIC_Init)
    NVIC_PriorityGroupConfig                 0x080037b9   Thumb Code    10  misc.o(i.NVIC_PriorityGroupConfig)
    PendSV_Handler                           0x080037cd   Thumb Code     2  stm32f10x_it.o(i.PendSV_Handler)
    PrintChar                                0x080037cf   Thumb Code    24  usart.o(i.PrintChar)
    Protocol                                 0x080037e9   Thumb Code   638  upstandingcar.o(i.Protocol)
    ProtocolCpyData                          0x08003abd   Thumb Code    26  upstandingcar.o(i.ProtocolCpyData)
    ProtocolGetPID                           0x08003ae5   Thumb Code   316  upstandingcar.o(i.ProtocolGetPID)
    RCC_ADCCLKConfig                         0x08003c71   Thumb Code    18  stm32f10x_rcc.o(i.RCC_ADCCLKConfig)
    RCC_APB1PeriphClockCmd                   0x08003c89   Thumb Code    26  stm32f10x_rcc.o(i.RCC_APB1PeriphClockCmd)
    RCC_APB1PeriphResetCmd                   0x08003ca9   Thumb Code    26  stm32f10x_rcc.o(i.RCC_APB1PeriphResetCmd)
    RCC_APB2PeriphClockCmd                   0x08003cc9   Thumb Code    26  stm32f10x_rcc.o(i.RCC_APB2PeriphClockCmd)
    RCC_APB2PeriphResetCmd                   0x08003ce9   Thumb Code    26  stm32f10x_rcc.o(i.RCC_APB2PeriphResetCmd)
    RCC_GetClocksFreq                        0x08003d09   Thumb Code   192  stm32f10x_rcc.o(i.RCC_GetClocksFreq)
    ResetPID                                 0x08003ddd   Thumb Code   176  upstandingcar.o(i.ResetPID)
    SVC_Handler                              0x08003ea1   Thumb Code     2  stm32f10x_it.o(i.SVC_Handler)
    SendAutoUp                               0x08003ea5   Thumb Code    52  upstandingcar.o(i.SendAutoUp)
    SetMotorVoltageAndDirection              0x08003ee5   Thumb Code   316  upstandingcar.o(i.SetMotorVoltageAndDirection)
    SpeedControl                             0x08004131   Thumb Code   368  upstandingcar.o(i.SpeedControl)
    StringFind                               0x080042f1   Thumb Code    74  upstandingcar.o(i.StringFind)
    SysTick_Handler                          0x0800433d   Thumb Code   120  stm32f10x_it.o(i.SysTick_Handler)
    SysTick_Init                             0x080043cd   Thumb Code   106  systick.o(i.SysTick_Init)
    SystemInit                               0x08004445   Thumb Code    78  system_stm32f10x.o(i.SystemInit)
    TIM1_UP_IRQHandler                       0x080046e5   Thumb Code    22  timer.o(i.TIM1_UP_IRQHandler)
    TIM2_PWM_Init                            0x080047bb   Thumb Code    12  motor.o(i.TIM2_PWM_Init)
    TIM3_Encoder_Init                        0x080047c9   Thumb Code   196  motor.o(i.TIM3_Encoder_Init)
    TIM3_IRQHandler                          0x08004895   Thumb Code    16  motor.o(i.TIM3_IRQHandler)
    TIM4_Encoder_Init                        0x080048a9   Thumb Code   196  motor.o(i.TIM4_Encoder_Init)
    TIM4_IRQHandler                          0x08004975   Thumb Code    16  motor.o(i.TIM4_IRQHandler)
    TIM_ARRPreloadConfig                     0x08004989   Thumb Code    24  stm32f10x_tim.o(i.TIM_ARRPreloadConfig)
    TIM_ClearFlag                            0x080049a1   Thumb Code     6  stm32f10x_tim.o(i.TIM_ClearFlag)
    TIM_ClearITPendingBit                    0x080049a7   Thumb Code     6  stm32f10x_tim.o(i.TIM_ClearITPendingBit)
    TIM_Cmd                                  0x080049ad   Thumb Code    24  stm32f10x_tim.o(i.TIM_Cmd)
    TIM_DeInit                               0x080049c5   Thumb Code   424  stm32f10x_tim.o(i.TIM_DeInit)
    TIM_EncoderInterfaceConfig               0x08004bad   Thumb Code    66  stm32f10x_tim.o(i.TIM_EncoderInterfaceConfig)
    TIM_GetCounter                           0x08004bef   Thumb Code     6  stm32f10x_tim.o(i.TIM_GetCounter)
    TIM_GetITStatus                          0x08004bf5   Thumb Code    34  stm32f10x_tim.o(i.TIM_GetITStatus)
    TIM_ICInit                               0x08004c19   Thumb Code   150  stm32f10x_tim.o(i.TIM_ICInit)
    TIM_ICStructInit                         0x08004cc5   Thumb Code    18  stm32f10x_tim.o(i.TIM_ICStructInit)
    TIM_ITConfig                             0x08004cd7   Thumb Code    18  stm32f10x_tim.o(i.TIM_ITConfig)
    TIM_OC3Init                              0x08004ce9   Thumb Code   150  stm32f10x_tim.o(i.TIM_OC3Init)
    TIM_OC3PreloadConfig                     0x08004d89   Thumb Code    18  stm32f10x_tim.o(i.TIM_OC3PreloadConfig)
    TIM_OC4Init                              0x08004d9d   Thumb Code   114  stm32f10x_tim.o(i.TIM_OC4Init)
    TIM_OC4PreloadConfig                     0x08004e19   Thumb Code    26  stm32f10x_tim.o(i.TIM_OC4PreloadConfig)
    TIM_SetCompare3                          0x08004e33   Thumb Code     4  stm32f10x_tim.o(i.TIM_SetCompare3)
    TIM_SetCompare4                          0x08004e37   Thumb Code     6  stm32f10x_tim.o(i.TIM_SetCompare4)
    TIM_SetCounter                           0x08004e3d   Thumb Code     4  stm32f10x_tim.o(i.TIM_SetCounter)
    TIM_SetIC1Prescaler                      0x08004e41   Thumb Code    18  stm32f10x_tim.o(i.TIM_SetIC1Prescaler)
    TIM_SetIC2Prescaler                      0x08004e53   Thumb Code    26  stm32f10x_tim.o(i.TIM_SetIC2Prescaler)
    TIM_SetIC3Prescaler                      0x08004e6d   Thumb Code    18  stm32f10x_tim.o(i.TIM_SetIC3Prescaler)
    TIM_SetIC4Prescaler                      0x08004e7f   Thumb Code    26  stm32f10x_tim.o(i.TIM_SetIC4Prescaler)
    TIM_TimeBaseInit                         0x08004e99   Thumb Code   122  stm32f10x_tim.o(i.TIM_TimeBaseInit)
    TIM_TimeBaseStructInit                   0x08004f3d   Thumb Code    18  stm32f10x_tim.o(i.TIM_TimeBaseStructInit)
    Timerx_Init                              0x08004f51   Thumb Code    92  timer.o(i.Timerx_Init)
    UART3_Send_Char                          0x08004fb1   Thumb Code    24  usart.o(i.UART3_Send_Char)
    USART1_Config                            0x08004fc9   Thumb Code   114  usart.o(i.USART1_Config)
    USART1_Send_Byte                         0x08005045   Thumb Code    28  usart.o(i.USART1_Send_Byte)
    USART3_Config                            0x08005065   Thumb Code   136  usart.o(i.USART3_Config)
    USART3_IRQHandler                        0x080050f5   Thumb Code   152  upstandingcar.o(i.USART3_IRQHandler)
    USART3_Send_Byte                         0x080051a5   Thumb Code    28  usart.o(i.USART3_Send_Byte)
    USART_ClearFlag                          0x080051c5   Thumb Code    18  stm32f10x_usart.o(i.USART_ClearFlag)
    USART_ClearITPendingBit                  0x080051d7   Thumb Code    30  stm32f10x_usart.o(i.USART_ClearITPendingBit)
    USART_Cmd                                0x080051f5   Thumb Code    24  stm32f10x_usart.o(i.USART_Cmd)
    USART_GetFlagStatus                      0x0800520d   Thumb Code    26  stm32f10x_usart.o(i.USART_GetFlagStatus)
    USART_ITConfig                           0x08005227   Thumb Code    74  stm32f10x_usart.o(i.USART_ITConfig)
    USART_Init                               0x08005271   Thumb Code   210  stm32f10x_usart.o(i.USART_Init)
    USART_ReceiveData                        0x08005349   Thumb Code    10  stm32f10x_usart.o(i.USART_ReceiveData)
    USART_SendData                           0x08005353   Thumb Code     8  stm32f10x_usart.o(i.USART_SendData)
    UltrasonicWave_Configuration             0x0800535d   Thumb Code   130  ultrasonicwave.o(i.UltrasonicWave_Configuration)
    UltrasonicWave_StartMeasure              0x080053e9   Thumb Code    26  ultrasonicwave.o(i.UltrasonicWave_StartMeasure)
    UsageFault_Handler                       0x08005409   Thumb Code     4  stm32f10x_it.o(i.UsageFault_Handler)
    __ARM_fpclassify                         0x0800540d   Thumb Code    40  fpclassify.o(i.__ARM_fpclassify)
    __kernel_poly                            0x08005435   Thumb Code   170  poly.o(i.__kernel_poly)
    __mathlib_dbl_infnan                     0x080054df   Thumb Code     6  dunder.o(i.__mathlib_dbl_infnan)
    __mathlib_dbl_infnan2                    0x080054e5   Thumb Code     4  dunder.o(i.__mathlib_dbl_infnan2)
    __mathlib_dbl_invalid                    0x080054e9   Thumb Code    12  dunder.o(i.__mathlib_dbl_invalid)
    __mathlib_dbl_overflow                   0x080054f5   Thumb Code    14  dunder.o(i.__mathlib_dbl_overflow)
    __mathlib_dbl_underflow                  0x08005505   Thumb Code    10  dunder.o(i.__mathlib_dbl_underflow)
    __mathlib_narrow                         0x08005515   Thumb Code    16  narrow.o(i.__mathlib_narrow)
    __mathlib_tofloat                        0x08005525   Thumb Code   184  narrow.o(i.__mathlib_tofloat)
    __support_ldexp                          0x080055e1   Thumb Code    22  ldexp.o(i.__support_ldexp)
    _is_digit                                0x080055f7   Thumb Code    14  __printf_wp.o(i._is_digit)
    asin                                     0x080056ad   Thumb Code   572  asin.o(i.asin)
    atan                                     0x0800591d   Thumb Code   474  atan.o(i.atan)
    atan2                                    0x08005b3d   Thumb Code   374  atan2.o(i.atan2)
    atof                                     0x08005cd9   Thumb Code    42  atof.o(i.atof)
    chaoshengbo                              0x08005d05   Thumb Code   142  upstandingcar.o(i.chaoshengbo)
    delay_ms                                 0x08005e1d   Thumb Code    24  delay.o(i.delay_ms)
    delay_nms                                0x08005e35   Thumb Code    32  upstandingcar.o(i.delay_nms)
    delay_us                                 0x08005e55   Thumb Code    26  delay.o(i.delay_us)
    dmp_enable_6x_lp_quat                    0x08005e6f   Thumb Code    60  inv_mpu_dmp_motion_driver.o(i.dmp_enable_6x_lp_quat)
    dmp_enable_feature                       0x08005ead   Thumb Code   530  inv_mpu_dmp_motion_driver.o(i.dmp_enable_feature)
    dmp_enable_gyro_cal                      0x080060c9   Thumb Code    62  inv_mpu_dmp_motion_driver.o(i.dmp_enable_gyro_cal)
    dmp_enable_lp_quat                       0x08006121   Thumb Code    60  inv_mpu_dmp_motion_driver.o(i.dmp_enable_lp_quat)
    dmp_load_motion_driver_firmware          0x0800615d   Thumb Code    20  inv_mpu_dmp_motion_driver.o(i.dmp_load_motion_driver_firmware)
    dmp_read_fifo                            0x08006175   Thumb Code   456  inv_mpu_dmp_motion_driver.o(i.dmp_read_fifo)
    dmp_set_accel_bias                       0x08006341   Thumb Code   300  inv_mpu_dmp_motion_driver.o(i.dmp_set_accel_bias)
    dmp_set_fifo_rate                        0x08006471   Thumb Code    96  inv_mpu_dmp_motion_driver.o(i.dmp_set_fifo_rate)
    dmp_set_gyro_bias                        0x080064e1   Thumb Code   294  inv_mpu_dmp_motion_driver.o(i.dmp_set_gyro_bias)
    dmp_set_orientation                      0x08006611   Thumb Code   290  inv_mpu_dmp_motion_driver.o(i.dmp_set_orientation)
    dmp_set_shake_reject_thresh              0x08006749   Thumb Code    56  inv_mpu_dmp_motion_driver.o(i.dmp_set_shake_reject_thresh)
    dmp_set_shake_reject_time                0x08006781   Thumb Code    38  inv_mpu_dmp_motion_driver.o(i.dmp_set_shake_reject_time)
    dmp_set_shake_reject_timeout             0x080067a7   Thumb Code    38  inv_mpu_dmp_motion_driver.o(i.dmp_set_shake_reject_timeout)
    dmp_set_tap_axes                         0x080067cd   Thumb Code    70  inv_mpu_dmp_motion_driver.o(i.dmp_set_tap_axes)
    dmp_set_tap_count                        0x08006813   Thumb Code    38  inv_mpu_dmp_motion_driver.o(i.dmp_set_tap_count)
    dmp_set_tap_thresh                       0x08006839   Thumb Code   396  inv_mpu_dmp_motion_driver.o(i.dmp_set_tap_thresh)
    dmp_set_tap_time                         0x080069d9   Thumb Code    38  inv_mpu_dmp_motion_driver.o(i.dmp_set_tap_time)
    dmp_set_tap_time_multi                   0x080069ff   Thumb Code    38  inv_mpu_dmp_motion_driver.o(i.dmp_set_tap_time_multi)
    frexp                                    0x08006a25   Thumb Code    80  frexp.o(i.frexp)
    get_ms                                   0x08006b31   Thumb Code     2  delay.o(i.get_ms)
    i2cInit                                  0x080070b1   Thumb Code    40  i2c.o(i.i2cInit)
    i2cRead                                  0x080070dd   Thumb Code   120  i2c.o(i.i2cRead)
    i2cWriteBuffer                           0x08007155   Thumb Code   100  i2c.o(i.i2cWriteBuffer)
    i2cread                                  0x080071b9   Thumb Code    38  i2c.o(i.i2cread)
    i2cwrite                                 0x080071df   Thumb Code    38  i2c.o(i.i2cwrite)
    inv_orientation_matrix_to_scalar         0x08007205   Thumb Code    40  inv_mpu_dmp_motion_driver.o(i.inv_orientation_matrix_to_scalar)
    ldexp                                    0x0800727b   Thumb Code   116  ldexp.o(i.ldexp)
    main                                     0x080072f1   Thumb Code   116  main.o(i.main)
    mpu_configure_fifo                       0x08007369   Thumb Code   106  inv_mpu.o(i.mpu_configure_fifo)
    mpu_get_accel_fsr                        0x080073d9   Thumb Code    72  inv_mpu.o(i.mpu_get_accel_fsr)
    mpu_get_accel_sens                       0x08007425   Thumb Code    78  inv_mpu.o(i.mpu_get_accel_sens)
    mpu_get_fifo_config                      0x08007479   Thumb Code    12  inv_mpu.o(i.mpu_get_fifo_config)
    mpu_get_gyro_fsr                         0x08007489   Thumb Code    64  inv_mpu.o(i.mpu_get_gyro_fsr)
    mpu_get_gyro_sens                        0x080074cd   Thumb Code    58  inv_mpu.o(i.mpu_get_gyro_sens)
    mpu_get_lpf                              0x0800751d   Thumb Code    74  inv_mpu.o(i.mpu_get_lpf)
    mpu_get_sample_rate                      0x0800756d   Thumb Code    26  inv_mpu.o(i.mpu_get_sample_rate)
    mpu_init                                 0x0800758d   Thumb Code   414  inv_mpu.o(i.mpu_init)
    mpu_load_firmware                        0x0800777d   Thumb Code   180  inv_mpu.o(i.mpu_load_firmware)
    mpu_lp_accel_mode                        0x08007835   Thumb Code   218  inv_mpu.o(i.mpu_lp_accel_mode)
    mpu_read_fifo_stream                     0x08007915   Thumb Code   186  inv_mpu.o(i.mpu_read_fifo_stream)
    mpu_read_mem                             0x080079d5   Thumb Code   122  inv_mpu.o(i.mpu_read_mem)
    mpu_reset_fifo                           0x08007a55   Thumb Code   450  inv_mpu.o(i.mpu_reset_fifo)
    mpu_run_self_test                        0x08007c1d   Thumb Code   278  inv_mpu.o(i.mpu_run_self_test)
    mpu_set_accel_fsr                        0x08007d39   Thumb Code   126  inv_mpu.o(i.mpu_set_accel_fsr)
    mpu_set_bypass                           0x08007dbd   Thumb Code   328  inv_mpu.o(i.mpu_set_bypass)
    mpu_set_dmp_state                        0x08007f09   Thumb Code   138  inv_mpu.o(i.mpu_set_dmp_state)
    mpu_set_gyro_fsr                         0x08007f99   Thumb Code   132  inv_mpu.o(i.mpu_set_gyro_fsr)
    mpu_set_int_latched                      0x08008021   Thumb Code   102  inv_mpu.o(i.mpu_set_int_latched)
    mpu_set_lpf                              0x0800808d   Thumb Code   126  inv_mpu.o(i.mpu_set_lpf)
    mpu_set_sample_rate                      0x08008111   Thumb Code   152  inv_mpu.o(i.mpu_set_sample_rate)
    mpu_set_sensors                          0x080081ad   Thumb Code   202  inv_mpu.o(i.mpu_set_sensors)
    mpu_write_mem                            0x0800827d   Thumb Code   122  inv_mpu.o(i.mpu_write_mem)
    run_self_test                            0x080082fd   Thumb Code   156  inv_mpu_dmp_motion_driver.o(i.run_self_test)
    sqrt                                     0x08008471   Thumb Code    76  sqrt.o(i.sqrt)
    _get_lc_numeric                          0x080084bd   Thumb Code    44  lc_numeric_c.o(locale$$code)
    _get_lc_ctype                            0x080084e9   Thumb Code    44  lc_ctype_c.o(locale$$code)
    __aeabi_d2f                              0x08008515   Thumb Code     0  d2f.o(x$fpl$d2f)
    _d2f                                     0x08008515   Thumb Code    98  d2f.o(x$fpl$d2f)
    __aeabi_dadd                             0x08008579   Thumb Code     0  daddsub_clz.o(x$fpl$dadd)
    _dadd                                    0x08008579   Thumb Code   332  daddsub_clz.o(x$fpl$dadd)
    __fpl_dcheck_NaN1                        0x080086c9   Thumb Code    10  dcheck1.o(x$fpl$dcheck1)
    __fpl_dcmp_Inf                           0x080086d9   Thumb Code    24  dcmpi.o(x$fpl$dcmpinf)
    __aeabi_ddiv                             0x080086f1   Thumb Code     0  ddiv.o(x$fpl$ddiv)
    _ddiv                                    0x080086f1   Thumb Code   552  ddiv.o(x$fpl$ddiv)
    __aeabi_cdcmpeq                          0x080089a1   Thumb Code     0  deqf.o(x$fpl$deqf)
    _dcmpeq                                  0x080089a1   Thumb Code   120  deqf.o(x$fpl$deqf)
    __aeabi_i2d                              0x08008a19   Thumb Code     0  dflt_clz.o(x$fpl$dflt)
    _dflt                                    0x08008a19   Thumb Code    46  dflt_clz.o(x$fpl$dflt)
    __aeabi_cdcmple                          0x08008a49   Thumb Code     0  dleqf.o(x$fpl$dleqf)
    _dcmple                                  0x08008a49   Thumb Code   120  dleqf.o(x$fpl$dleqf)
    __fpl_dcmple_InfNaN                      0x08008aab   Thumb Code     0  dleqf.o(x$fpl$dleqf)
    __aeabi_dmul                             0x08008ac1   Thumb Code     0  dmul.o(x$fpl$dmul)
    _dmul                                    0x08008ac1   Thumb Code   332  dmul.o(x$fpl$dmul)
    __fpl_dnaninf                            0x08008c15   Thumb Code   156  dnaninf.o(x$fpl$dnaninf)
    __fpl_dretinf                            0x08008cb1   Thumb Code    12  dretinf.o(x$fpl$dretinf)
    __aeabi_cdrcmple                         0x08008cbd   Thumb Code     0  drleqf.o(x$fpl$drleqf)
    _drcmple                                 0x08008cbd   Thumb Code   108  drleqf.o(x$fpl$drleqf)
    __aeabi_drsub                            0x08008d29   Thumb Code     0  daddsub_clz.o(x$fpl$drsb)
    _drsb                                    0x08008d29   Thumb Code    22  daddsub_clz.o(x$fpl$drsb)
    _dsqrt                                   0x08008d41   Thumb Code   456  dsqrt_noumaal.o(x$fpl$dsqrt)
    __aeabi_dsub                             0x08008f0d   Thumb Code     0  daddsub_clz.o(x$fpl$dsub)
    _dsub                                    0x08008f0d   Thumb Code   464  daddsub_clz.o(x$fpl$dsub)
    __aeabi_f2d                              0x080090e1   Thumb Code     0  f2d.o(x$fpl$f2d)
    _f2d                                     0x080090e1   Thumb Code    86  f2d.o(x$fpl$f2d)
    __aeabi_fadd                             0x08009139   Thumb Code     0  faddsub_clz.o(x$fpl$fadd)
    _fadd                                    0x08009139   Thumb Code   196  faddsub_clz.o(x$fpl$fadd)
    __fpl_fcmp_Inf                           0x080091fd   Thumb Code    24  fcmpi.o(x$fpl$fcmpinf)
    __aeabi_fdiv                             0x08009215   Thumb Code     0  fdiv.o(x$fpl$fdiv)
    _fdiv                                    0x08009215   Thumb Code   384  fdiv.o(x$fpl$fdiv)
    __aeabi_cfcmpeq                          0x08009399   Thumb Code     0  feqf.o(x$fpl$feqf)
    _fcmpeq                                  0x08009399   Thumb Code   104  feqf.o(x$fpl$feqf)
    __aeabi_f2iz                             0x08009401   Thumb Code     0  ffix.o(x$fpl$ffix)
    _ffix                                    0x08009401   Thumb Code    54  ffix.o(x$fpl$ffix)
    __aeabi_f2uiz                            0x08009439   Thumb Code     0  ffixu.o(x$fpl$ffixu)
    _ffixu                                   0x08009439   Thumb Code    62  ffixu.o(x$fpl$ffixu)
    __aeabi_i2f                              0x08009479   Thumb Code     0  fflt_clz.o(x$fpl$fflt)
    _fflt                                    0x08009479   Thumb Code    48  fflt_clz.o(x$fpl$fflt)
    __aeabi_ui2f                             0x080094a9   Thumb Code     0  fflt_clz.o(x$fpl$ffltu)
    _ffltu                                   0x080094a9   Thumb Code    38  fflt_clz.o(x$fpl$ffltu)
    __aeabi_cfcmple                          0x080094d1   Thumb Code     0  fleqf.o(x$fpl$fleqf)
    _fcmple                                  0x080094d1   Thumb Code   104  fleqf.o(x$fpl$fleqf)
    __fpl_fcmple_InfNaN                      0x08009523   Thumb Code     0  fleqf.o(x$fpl$fleqf)
    __aeabi_fmul                             0x08009539   Thumb Code     0  fmul.o(x$fpl$fmul)
    _fmul                                    0x08009539   Thumb Code   258  fmul.o(x$fpl$fmul)
    __fpl_fnaninf                            0x0800963b   Thumb Code   140  fnaninf.o(x$fpl$fnaninf)
    __fpl_fretinf                            0x080096c7   Thumb Code    10  fretinf.o(x$fpl$fretinf)
    __aeabi_cfrcmple                         0x080096d1   Thumb Code     0  frleqf.o(x$fpl$frleqf)
    _frcmple                                 0x080096d1   Thumb Code    98  frleqf.o(x$fpl$frleqf)
    __aeabi_fsub                             0x08009735   Thumb Code     0  faddsub_clz.o(x$fpl$fsub)
    _fsub                                    0x08009735   Thumb Code   234  faddsub_clz.o(x$fpl$fsub)
    __ieee_status                            0x0800981f   Thumb Code     6  istatus.o(x$fpl$ieeestatus)
    _printf_fp_dec                           0x08009825   Thumb Code     4  printf1.o(x$fpl$printf1)
    __fpl_return_NaN                         0x08009829   Thumb Code   100  retnan.o(x$fpl$retnan)
    __ARM_scalbn                             0x0800988d   Thumb Code    92  scalbn.o(x$fpl$scalbn)
    _scanf_real                              0x080098e9   Thumb Code     4  scanf1.o(x$fpl$scanf1)
    _scanf_hex_real                          0x080098ed   Thumb Code     4  scanf2.o(x$fpl$scanf2)
    _scanf_infnan                            0x080098f1   Thumb Code     4  scanf2.o(x$fpl$scanf2)
    __fpl_cmpreturn                          0x080098f5   Thumb Code    48  trapv.o(x$fpl$trapveneer)
    __I$use$fp                               0x08009924   Number         0  usenofp.o(x$fpl$usenofp)
    hw                                       0x08009924   Data          12  inv_mpu.o(.constdata)
    reg                                      0x08009930   Data          27  inv_mpu.o(.constdata)
    test                                     0x0800994c   Data          40  inv_mpu.o(.constdata)
    PID_Original                             0x0800a570   Data          32  upstandingcar.o(.constdata)
    __mathlib_zero                           0x0800a678   Data           8  qnan.o(.constdata)
    Region$$Table$$Base                      0x0800a764   Number         0  anon$$obj.o(Region$$Table)
    Region$$Table$$Limit                     0x0800a784   Number         0  anon$$obj.o(Region$$Table)
    __aeabi_HUGE_VAL                         0x0800a784   Data           0  fpconst.o(c$$dinf)
    __aeabi_HUGE_VALL                        0x0800a784   Data           0  fpconst.o(c$$dinf)
    __aeabi_INFINITY                         0x0800a784   Data           0  fpconst.o(c$$dinf)
    __dInf                                   0x0800a784   Data           0  fpconst.o(c$$dinf)
    __huge_val                               0x0800a784   Data           0  fpconst.o(c$$dinf)
    __dbl_max                                0x0800a78c   Data           0  fpconst.o(c$$dmax)
    __ctype                                  0x0800a7bd   Data           0  lc_ctype_c.o(locale$$data)
    count                                    0x2000002c   Data           4  ultrasonicwave.o(.data)
    q0                                       0x2000003c   Data           4  mpu6050.o(.data)
    q1                                       0x20000040   Data           4  mpu6050.o(.data)
    q2                                       0x20000044   Data           4  mpu6050.o(.data)
    q3                                       0x20000048   Data           4  mpu6050.o(.data)
    Pitch                                    0x2000004c   Data           4  mpu6050.o(.data)
    Roll                                     0x20000050   Data           4  mpu6050.o(.data)
    Yaw                                      0x20000054   Data           4  mpu6050.o(.data)
    sensor_timestamp                         0x20000058   Data           4  mpu6050.o(.data)
    gyro                                     0x2000005c   Data           6  mpu6050.o(.data)
    accel                                    0x20000062   Data           6  mpu6050.o(.data)
    sensors                                  0x20000068   Data           2  mpu6050.o(.data)
    more                                     0x2000006a   Data           1  mpu6050.o(.data)
    newLineReceived                          0x2000006c   Data           1  upstandingcar.o(.data)
    enCarState                               0x2000006d   Data           1  upstandingcar.o(.data)
    g_newcarstate                            0x20000070   Data           4  upstandingcar.o(.data)
    returntemp                               0x20000074   Data          33  upstandingcar.o(.data)
    piddisplay                               0x20000095   Data          50  upstandingcar.o(.data)
    BST_u8MainEventCount                     0x200000c7   Data           1  upstandingcar.o(.data)
    BST_u8SpeedControlCount                  0x200000c8   Data           1  upstandingcar.o(.data)
    BST_u8SpeedControlPeriod                 0x200000c9   Data           1  upstandingcar.o(.data)
    BST_u8DirectionControlPeriod             0x200000ca   Data           1  upstandingcar.o(.data)
    BST_u8DirectionControlCount              0x200000cb   Data           1  upstandingcar.o(.data)
    BST_u8trig                               0x200000cc   Data           1  upstandingcar.o(.data)
    ucBluetoothValue                         0x200000cd   Data           1  upstandingcar.o(.data)
    volt                                     0x200000d0   Data           4  upstandingcar.o(.data)
    BST_fSpeedControlOut                     0x200000d4   Data           4  upstandingcar.o(.data)
    BST_fSpeedControlOutOld                  0x200000d8   Data           4  upstandingcar.o(.data)
    BST_fSpeedControlOutNew                  0x200000dc   Data           4  upstandingcar.o(.data)
    BST_fAngleControlOut                     0x200000e0   Data           4  upstandingcar.o(.data)
    BST_fLeftMotorOut                        0x200000e4   Data           4  upstandingcar.o(.data)
    BST_fRightMotorOut                       0x200000e8   Data           4  upstandingcar.o(.data)
    BST_fCarAngle                            0x200000ec   Data           4  upstandingcar.o(.data)
    gyro_z                                   0x200000f0   Data           4  upstandingcar.o(.data)
    gyrx                                     0x200000f4   Data           4  upstandingcar.o(.data)
    gy0                                      0x200000f8   Data           4  upstandingcar.o(.data)
    BST_fCarAngle_P                          0x200000fc   Data           4  upstandingcar.o(.data)
    BST_fCarAngle_D                          0x20000100   Data           4  upstandingcar.o(.data)
    BST_fCarSpeed_P                          0x20000104   Data           4  upstandingcar.o(.data)
    BST_fCarSpeed_I                          0x20000108   Data           4  upstandingcar.o(.data)
    iap                                      0x2000010c   Data           4  upstandingcar.o(.data)
    BST_s16LeftMotorPulse                    0x20000110   Data           2  upstandingcar.o(.data)
    BST_s16RightMotorPulse                   0x20000112   Data           2  upstandingcar.o(.data)
    BST_s32LeftMotorPulseOld                 0x20000114   Data           4  upstandingcar.o(.data)
    BST_s32RightMotorPulseOld                0x20000118   Data           4  upstandingcar.o(.data)
    BST_s32LeftMotorPulseSigma               0x2000011c   Data           4  upstandingcar.o(.data)
    BST_s32RightMotorPulseSigma              0x20000120   Data           4  upstandingcar.o(.data)
    BST_fCarSpeed                            0x20000124   Data           4  upstandingcar.o(.data)
    BST_fCarSpeedOld                         0x20000128   Data           4  upstandingcar.o(.data)
    BST_fCarPosition                         0x2000012c   Data           4  upstandingcar.o(.data)
    leftstop                                 0x20000130   Data           4  upstandingcar.o(.data)
    rightstop                                0x20000134   Data           4  upstandingcar.o(.data)
    stopflag                                 0x20000138   Data           4  upstandingcar.o(.data)
    fchaoshengbo                             0x2000013c   Data           4  upstandingcar.o(.data)
    juli                                     0x20000140   Data           4  upstandingcar.o(.data)
    BST_fBluetoothSpeed                      0x20000144   Data           4  upstandingcar.o(.data)
    BST_fBluetoothDirectionNew               0x20000148   Data           4  upstandingcar.o(.data)
    BST_fBluetoothDirectionSL                0x2000014c   Data           4  upstandingcar.o(.data)
    BST_fBluetoothDirectionSR                0x20000150   Data           4  upstandingcar.o(.data)
    chaoflag                                 0x20000154   Data           4  upstandingcar.o(.data)
    x                                        0x20000158   Data           4  upstandingcar.o(.data)
    y1                                       0x2000015c   Data           4  upstandingcar.o(.data)
    z1                                       0x20000160   Data           4  upstandingcar.o(.data)
    y2                                       0x20000164   Data           4  upstandingcar.o(.data)
    z2                                       0x20000168   Data           4  upstandingcar.o(.data)
    flagbt                                   0x2000016c   Data           4  upstandingcar.o(.data)
    g_autoup                                 0x20000170   Data           4  upstandingcar.o(.data)
    g_uptimes                                0x20000174   Data           4  upstandingcar.o(.data)
    kp                                       0x20000178   Data           1  upstandingcar.o(.data)
    kd                                       0x20000179   Data           1  upstandingcar.o(.data)
    ksp                                      0x2000017a   Data           1  upstandingcar.o(.data)
    ksi                                      0x2000017b   Data           1  upstandingcar.o(.data)
    dac                                      0x2000017c   Data           4  upstandingcar.o(.data)
    dgy                                      0x20000180   Data           4  upstandingcar.o(.data)
    BST_fBluetoothDirectionL                 0x20000184   Data           4  upstandingcar.o(.data)
    BST_fBluetoothDirectionR                 0x20000188   Data           4  upstandingcar.o(.data)
    driectionxco                             0x2000018c   Data           4  upstandingcar.o(.data)
    Q_angle                                  0x20000190   Data           4  upstandingcar.o(.data)
    Q_gyro                                   0x20000194   Data           4  upstandingcar.o(.data)
    R_angle                                  0x20000198   Data           4  upstandingcar.o(.data)
    dt                                       0x2000019c   Data           4  upstandingcar.o(.data)
    C_0                                      0x200001a0   Data           1  upstandingcar.o(.data)
    Q_bias                                   0x200001a4   Data           4  upstandingcar.o(.data)
    Angle_err                                0x200001a8   Data           4  upstandingcar.o(.data)
    PCt_0                                    0x200001ac   Data           4  upstandingcar.o(.data)
    PCt_1                                    0x200001b0   Data           4  upstandingcar.o(.data)
    E                                        0x200001b4   Data           4  upstandingcar.o(.data)
    K_0                                      0x200001b8   Data           4  upstandingcar.o(.data)
    K_1                                      0x200001bc   Data           4  upstandingcar.o(.data)
    t_0                                      0x200001c0   Data           4  upstandingcar.o(.data)
    t_1                                      0x200001c4   Data           4  upstandingcar.o(.data)
    PP                                       0x200001c8   Data          16  upstandingcar.o(.data)
    num                                      0x200001d8   Data           4  upstandingcar.o(.data)
    startBit                                 0x200001dc   Data           1  upstandingcar.o(.data)
    int9num                                  0x200001e0   Data           4  upstandingcar.o(.data)
    SystemCoreClock                          0x200001f8   Data           4  system_stm32f10x.o(.data)
    AHBPrescTable                            0x200001fc   Data          16  system_stm32f10x.o(.data)
    quat                                     0x2000021c   Data          16  mpu6050.o(.bss)
    inputString                              0x2000022c   Data          80  upstandingcar.o(.bss)
    ProtocolString                           0x2000027c   Data          80  upstandingcar.o(.bss)
    manydisplay                              0x200002cc   Data          80  upstandingcar.o(.bss)
    updata                                   0x2000031c   Data          80  upstandingcar.o(.bss)
    alldata                                  0x2000036c   Data          80  upstandingcar.o(.bss)
    charkp                                   0x200003bc   Data          10  upstandingcar.o(.bss)
    charkd                                   0x200003c6   Data          10  upstandingcar.o(.bss)
    charksp                                  0x200003d0   Data          10  upstandingcar.o(.bss)
    charksi                                  0x200003da   Data          10  upstandingcar.o(.bss)
    lspeed                                   0x200003e4   Data          10  upstandingcar.o(.bss)
    rspeed                                   0x200003ee   Data          10  upstandingcar.o(.bss)
    daccel                                   0x200003f8   Data          10  upstandingcar.o(.bss)
    dgyro                                    0x20000402   Data          10  upstandingcar.o(.bss)
    csb                                      0x2000040c   Data          10  upstandingcar.o(.bss)
    vi                                       0x20000416   Data          10  upstandingcar.o(.bss)
    Pdot                                     0x20000420   Data          16  upstandingcar.o(.bss)
    __libspace_start                         0x20000430   Data          96  libspace.o(.bss)
    __temporary_stack_top$libspace           0x20000490   Data           0  libspace.o(.bss)



==============================================================================

Memory Map of the image

  Image Entry point : 0x080000ed

  Load Region LR_IROM1 (Base: 0x08000000, Size: 0x0000aacc, Max: 0x00010000, ABSOLUTE, COMPRESSED[0x0000a938])

    Execution Region ER_IROM1 (Exec base: 0x08000000, Load base: 0x08000000, Size: 0x0000a8c0, Max: 0x00010000, ABSOLUTE)

    Exec Addr    Load Addr    Size         Type   Attr      Idx    E Section Name        Object

    0x08000000   0x08000000   0x000000ec   Data   RO           19    RESET               startup_stm32f10x_md.o
    0x080000ec   0x080000ec   0x00000008   Code   RO         4431  * !!!main             c_w.l(__main.o)
    0x080000f4   0x080000f4   0x00000034   Code   RO         4860    !!!scatter          c_w.l(__scatter.o)
    0x08000128   0x08000128   0x0000005a   Code   RO         4858    !!dczerorl2         c_w.l(__dczerorl2.o)
    0x08000182   0x08000182   0x00000002   PAD
    0x08000184   0x08000184   0x0000001c   Code   RO         4862    !!handler_zi        c_w.l(__scatter_zi.o)
    0x080001a0   0x080001a0   0x00000000   Code   RO         4412    .ARM.Collect$$_printf_percent$$00000000  c_w.l(_printf_percent.o)
    0x080001a0   0x080001a0   0x00000006   Code   RO         4411    .ARM.Collect$$_printf_percent$$00000003  c_w.l(_printf_f.o)
    0x080001a6   0x080001a6   0x00000004   Code   RO         4526    .ARM.Collect$$_printf_percent$$00000017  c_w.l(_printf_percent_end.o)
    0x080001aa   0x080001aa   0x00000002   Code   RO         4676    .ARM.Collect$$libinit$$00000000  c_w.l(libinit.o)
    0x080001ac   0x080001ac   0x00000000   Code   RO         4678    .ARM.Collect$$libinit$$00000002  c_w.l(libinit2.o)
    0x080001ac   0x080001ac   0x00000000   Code   RO         4680    .ARM.Collect$$libinit$$00000004  c_w.l(libinit2.o)
    0x080001ac   0x080001ac   0x00000000   Code   RO         4683    .ARM.Collect$$libinit$$0000000A  c_w.l(libinit2.o)
    0x080001ac   0x080001ac   0x00000000   Code   RO         4685    .ARM.Collect$$libinit$$0000000C  c_w.l(libinit2.o)
    0x080001ac   0x080001ac   0x00000000   Code   RO         4687    .ARM.Collect$$libinit$$0000000E  c_w.l(libinit2.o)
    0x080001ac   0x080001ac   0x00000006   Code   RO         4688    .ARM.Collect$$libinit$$0000000F  c_w.l(libinit2.o)
    0x080001b2   0x080001b2   0x00000000   Code   RO         4690    .ARM.Collect$$libinit$$00000011  c_w.l(libinit2.o)
    0x080001b2   0x080001b2   0x0000000c   Code   RO         4691    .ARM.Collect$$libinit$$00000012  c_w.l(libinit2.o)
    0x080001be   0x080001be   0x00000000   Code   RO         4692    .ARM.Collect$$libinit$$00000013  c_w.l(libinit2.o)
    0x080001be   0x080001be   0x00000000   Code   RO         4694    .ARM.Collect$$libinit$$00000015  c_w.l(libinit2.o)
    0x080001be   0x080001be   0x0000000a   Code   RO         4695    .ARM.Collect$$libinit$$00000016  c_w.l(libinit2.o)
    0x080001c8   0x080001c8   0x00000000   Code   RO         4696    .ARM.Collect$$libinit$$00000017  c_w.l(libinit2.o)
    0x080001c8   0x080001c8   0x00000000   Code   RO         4698    .ARM.Collect$$libinit$$00000019  c_w.l(libinit2.o)
    0x080001c8   0x080001c8   0x00000000   Code   RO         4700    .ARM.Collect$$libinit$$0000001B  c_w.l(libinit2.o)
    0x080001c8   0x080001c8   0x00000000   Code   RO         4702    .ARM.Collect$$libinit$$0000001D  c_w.l(libinit2.o)
    0x080001c8   0x080001c8   0x00000000   Code   RO         4704    .ARM.Collect$$libinit$$0000001F  c_w.l(libinit2.o)
    0x080001c8   0x080001c8   0x00000000   Code   RO         4706    .ARM.Collect$$libinit$$00000021  c_w.l(libinit2.o)
    0x080001c8   0x080001c8   0x00000000   Code   RO         4708    .ARM.Collect$$libinit$$00000023  c_w.l(libinit2.o)
    0x080001c8   0x080001c8   0x00000000   Code   RO         4710    .ARM.Collect$$libinit$$00000025  c_w.l(libinit2.o)
    0x080001c8   0x080001c8   0x00000000   Code   RO         4714    .ARM.Collect$$libinit$$0000002C  c_w.l(libinit2.o)
    0x080001c8   0x080001c8   0x00000000   Code   RO         4716    .ARM.Collect$$libinit$$0000002E  c_w.l(libinit2.o)
    0x080001c8   0x080001c8   0x00000000   Code   RO         4718    .ARM.Collect$$libinit$$00000030  c_w.l(libinit2.o)
    0x080001c8   0x080001c8   0x00000000   Code   RO         4720    .ARM.Collect$$libinit$$00000032  c_w.l(libinit2.o)
    0x080001c8   0x080001c8   0x00000002   Code   RO         4721    .ARM.Collect$$libinit$$00000033  c_w.l(libinit2.o)
    0x080001ca   0x080001ca   0x00000002   Code   RO         4802    .ARM.Collect$$libshutdown$$00000000  c_w.l(libshutdown.o)
    0x080001cc   0x080001cc   0x00000000   Code   RO         4825    .ARM.Collect$$libshutdown$$00000002  c_w.l(libshutdown2.o)
    0x080001cc   0x080001cc   0x00000000   Code   RO         4827    .ARM.Collect$$libshutdown$$00000004  c_w.l(libshutdown2.o)
    0x080001cc   0x080001cc   0x00000000   Code   RO         4829    .ARM.Collect$$libshutdown$$00000006  c_w.l(libshutdown2.o)
    0x080001cc   0x080001cc   0x00000000   Code   RO         4832    .ARM.Collect$$libshutdown$$00000009  c_w.l(libshutdown2.o)
    0x080001cc   0x080001cc   0x00000000   Code   RO         4835    .ARM.Collect$$libshutdown$$0000000C  c_w.l(libshutdown2.o)
    0x080001cc   0x080001cc   0x00000000   Code   RO         4837    .ARM.Collect$$libshutdown$$0000000E  c_w.l(libshutdown2.o)
    0x080001cc   0x080001cc   0x00000000   Code   RO         4840    .ARM.Collect$$libshutdown$$00000011  c_w.l(libshutdown2.o)
    0x080001cc   0x080001cc   0x00000002   Code   RO         4841    .ARM.Collect$$libshutdown$$00000012  c_w.l(libshutdown2.o)
    0x080001ce   0x080001ce   0x00000000   Code   RO         4515    .ARM.Collect$$rtentry$$00000000  c_w.l(__rtentry.o)
    0x080001ce   0x080001ce   0x00000000   Code   RO         4582    .ARM.Collect$$rtentry$$00000002  c_w.l(__rtentry2.o)
    0x080001ce   0x080001ce   0x00000006   Code   RO         4594    .ARM.Collect$$rtentry$$00000004  c_w.l(__rtentry4.o)
    0x080001d4   0x080001d4   0x00000000   Code   RO         4584    .ARM.Collect$$rtentry$$00000009  c_w.l(__rtentry2.o)
    0x080001d4   0x080001d4   0x00000004   Code   RO         4585    .ARM.Collect$$rtentry$$0000000A  c_w.l(__rtentry2.o)
    0x080001d8   0x080001d8   0x00000000   Code   RO         4587    .ARM.Collect$$rtentry$$0000000C  c_w.l(__rtentry2.o)
    0x080001d8   0x080001d8   0x00000008   Code   RO         4588    .ARM.Collect$$rtentry$$0000000D  c_w.l(__rtentry2.o)
    0x080001e0   0x080001e0   0x00000002   Code   RO         4724    .ARM.Collect$$rtexit$$00000000  c_w.l(rtexit.o)
    0x080001e2   0x080001e2   0x00000000   Code   RO         4756    .ARM.Collect$$rtexit$$00000002  c_w.l(rtexit2.o)
    0x080001e2   0x080001e2   0x00000004   Code   RO         4757    .ARM.Collect$$rtexit$$00000003  c_w.l(rtexit2.o)
    0x080001e6   0x080001e6   0x00000006   Code   RO         4758    .ARM.Collect$$rtexit$$00000004  c_w.l(rtexit2.o)
    0x080001ec   0x080001ec   0x00000040   Code   RO           20    .text               startup_stm32f10x_md.o
    0x0800022c   0x0800022c   0x00000048   Code   RO         4381    .text               c_w.l(llsdiv.o)
    0x08000274   0x08000274   0x00000028   Code   RO         4385    .text               c_w.l(noretval__2sprintf.o)
    0x0800029c   0x0800029c   0x0000004e   Code   RO         4389    .text               c_w.l(_printf_pad.o)
    0x080002ea   0x080002ea   0x0000010e   Code   RO         4399    .text               c_w.l(__printf_wp.o)
    0x080003f8   0x080003f8   0x00000058   Code   RO         4413    .text               c_w.l(memcmp.o)
    0x08000450   0x08000450   0x0000003e   Code   RO         4415    .text               c_w.l(strlen.o)
    0x0800048e   0x0800048e   0x00000018   Code   RO         4417    .text               c_w.l(strcat.o)
    0x080004a6   0x080004a6   0x0000008a   Code   RO         4419    .text               c_w.l(rt_memcpy_v6.o)
    0x08000530   0x08000530   0x00000064   Code   RO         4421    .text               c_w.l(rt_memcpy_w.o)
    0x08000594   0x08000594   0x00000010   Code   RO         4423    .text               c_w.l(aeabi_memset.o)
    0x080005a4   0x080005a4   0x00000044   Code   RO         4425    .text               c_w.l(rt_memclr.o)
    0x080005e8   0x080005e8   0x0000004e   Code   RO         4427    .text               c_w.l(rt_memclr_w.o)
    0x08000636   0x08000636   0x00000006   Code   RO         4429    .text               c_w.l(heapauxi.o)
    0x0800063c   0x0800063c   0x000000ee   Code   RO         4516    .text               c_w.l(lludivv7m.o)
    0x0800072a   0x0800072a   0x00000016   Code   RO         4518    .text               c_w.l(_rserrno.o)
    0x08000740   0x08000740   0x0000041e   Code   RO         4520    .text               c_w.l(_printf_fp_dec.o)
    0x08000b5e   0x08000b5e   0x00000002   PAD
    0x08000b60   0x08000b60   0x00000030   Code   RO         4522    .text               c_w.l(_printf_char_common.o)
    0x08000b90   0x08000b90   0x0000000a   Code   RO         4524    .text               c_w.l(_sputc.o)
    0x08000b9a   0x08000b9a   0x00000002   PAD
    0x08000b9c   0x08000b9c   0x000000a4   Code   RO         4527    .text               c_w.l(strtod.o)
    0x08000c40   0x08000c40   0x00000008   Code   RO         4603    .text               c_w.l(rt_locale_intlibspace.o)
    0x08000c48   0x08000c48   0x00000008   Code   RO         4608    .text               c_w.l(rt_errno_addr_intlibspace.o)
    0x08000c50   0x08000c50   0x0000008a   Code   RO         4610    .text               c_w.l(lludiv10.o)
    0x08000cda   0x08000cda   0x00000012   Code   RO         4612    .text               c_w.l(isspace.o)
    0x08000cec   0x08000cec   0x00000080   Code   RO         4614    .text               c_w.l(_printf_fp_infnan.o)
    0x08000d6c   0x08000d6c   0x00000040   Code   RO         4618    .text               c_w.l(_sgetc.o)
    0x08000dac   0x08000dac   0x000000e4   Code   RO         4620    .text               c_w.l(bigflt0.o)
    0x08000e90   0x08000e90   0x00000008   Code   RO         4656    .text               c_w.l(libspace.o)
    0x08000e98   0x08000e98   0x0000004a   Code   RO         4659    .text               c_w.l(sys_stackheap_outer.o)
    0x08000ee2   0x08000ee2   0x00000002   PAD
    0x08000ee4   0x08000ee4   0x00000010   Code   RO         4661    .text               c_w.l(rt_ctype_table.o)
    0x08000ef4   0x08000ef4   0x000004f8   Code   RO         4665    .text               c_w.l(scanf_fp.o)
    0x080013ec   0x080013ec   0x00000012   Code   RO         4667    .text               c_w.l(exit.o)
    0x080013fe   0x080013fe   0x00000002   PAD
    0x08001400   0x08001400   0x00000080   Code   RO         4669    .text               c_w.l(strcmpv7m.o)
    0x08001480   0x08001480   0x00000320   Code   RO         4764    .text               c_w.l(scanf_hexfp.o)
    0x080017a0   0x080017a0   0x00000134   Code   RO         4766    .text               c_w.l(scanf_infnan.o)
    0x080018d4   0x080018d4   0x0000000c   Code   RO         4784    .text               c_w.l(sys_exit.o)
    0x080018e0   0x080018e0   0x00000026   Code   RO         4788    .text               c_w.l(llshl.o)
    0x08001906   0x08001906   0x0000001c   Code   RO         4790    .text               c_w.l(_chval.o)
    0x08001922   0x08001922   0x00000002   Code   RO         4817    .text               c_w.l(use_no_semi.o)
    0x08001924   0x08001924   0x00000000   Code   RO         4819    .text               c_w.l(indicate_semi.o)
    0x08001924   0x08001924   0x0000003e   Code   RO         4623    CL$$btod_d2e        c_w.l(btod.o)
    0x08001962   0x08001962   0x00000046   Code   RO         4625    CL$$btod_d2e_denorm_low  c_w.l(btod.o)
    0x080019a8   0x080019a8   0x00000060   Code   RO         4624    CL$$btod_d2e_norm_op1  c_w.l(btod.o)
    0x08001a08   0x08001a08   0x00000338   Code   RO         4633    CL$$btod_div_common  c_w.l(btod.o)
    0x08001d40   0x08001d40   0x00000084   Code   RO         4631    CL$$btod_e2d        c_w.l(btod.o)
    0x08001dc4   0x08001dc4   0x000000dc   Code   RO         4630    CL$$btod_e2e        c_w.l(btod.o)
    0x08001ea0   0x08001ea0   0x0000002a   Code   RO         4627    CL$$btod_ediv       c_w.l(btod.o)
    0x08001eca   0x08001eca   0x0000002a   Code   RO         4629    CL$$btod_edivd      c_w.l(btod.o)
    0x08001ef4   0x08001ef4   0x0000002a   Code   RO         4626    CL$$btod_emul       c_w.l(btod.o)
    0x08001f1e   0x08001f1e   0x0000002a   Code   RO         4628    CL$$btod_emuld      c_w.l(btod.o)
    0x08001f48   0x08001f48   0x00000244   Code   RO         4632    CL$$btod_mult_common  c_w.l(btod.o)
    0x0800218c   0x0800218c   0x00000016   Code   RO         1155    i.ADC_Cmd           stm32f10x_adc.o
    0x080021a2   0x080021a2   0x00000002   PAD
    0x080021a4   0x080021a4   0x0000005c   Code   RO         1157    i.ADC_DeInit        stm32f10x_adc.o
    0x08002200   0x08002200   0x00000014   Code   RO         1163    i.ADC_GetCalibrationStatus  stm32f10x_adc.o
    0x08002214   0x08002214   0x00000008   Code   RO         1164    i.ADC_GetConversionValue  stm32f10x_adc.o
    0x0800221c   0x0800221c   0x00000012   Code   RO         1166    i.ADC_GetFlagStatus  stm32f10x_adc.o
    0x0800222e   0x0800222e   0x00000014   Code   RO         1169    i.ADC_GetResetCalibrationStatus  stm32f10x_adc.o
    0x08002242   0x08002242   0x00000002   PAD
    0x08002244   0x08002244   0x00000050   Code   RO         1173    i.ADC_Init          stm32f10x_adc.o
    0x08002294   0x08002294   0x000000b8   Code   RO         1177    i.ADC_RegularChannelConfig  stm32f10x_adc.o
    0x0800234c   0x0800234c   0x0000000a   Code   RO         1178    i.ADC_ResetCalibration  stm32f10x_adc.o
    0x08002356   0x08002356   0x00000016   Code   RO         1180    i.ADC_SoftwareStartConvCmd  stm32f10x_adc.o
    0x0800236c   0x0800236c   0x0000000a   Code   RO         1182    i.ADC_StartCalibration  stm32f10x_adc.o
    0x08002376   0x08002376   0x00000002   PAD
    0x08002378   0x08002378   0x0000008c   Code   RO           24    i.Adc_Init          adc.o
    0x08002404   0x08002404   0x000000f4   Code   RO          984    i.AngleControl      upstandingcar.o
    0x080024f8   0x080024f8   0x00000004   Code   RO         4144    i.BusFault_Handler  stm32f10x_it.o
    0x080024fc   0x080024fc   0x00000338   Code   RO          985    i.CalcUpData        upstandingcar.o
    0x08002834   0x08002834   0x000000cc   Code   RO          986    i.CarStateOut       upstandingcar.o
    0x08002900   0x08002900   0x000000b4   Code   RO          987    i.CarUpstandInit    upstandingcar.o
    0x080029b4   0x080029b4   0x00000002   Code   RO         4145    i.DebugMon_Handler  stm32f10x_it.o
    0x080029b6   0x080029b6   0x00000002   PAD
    0x080029b8   0x080029b8   0x0000006c   Code   RO          868    i.EXTI1_IRQHandler  ultrasonicwave.o
    0x08002a24   0x08002a24   0x0000000c   Code   RO         1929    i.EXTI_ClearITPendingBit  stm32f10x_exti.o
    0x08002a30   0x08002a30   0x00000028   Code   RO         1933    i.EXTI_GetITStatus  stm32f10x_exti.o
    0x08002a58   0x08002a58   0x00000094   Code   RO         1934    i.EXTI_Init         stm32f10x_exti.o
    0x08002aec   0x08002aec   0x00000040   Code   RO         2285    i.GPIO_EXTILineConfig  stm32f10x_gpio.o
    0x08002b2c   0x08002b2c   0x00000116   Code   RO         2288    i.GPIO_Init         stm32f10x_gpio.o
    0x08002c42   0x08002c42   0x00000002   PAD
    0x08002c44   0x08002c44   0x00000090   Code   RO         2290    i.GPIO_PinRemapConfig  stm32f10x_gpio.o
    0x08002cd4   0x08002cd4   0x00000012   Code   RO         2292    i.GPIO_ReadInputDataBit  stm32f10x_gpio.o
    0x08002ce6   0x08002ce6   0x00000004   Code   RO         2295    i.GPIO_ResetBits    stm32f10x_gpio.o
    0x08002cea   0x08002cea   0x00000004   Code   RO         2296    i.GPIO_SetBits      stm32f10x_gpio.o
    0x08002cee   0x08002cee   0x00000010   Code   RO         2297    i.GPIO_StructInit   stm32f10x_gpio.o
    0x08002cfe   0x08002cfe   0x00000002   PAD
    0x08002d00   0x08002d00   0x0000007c   Code   RO          988    i.GetMotorPulse     upstandingcar.o
    0x08002d7c   0x08002d7c   0x00000034   Code   RO           25    i.Get_Adc           adc.o
    0x08002db0   0x08002db0   0x00000004   Code   RO         4146    i.HardFault_Handler  stm32f10x_it.o
    0x08002db4   0x08002db4   0x0000003c   Code   RO           86    i.I2C_Ack           i2c.o
    0x08002df0   0x08002df0   0x0000003c   Code   RO           87    i.I2C_NoAck         i2c.o
    0x08002e2c   0x08002e2c   0x00000058   Code   RO           88    i.I2C_ReceiveByte   i2c.o
    0x08002e84   0x08002e84   0x0000005c   Code   RO           89    i.I2C_SendByte      i2c.o
    0x08002ee0   0x08002ee0   0x00000060   Code   RO           90    i.I2C_Start         i2c.o
    0x08002f40   0x08002f40   0x0000003c   Code   RO           91    i.I2C_Stop          i2c.o
    0x08002f7c   0x08002f7c   0x00000054   Code   RO           92    i.I2C_WaitAck       i2c.o
    0x08002fd0   0x08002fd0   0x00000016   Code   RO           93    i.I2C_delay         i2c.o
    0x08002fe6   0x08002fe6   0x00000002   PAD
    0x08002fe8   0x08002fe8   0x00000038   Code   RO          241    i.MOTOR_GPIO_Config  motor.o
    0x08003020   0x08003020   0x000003b4   Code   RO          899    i.MPU6050_Init      mpu6050.o
    0x080033d4   0x080033d4   0x00000270   Code   RO          900    i.MPU6050_Pose      mpu6050.o
    0x08003644   0x08003644   0x00000004   Code   RO         4147    i.MemManage_Handler  stm32f10x_it.o
    0x08003648   0x08003648   0x000000d4   Code   RO          989    i.MotorOutput       upstandingcar.o
    0x0800371c   0x0800371c   0x00000002   Code   RO         4148    i.NMI_Handler       stm32f10x_it.o
    0x0800371e   0x0800371e   0x00000028   Code   RO         4301    i.NVIC_Configurationusart3  usart.o
    0x08003746   0x08003746   0x00000002   PAD
    0x08003748   0x08003748   0x00000070   Code   RO         1113    i.NVIC_Init         misc.o
    0x080037b8   0x080037b8   0x00000014   Code   RO         1114    i.NVIC_PriorityGroupConfig  misc.o
    0x080037cc   0x080037cc   0x00000002   Code   RO         4149    i.PendSV_Handler    stm32f10x_it.o
    0x080037ce   0x080037ce   0x00000018   Code   RO         4302    i.PrintChar         usart.o
    0x080037e6   0x080037e6   0x00000002   PAD
    0x080037e8   0x080037e8   0x000002d4   Code   RO          990    i.Protocol          upstandingcar.o
    0x08003abc   0x08003abc   0x00000028   Code   RO          991    i.ProtocolCpyData   upstandingcar.o
    0x08003ae4   0x08003ae4   0x0000018c   Code   RO          992    i.ProtocolGetPID    upstandingcar.o
    0x08003c70   0x08003c70   0x00000018   Code   RO         2708    i.RCC_ADCCLKConfig  stm32f10x_rcc.o
    0x08003c88   0x08003c88   0x00000020   Code   RO         2710    i.RCC_APB1PeriphClockCmd  stm32f10x_rcc.o
    0x08003ca8   0x08003ca8   0x00000020   Code   RO         2711    i.RCC_APB1PeriphResetCmd  stm32f10x_rcc.o
    0x08003cc8   0x08003cc8   0x00000020   Code   RO         2712    i.RCC_APB2PeriphClockCmd  stm32f10x_rcc.o
    0x08003ce8   0x08003ce8   0x00000020   Code   RO         2713    i.RCC_APB2PeriphResetCmd  stm32f10x_rcc.o
    0x08003d08   0x08003d08   0x000000d4   Code   RO         2720    i.RCC_GetClocksFreq  stm32f10x_rcc.o
    0x08003ddc   0x08003ddc   0x000000c4   Code   RO          993    i.ResetPID          upstandingcar.o
    0x08003ea0   0x08003ea0   0x00000002   Code   RO         4150    i.SVC_Handler       stm32f10x_it.o
    0x08003ea2   0x08003ea2   0x00000002   PAD
    0x08003ea4   0x08003ea4   0x00000040   Code   RO          994    i.SendAutoUp        upstandingcar.o
    0x08003ee4   0x08003ee4   0x00000164   Code   RO          995    i.SetMotorVoltageAndDirection  upstandingcar.o
    0x08004048   0x08004048   0x00000008   Code   RO         4231    i.SetSysClock       system_stm32f10x.o
    0x08004050   0x08004050   0x000000e0   Code   RO         4232    i.SetSysClockTo72   system_stm32f10x.o
    0x08004130   0x08004130   0x000001c0   Code   RO          996    i.SpeedControl      upstandingcar.o
    0x080042f0   0x080042f0   0x0000004a   Code   RO          997    i.StringFind        upstandingcar.o
    0x0800433a   0x0800433a   0x00000002   PAD
    0x0800433c   0x0800433c   0x00000090   Code   RO         4151    i.SysTick_Handler   stm32f10x_it.o
    0x080043cc   0x080043cc   0x00000078   Code   RO          952    i.SysTick_Init      systick.o
    0x08004444   0x08004444   0x00000060   Code   RO         4234    i.SystemInit        system_stm32f10x.o
    0x080044a4   0x080044a4   0x00000080   Code   RO         3337    i.TI1_Config        stm32f10x_tim.o
    0x08004524   0x08004524   0x00000098   Code   RO         3338    i.TI2_Config        stm32f10x_tim.o
    0x080045bc   0x080045bc   0x00000090   Code   RO         3339    i.TI3_Config        stm32f10x_tim.o
    0x0800464c   0x0800464c   0x00000098   Code   RO         3340    i.TI4_Config        stm32f10x_tim.o
    0x080046e4   0x080046e4   0x0000001c   Code   RO          829    i.TIM1_UP_IRQHandler  timer.o
    0x08004700   0x08004700   0x00000034   Code   RO          242    i.TIM2_GPIO_Config  motor.o
    0x08004734   0x08004734   0x00000086   Code   RO          243    i.TIM2_Mode_Config  motor.o
    0x080047ba   0x080047ba   0x0000000c   Code   RO          245    i.TIM2_PWM_Init     motor.o
    0x080047c6   0x080047c6   0x00000002   PAD
    0x080047c8   0x080047c8   0x000000cc   Code   RO          246    i.TIM3_Encoder_Init  motor.o
    0x08004894   0x08004894   0x00000014   Code   RO          248    i.TIM3_IRQHandler   motor.o
    0x080048a8   0x080048a8   0x000000cc   Code   RO          249    i.TIM4_Encoder_Init  motor.o
    0x08004974   0x08004974   0x00000014   Code   RO          251    i.TIM4_IRQHandler   motor.o
    0x08004988   0x08004988   0x00000018   Code   RO         3341    i.TIM_ARRPreloadConfig  stm32f10x_tim.o
    0x080049a0   0x080049a0   0x00000006   Code   RO         3347    i.TIM_ClearFlag     stm32f10x_tim.o
    0x080049a6   0x080049a6   0x00000006   Code   RO         3348    i.TIM_ClearITPendingBit  stm32f10x_tim.o
    0x080049ac   0x080049ac   0x00000018   Code   RO         3353    i.TIM_Cmd           stm32f10x_tim.o
    0x080049c4   0x080049c4   0x000001e8   Code   RO         3358    i.TIM_DeInit        stm32f10x_tim.o
    0x08004bac   0x08004bac   0x00000042   Code   RO         3362    i.TIM_EncoderInterfaceConfig  stm32f10x_tim.o
    0x08004bee   0x08004bee   0x00000006   Code   RO         3372    i.TIM_GetCounter    stm32f10x_tim.o
    0x08004bf4   0x08004bf4   0x00000022   Code   RO         3374    i.TIM_GetITStatus   stm32f10x_tim.o
    0x08004c16   0x08004c16   0x00000002   PAD
    0x08004c18   0x08004c18   0x000000ac   Code   RO         3376    i.TIM_ICInit        stm32f10x_tim.o
    0x08004cc4   0x08004cc4   0x00000012   Code   RO         3377    i.TIM_ICStructInit  stm32f10x_tim.o
    0x08004cd6   0x08004cd6   0x00000012   Code   RO         3378    i.TIM_ITConfig      stm32f10x_tim.o
    0x08004ce8   0x08004ce8   0x000000a0   Code   RO         3392    i.TIM_OC3Init       stm32f10x_tim.o
    0x08004d88   0x08004d88   0x00000012   Code   RO         3395    i.TIM_OC3PreloadConfig  stm32f10x_tim.o
    0x08004d9a   0x08004d9a   0x00000002   PAD
    0x08004d9c   0x08004d9c   0x0000007c   Code   RO         3397    i.TIM_OC4Init       stm32f10x_tim.o
    0x08004e18   0x08004e18   0x0000001a   Code   RO         3399    i.TIM_OC4PreloadConfig  stm32f10x_tim.o
    0x08004e32   0x08004e32   0x00000004   Code   RO         3416    i.TIM_SetCompare3   stm32f10x_tim.o
    0x08004e36   0x08004e36   0x00000006   Code   RO         3417    i.TIM_SetCompare4   stm32f10x_tim.o
    0x08004e3c   0x08004e3c   0x00000004   Code   RO         3418    i.TIM_SetCounter    stm32f10x_tim.o
    0x08004e40   0x08004e40   0x00000012   Code   RO         3419    i.TIM_SetIC1Prescaler  stm32f10x_tim.o
    0x08004e52   0x08004e52   0x0000001a   Code   RO         3420    i.TIM_SetIC2Prescaler  stm32f10x_tim.o
    0x08004e6c   0x08004e6c   0x00000012   Code   RO         3421    i.TIM_SetIC3Prescaler  stm32f10x_tim.o
    0x08004e7e   0x08004e7e   0x0000001a   Code   RO         3422    i.TIM_SetIC4Prescaler  stm32f10x_tim.o
    0x08004e98   0x08004e98   0x000000a4   Code   RO         3424    i.TIM_TimeBaseInit  stm32f10x_tim.o
    0x08004f3c   0x08004f3c   0x00000012   Code   RO         3425    i.TIM_TimeBaseStructInit  stm32f10x_tim.o
    0x08004f4e   0x08004f4e   0x00000002   PAD
    0x08004f50   0x08004f50   0x00000060   Code   RO          830    i.Timerx_Init       timer.o
    0x08004fb0   0x08004fb0   0x00000018   Code   RO         4303    i.UART3_Send_Char   usart.o
    0x08004fc8   0x08004fc8   0x0000007c   Code   RO         4304    i.USART1_Config     usart.o
    0x08005044   0x08005044   0x00000020   Code   RO         4305    i.USART1_Send_Byte  usart.o
    0x08005064   0x08005064   0x00000090   Code   RO         4307    i.USART3_Config     usart.o
    0x080050f4   0x080050f4   0x000000b0   Code   RO          998    i.USART3_IRQHandler  upstandingcar.o
    0x080051a4   0x080051a4   0x00000020   Code   RO         4308    i.USART3_Send_Byte  usart.o
    0x080051c4   0x080051c4   0x00000012   Code   RO         3885    i.USART_ClearFlag   stm32f10x_usart.o
    0x080051d6   0x080051d6   0x0000001e   Code   RO         3886    i.USART_ClearITPendingBit  stm32f10x_usart.o
    0x080051f4   0x080051f4   0x00000018   Code   RO         3889    i.USART_Cmd         stm32f10x_usart.o
    0x0800520c   0x0800520c   0x0000001a   Code   RO         3892    i.USART_GetFlagStatus  stm32f10x_usart.o
    0x08005226   0x08005226   0x0000004a   Code   RO         3895    i.USART_ITConfig    stm32f10x_usart.o
    0x08005270   0x08005270   0x000000d8   Code   RO         3896    i.USART_Init        stm32f10x_usart.o
    0x08005348   0x08005348   0x0000000a   Code   RO         3903    i.USART_ReceiveData  stm32f10x_usart.o
    0x08005352   0x08005352   0x00000008   Code   RO         3906    i.USART_SendData    stm32f10x_usart.o
    0x0800535a   0x0800535a   0x00000002   PAD
    0x0800535c   0x0800535c   0x0000008c   Code   RO          869    i.UltrasonicWave_Configuration  ultrasonicwave.o
    0x080053e8   0x080053e8   0x00000020   Code   RO          870    i.UltrasonicWave_StartMeasure  ultrasonicwave.o
    0x08005408   0x08005408   0x00000004   Code   RO         4152    i.UsageFault_Handler  stm32f10x_it.o
    0x0800540c   0x0800540c   0x00000028   Code   RO         4568    i.__ARM_fpclassify  m_ws.l(fpclassify.o)
    0x08005434   0x08005434   0x000000aa   Code   RO         4570    i.__kernel_poly     m_ws.l(poly.o)
    0x080054de   0x080054de   0x00000006   Code   RO         4555    i.__mathlib_dbl_infnan  m_ws.l(dunder.o)
    0x080054e4   0x080054e4   0x00000004   Code   RO         4556    i.__mathlib_dbl_infnan2  m_ws.l(dunder.o)
    0x080054e8   0x080054e8   0x0000000c   Code   RO         4557    i.__mathlib_dbl_invalid  m_ws.l(dunder.o)
    0x080054f4   0x080054f4   0x0000000e   Code   RO         4558    i.__mathlib_dbl_overflow  m_ws.l(dunder.o)
    0x08005502   0x08005502   0x00000002   PAD
    0x08005504   0x08005504   0x00000010   Code   RO         4560    i.__mathlib_dbl_underflow  m_ws.l(dunder.o)
    0x08005514   0x08005514   0x00000010   Code   RO         4749    i.__mathlib_narrow  m_ws.l(narrow.o)
    0x08005524   0x08005524   0x000000bc   Code   RO         4750    i.__mathlib_tofloat  m_ws.l(narrow.o)
    0x080055e0   0x080055e0   0x00000016   Code   RO         4804    i.__support_ldexp   m_ws.l(ldexp.o)
    0x080055f6   0x080055f6   0x0000000e   Code   RO         4401    i._is_digit         c_w.l(__printf_wp.o)
    0x08005604   0x08005604   0x000000a8   Code   RO          320    i.accel_self_test   inv_mpu.o
    0x080056ac   0x080056ac   0x00000270   Code   RO         4494    i.asin              m_ws.l(asin.o)
    0x0800591c   0x0800591c   0x00000220   Code   RO         4545    i.atan              m_ws.l(atan.o)
    0x08005b3c   0x08005b3c   0x0000019c   Code   RO         4504    i.atan2             m_ws.l(atan2.o)
    0x08005cd8   0x08005cd8   0x0000002a   Code   RO         4512    i.atof              m_ws.l(atof.o)
    0x08005d02   0x08005d02   0x00000002   PAD
    0x08005d04   0x08005d04   0x000000b4   Code   RO          999    i.chaoshengbo       upstandingcar.o
    0x08005db8   0x08005db8   0x00000064   Code   RO          623    i.decode_gesture    inv_mpu_dmp_motion_driver.o
    0x08005e1c   0x08005e1c   0x00000018   Code   RO         4265    i.delay_ms          delay.o
    0x08005e34   0x08005e34   0x00000020   Code   RO         1000    i.delay_nms         upstandingcar.o
    0x08005e54   0x08005e54   0x0000001a   Code   RO         4266    i.delay_us          delay.o
    0x08005e6e   0x08005e6e   0x0000003c   Code   RO          624    i.dmp_enable_6x_lp_quat  inv_mpu_dmp_motion_driver.o
    0x08005eaa   0x08005eaa   0x00000002   PAD
    0x08005eac   0x08005eac   0x0000021c   Code   RO          625    i.dmp_enable_feature  inv_mpu_dmp_motion_driver.o
    0x080060c8   0x080060c8   0x00000058   Code   RO          626    i.dmp_enable_gyro_cal  inv_mpu_dmp_motion_driver.o
    0x08006120   0x08006120   0x0000003c   Code   RO          627    i.dmp_enable_lp_quat  inv_mpu_dmp_motion_driver.o
    0x0800615c   0x0800615c   0x00000018   Code   RO          632    i.dmp_load_motion_driver_firmware  inv_mpu_dmp_motion_driver.o
    0x08006174   0x08006174   0x000001cc   Code   RO          633    i.dmp_read_fifo     inv_mpu_dmp_motion_driver.o
    0x08006340   0x08006340   0x00000130   Code   RO          636    i.dmp_set_accel_bias  inv_mpu_dmp_motion_driver.o
    0x08006470   0x08006470   0x00000070   Code   RO          637    i.dmp_set_fifo_rate  inv_mpu_dmp_motion_driver.o
    0x080064e0   0x080064e0   0x00000130   Code   RO          638    i.dmp_set_gyro_bias  inv_mpu_dmp_motion_driver.o
    0x08006610   0x08006610   0x00000138   Code   RO          640    i.dmp_set_orientation  inv_mpu_dmp_motion_driver.o
    0x08006748   0x08006748   0x00000038   Code   RO          643    i.dmp_set_shake_reject_thresh  inv_mpu_dmp_motion_driver.o
    0x08006780   0x08006780   0x00000026   Code   RO          644    i.dmp_set_shake_reject_time  inv_mpu_dmp_motion_driver.o
    0x080067a6   0x080067a6   0x00000026   Code   RO          645    i.dmp_set_shake_reject_timeout  inv_mpu_dmp_motion_driver.o
    0x080067cc   0x080067cc   0x00000046   Code   RO          646    i.dmp_set_tap_axes  inv_mpu_dmp_motion_driver.o
    0x08006812   0x08006812   0x00000026   Code   RO          647    i.dmp_set_tap_count  inv_mpu_dmp_motion_driver.o
    0x08006838   0x08006838   0x000001a0   Code   RO          648    i.dmp_set_tap_thresh  inv_mpu_dmp_motion_driver.o
    0x080069d8   0x080069d8   0x00000026   Code   RO          649    i.dmp_set_tap_time  inv_mpu_dmp_motion_driver.o
    0x080069fe   0x080069fe   0x00000026   Code   RO          650    i.dmp_set_tap_time_multi  inv_mpu_dmp_motion_driver.o
    0x08006a24   0x08006a24   0x00000058   Code   RO         4779    i.frexp             m_ws.l(frexp.o)
    0x08006a7c   0x08006a7c   0x000000b4   Code   RO          321    i.get_accel_prod_shift  inv_mpu.o
    0x08006b30   0x08006b30   0x00000002   Code   RO         4267    i.get_ms            delay.o
    0x08006b32   0x08006b32   0x00000002   PAD
    0x08006b34   0x08006b34   0x0000046c   Code   RO          322    i.get_st_biases     inv_mpu.o
    0x08006fa0   0x08006fa0   0x00000110   Code   RO          323    i.gyro_self_test    inv_mpu.o
    0x080070b0   0x080070b0   0x0000002c   Code   RO           95    i.i2cInit           i2c.o
    0x080070dc   0x080070dc   0x00000078   Code   RO           96    i.i2cRead           i2c.o
    0x08007154   0x08007154   0x00000064   Code   RO           98    i.i2cWriteBuffer    i2c.o
    0x080071b8   0x080071b8   0x00000026   Code   RO           99    i.i2cread           i2c.o
    0x080071de   0x080071de   0x00000026   Code   RO          100    i.i2cwrite          i2c.o
    0x08007204   0x08007204   0x00000028   Code   RO          651    i.inv_orientation_matrix_to_scalar  inv_mpu_dmp_motion_driver.o
    0x0800722c   0x0800722c   0x0000004e   Code   RO          652    i.inv_row_2_scale   inv_mpu_dmp_motion_driver.o
    0x0800727a   0x0800727a   0x00000074   Code   RO         4805    i.ldexp             m_ws.l(ldexp.o)
    0x080072ee   0x080072ee   0x00000002   PAD
    0x080072f0   0x080072f0   0x00000078   Code   RO         4122    i.main              main.o
    0x08007368   0x08007368   0x00000070   Code   RO          324    i.mpu_configure_fifo  inv_mpu.o
    0x080073d8   0x080073d8   0x0000004c   Code   RO          325    i.mpu_get_accel_fsr  inv_mpu.o
    0x08007424   0x08007424   0x00000054   Code   RO          327    i.mpu_get_accel_sens  inv_mpu.o
    0x08007478   0x08007478   0x00000010   Code   RO          332    i.mpu_get_fifo_config  inv_mpu.o
    0x08007488   0x08007488   0x00000044   Code   RO          333    i.mpu_get_gyro_fsr  inv_mpu.o
    0x080074cc   0x080074cc   0x00000050   Code   RO          335    i.mpu_get_gyro_sens  inv_mpu.o
    0x0800751c   0x0800751c   0x00000050   Code   RO          337    i.mpu_get_lpf       inv_mpu.o
    0x0800756c   0x0800756c   0x00000020   Code   RO          339    i.mpu_get_sample_rate  inv_mpu.o
    0x0800758c   0x0800758c   0x000001f0   Code   RO          341    i.mpu_init          inv_mpu.o
    0x0800777c   0x0800777c   0x000000b8   Code   RO          342    i.mpu_load_firmware  inv_mpu.o
    0x08007834   0x08007834   0x000000e0   Code   RO          343    i.mpu_lp_accel_mode  inv_mpu.o
    0x08007914   0x08007914   0x000000c0   Code   RO          346    i.mpu_read_fifo_stream  inv_mpu.o
    0x080079d4   0x080079d4   0x00000080   Code   RO          347    i.mpu_read_mem      inv_mpu.o
    0x08007a54   0x08007a54   0x000001c8   Code   RO          350    i.mpu_reset_fifo    inv_mpu.o
    0x08007c1c   0x08007c1c   0x0000011c   Code   RO          351    i.mpu_run_self_test  inv_mpu.o
    0x08007d38   0x08007d38   0x00000084   Code   RO          353    i.mpu_set_accel_fsr  inv_mpu.o
    0x08007dbc   0x08007dbc   0x0000014c   Code   RO          354    i.mpu_set_bypass    inv_mpu.o
    0x08007f08   0x08007f08   0x00000090   Code   RO          356    i.mpu_set_dmp_state  inv_mpu.o
    0x08007f98   0x08007f98   0x00000088   Code   RO          357    i.mpu_set_gyro_fsr  inv_mpu.o
    0x08008020   0x08008020   0x0000006c   Code   RO          358    i.mpu_set_int_latched  inv_mpu.o
    0x0800808c   0x0800808c   0x00000084   Code   RO          360    i.mpu_set_lpf       inv_mpu.o
    0x08008110   0x08008110   0x0000009c   Code   RO          361    i.mpu_set_sample_rate  inv_mpu.o
    0x080081ac   0x080081ac   0x000000d0   Code   RO          362    i.mpu_set_sensors   inv_mpu.o
    0x0800827c   0x0800827c   0x00000080   Code   RO          363    i.mpu_write_mem     inv_mpu.o
    0x080082fc   0x080082fc   0x000000e4   Code   RO          653    i.run_self_test     inv_mpu_dmp_motion_driver.o
    0x080083e0   0x080083e0   0x00000090   Code   RO          364    i.set_int_enable    inv_mpu.o
    0x08008470   0x08008470   0x0000004c   Code   RO         4574    i.sqrt              m_ws.l(sqrt.o)
    0x080084bc   0x080084bc   0x0000002c   Code   RO         4646    locale$$code        c_w.l(lc_numeric_c.o)
    0x080084e8   0x080084e8   0x0000002c   Code   RO         4727    locale$$code        c_w.l(lc_ctype_c.o)
    0x08008514   0x08008514   0x00000062   Code   RO         4433    x$fpl$d2f           fz_ws.l(d2f.o)
    0x08008576   0x08008576   0x00000002   PAD
    0x08008578   0x08008578   0x00000150   Code   RO         4435    x$fpl$dadd          fz_ws.l(daddsub_clz.o)
    0x080086c8   0x080086c8   0x00000010   Code   RO         4648    x$fpl$dcheck1       fz_ws.l(dcheck1.o)
    0x080086d8   0x080086d8   0x00000018   Code   RO         4529    x$fpl$dcmpinf       fz_ws.l(dcmpi.o)
    0x080086f0   0x080086f0   0x000002b0   Code   RO         4442    x$fpl$ddiv          fz_ws.l(ddiv.o)
    0x080089a0   0x080089a0   0x00000078   Code   RO         4445    x$fpl$deqf          fz_ws.l(deqf.o)
    0x08008a18   0x08008a18   0x0000002e   Code   RO         4448    x$fpl$dflt          fz_ws.l(dflt_clz.o)
    0x08008a46   0x08008a46   0x00000002   PAD
    0x08008a48   0x08008a48   0x00000078   Code   RO         4453    x$fpl$dleqf         fz_ws.l(dleqf.o)
    0x08008ac0   0x08008ac0   0x00000154   Code   RO         4455    x$fpl$dmul          fz_ws.l(dmul.o)
    0x08008c14   0x08008c14   0x0000009c   Code   RO         4531    x$fpl$dnaninf       fz_ws.l(dnaninf.o)
    0x08008cb0   0x08008cb0   0x0000000c   Code   RO         4533    x$fpl$dretinf       fz_ws.l(dretinf.o)
    0x08008cbc   0x08008cbc   0x0000006c   Code   RO         4776    x$fpl$drleqf        fz_ws.l(drleqf.o)
    0x08008d28   0x08008d28   0x00000016   Code   RO         4436    x$fpl$drsb          fz_ws.l(daddsub_clz.o)
    0x08008d3e   0x08008d3e   0x00000002   PAD
    0x08008d40   0x08008d40   0x000001cc   Code   RO         4650    x$fpl$dsqrt         fz_ws.l(dsqrt_noumaal.o)
    0x08008f0c   0x08008f0c   0x000001d4   Code   RO         4437    x$fpl$dsub          fz_ws.l(daddsub_clz.o)
    0x080090e0   0x080090e0   0x00000056   Code   RO         4457    x$fpl$f2d           fz_ws.l(f2d.o)
    0x08009136   0x08009136   0x00000002   PAD
    0x08009138   0x08009138   0x000000c4   Code   RO         4459    x$fpl$fadd          fz_ws.l(faddsub_clz.o)
    0x080091fc   0x080091fc   0x00000018   Code   RO         4535    x$fpl$fcmpinf       fz_ws.l(fcmpi.o)
    0x08009214   0x08009214   0x00000184   Code   RO         4466    x$fpl$fdiv          fz_ws.l(fdiv.o)
    0x08009398   0x08009398   0x00000068   Code   RO         4469    x$fpl$feqf          fz_ws.l(feqf.o)
    0x08009400   0x08009400   0x00000036   Code   RO         4471    x$fpl$ffix          fz_ws.l(ffix.o)
    0x08009436   0x08009436   0x00000002   PAD
    0x08009438   0x08009438   0x0000003e   Code   RO         4475    x$fpl$ffixu         fz_ws.l(ffixu.o)
    0x08009476   0x08009476   0x00000002   PAD
    0x08009478   0x08009478   0x00000030   Code   RO         4480    x$fpl$fflt          fz_ws.l(fflt_clz.o)
    0x080094a8   0x080094a8   0x00000026   Code   RO         4479    x$fpl$ffltu         fz_ws.l(fflt_clz.o)
    0x080094ce   0x080094ce   0x00000002   PAD
    0x080094d0   0x080094d0   0x00000068   Code   RO         4485    x$fpl$fleqf         fz_ws.l(fleqf.o)
    0x08009538   0x08009538   0x00000102   Code   RO         4487    x$fpl$fmul          fz_ws.l(fmul.o)
    0x0800963a   0x0800963a   0x0000008c   Code   RO         4537    x$fpl$fnaninf       fz_ws.l(fnaninf.o)
    0x080096c6   0x080096c6   0x0000000a   Code   RO         4539    x$fpl$fretinf       fz_ws.l(fretinf.o)
    0x080096d0   0x080096d0   0x00000062   Code   RO         4489    x$fpl$frleqf        fz_ws.l(frleqf.o)
    0x08009732   0x08009732   0x00000002   PAD
    0x08009734   0x08009734   0x000000ea   Code   RO         4461    x$fpl$fsub          fz_ws.l(faddsub_clz.o)
    0x0800981e   0x0800981e   0x00000006   Code   RO         4652    x$fpl$ieeestatus    fz_ws.l(istatus.o)
    0x08009824   0x08009824   0x00000004   Code   RO         4491    x$fpl$printf1       fz_ws.l(printf1.o)
    0x08009828   0x08009828   0x00000064   Code   RO         4722    x$fpl$retnan        fz_ws.l(retnan.o)
    0x0800988c   0x0800988c   0x0000005c   Code   RO         4541    x$fpl$scalbn        fz_ws.l(scalbn.o)
    0x080098e8   0x080098e8   0x00000004   Code   RO         4654    x$fpl$scanf1        fz_ws.l(scanf1.o)
    0x080098ec   0x080098ec   0x00000008   Code   RO         4741    x$fpl$scanf2        fz_ws.l(scanf2.o)
    0x080098f4   0x080098f4   0x00000030   Code   RO         4747    x$fpl$trapveneer    fz_ws.l(trapv.o)
    0x08009924   0x08009924   0x00000000   Code   RO         4543    x$fpl$usenofp       fz_ws.l(usenofp.o)
    0x08009924   0x08009924   0x00000050   Data   RO          365    .constdata          inv_mpu.o
    0x08009974   0x08009974   0x00000bf6   Data   RO          655    .constdata          inv_mpu_dmp_motion_driver.o
    0x0800a56a   0x0800a56a   0x00000006   PAD
    0x0800a570   0x0800a570   0x00000020   Data   RO         1002    .constdata          upstandingcar.o
    0x0800a590   0x0800a590   0x00000050   Data   RO         4495    .constdata          m_ws.l(asin.o)
    0x0800a5e0   0x0800a5e0   0x00000098   Data   RO         4546    .constdata          m_ws.l(atan.o)
    0x0800a678   0x0800a678   0x00000008   Data   RO         4572    .constdata          m_ws.l(qnan.o)
    0x0800a680   0x0800a680   0x00000094   Data   RO         4621    .constdata          c_w.l(bigflt0.o)
    0x0800a714   0x0800a714   0x0000004e   Data   RO          366    .conststring        inv_mpu.o
    0x0800a762   0x0800a762   0x00000002   PAD
    0x0800a764   0x0800a764   0x00000020   Data   RO         4856    Region$$Table       anon$$obj.o
    0x0800a784   0x0800a784   0x00000008   Data   RO         4735    c$$dinf             fz_ws.l(fpconst.o)
    0x0800a78c   0x0800a78c   0x00000008   Data   RO         4738    c$$dmax             fz_ws.l(fpconst.o)
    0x0800a794   0x0800a794   0x0000001c   Data   RO         4645    locale$$data        c_w.l(lc_numeric_c.o)
    0x0800a7b0   0x0800a7b0   0x00000110   Data   RO         4726    locale$$data        c_w.l(lc_ctype_c.o)


    Execution Region RW_IRAM1 (Exec base: 0x20000000, Load base: 0x0800a8c0, Size: 0x00000a90, Max: 0x00005000, ABSOLUTE, COMPRESSED[0x00000078])

    Exec Addr    Load Addr    Size         Type   Attr      Idx    E Section Name        Object

    0x20000000   COMPRESSED   0x0000002c   Data   RW          367    .data               inv_mpu.o
    0x2000002c   COMPRESSED   0x00000004   Data   RW          871    .data               ultrasonicwave.o
    0x20000030   COMPRESSED   0x0000003b   Data   RW          902    .data               mpu6050.o
    0x2000006b   COMPRESSED   0x00000001   PAD
    0x2000006c   COMPRESSED   0x00000178   Data   RW         1003    .data               upstandingcar.o
    0x200001e4   COMPRESSED   0x00000014   Data   RW         2740    .data               stm32f10x_rcc.o
    0x200001f8   COMPRESSED   0x00000014   Data   RW         4235    .data               system_stm32f10x.o
    0x2000020c        -       0x00000010   Zero   RW          654    .bss                inv_mpu_dmp_motion_driver.o
    0x2000021c        -       0x00000010   Zero   RW          901    .bss                mpu6050.o
    0x2000022c        -       0x00000204   Zero   RW         1001    .bss                upstandingcar.o
    0x20000430        -       0x00000060   Zero   RW         4657    .bss                c_w.l(libspace.o)
    0x20000490        -       0x00000200   Zero   RW           18    HEAP                startup_stm32f10x_md.o
    0x20000690        -       0x00000400   Zero   RW           17    STACK               startup_stm32f10x_md.o


==============================================================================

Image component sizes


      Code (inc. data)   RO Data    RW Data    ZI Data      Debug   Object Name

       192         14          0          0          0     256541   adc.o
         0          0          0          0          0       4540   core_cm3.o
        52          0          0          0          0       1315   delay.o
       902         38          0          0          0       7134   i2c.o
      5884        280        158         44          0      25111   inv_mpu.o
      3442        194       3062          0         16      21693   inv_mpu_dmp_motion_driver.o
       120          4          0          0          0        459   main.o
       132         22          0          0          0       1319   misc.o
       702         36          0          0          0       6224   motor.o
      1572        780          0         59         16       2225   mpu6050.o
        64         26        236          0       1536        760   startup_stm32f10x_md.o
       486         24          0          0          0       7770   stm32f10x_adc.o
       200         18          0          0          0       1824   stm32f10x_exti.o
       528         10          0          0          0       5082   stm32f10x_gpio.o
       168         24          0          0          0       3426   stm32f10x_it.o
       364         50          0         20          0       5571   stm32f10x_rcc.o
      2050        234          0          0          0      16032   stm32f10x_tim.o
       406          6          0          0          0       5981   stm32f10x_usart.o
       328         28          0         20          0       1865   system_stm32f10x.o
       120         14          0          0          0      15662   systick.o
       124         10          0          0          0       1039   timer.o
       280         28          0          4          0       1864   ultrasonicwave.o
      4474        824         32        376        516      15064   upstandingcar.o
       420         26          0          0          0       3539   usart.o

    ----------------------------------------------------------------------
     23046       2690       3528        524       2084     412040   Object Totals
         0          0         32          0          0          0   (incl. Generated)
        36          0          8          1          0          0   (incl. Padding)

    ----------------------------------------------------------------------

      Code (inc. data)   RO Data    RW Data    ZI Data      Debug   Library Member Name

        90          0          0          0          0          0   __dczerorl2.o
         8          0          0          0          0         68   __main.o
       284          0          0          0          0        156   __printf_wp.o
         0          0          0          0          0          0   __rtentry.o
        12          0          0          0          0          0   __rtentry2.o
         6          0          0          0          0          0   __rtentry4.o
        52          8          0          0          0          0   __scatter.o
        28          0          0          0          0          0   __scatter_zi.o
        28          0          0          0          0         68   _chval.o
        48          6          0          0          0         96   _printf_char_common.o
         6          0          0          0          0          0   _printf_f.o
      1054          0          0          0          0        216   _printf_fp_dec.o
       128         16          0          0          0         84   _printf_fp_infnan.o
        78          0          0          0          0        108   _printf_pad.o
         0          0          0          0          0          0   _printf_percent.o
         4          0          0          0          0          0   _printf_percent_end.o
        22          0          0          0          0        100   _rserrno.o
        64          0          0          0          0         84   _sgetc.o
        10          0          0          0          0         68   _sputc.o
        16          0          0          0          0         68   aeabi_memset.o
       228          4        148          0          0         96   bigflt0.o
      2152        136          0          0          0        960   btod.o
        18          0          0          0          0         80   exit.o
         6          0          0          0          0        152   heapauxi.o
         0          0          0          0          0          0   indicate_semi.o
        18          0          0          0          0         76   isspace.o
        44         10        272          0          0         76   lc_ctype_c.o
        44         10         28          0          0         76   lc_numeric_c.o
         2          0          0          0          0          0   libinit.o
        30          0          0          0          0          0   libinit2.o
         2          0          0          0          0          0   libshutdown.o
         2          0          0          0          0          0   libshutdown2.o
         8          4          0          0         96         68   libspace.o
        72          0          0          0          0         76   llsdiv.o
        38          0          0          0          0         68   llshl.o
       138          0          0          0          0         80   lludiv10.o
       238          0          0          0          0        100   lludivv7m.o
        88          0          0          0          0         76   memcmp.o
        40          6          0          0          0         84   noretval__2sprintf.o
        16          4          0          0          0         76   rt_ctype_table.o
         8          4          0          0          0         68   rt_errno_addr_intlibspace.o
         8          4          0          0          0         68   rt_locale_intlibspace.o
        68          0          0          0          0         68   rt_memclr.o
        78          0          0          0          0         80   rt_memclr_w.o
       138          0          0          0          0         68   rt_memcpy_v6.o
       100          0          0          0          0         80   rt_memcpy_w.o
         2          0          0          0          0          0   rtexit.o
        10          0          0          0          0          0   rtexit2.o
      1272         16          0          0          0        168   scanf_fp.o
       800         14          0          0          0        100   scanf_hexfp.o
       308         16          0          0          0        100   scanf_infnan.o
        24          0          0          0          0         68   strcat.o
       128          0          0          0          0         68   strcmpv7m.o
        62          0          0          0          0         76   strlen.o
       164         14          0          0          0        120   strtod.o
        12          4          0          0          0         68   sys_exit.o
        74          0          0          0          0         80   sys_stackheap_outer.o
         2          0          0          0          0         68   use_no_semi.o
        98          4          0          0          0         92   d2f.o
       826         16          0          0          0        348   daddsub_clz.o
        16          4          0          0          0         68   dcheck1.o
        24          0          0          0          0         68   dcmpi.o
       688        140          0          0          0        208   ddiv.o
       120          4          0          0          0         92   deqf.o
        46          0          0          0          0         68   dflt_clz.o
       120          4          0          0          0         92   dleqf.o
       340         12          0          0          0        104   dmul.o
       156          4          0          0          0         92   dnaninf.o
        12          0          0          0          0         68   dretinf.o
       108          0          0          0          0         80   drleqf.o
       460         56          0          0          0        120   dsqrt_noumaal.o
        86          4          0          0          0         84   f2d.o
       430          8          0          0          0        168   faddsub_clz.o
        24          0          0          0          0         68   fcmpi.o
       388         76          0          0          0         96   fdiv.o
       104          4          0          0          0         84   feqf.o
        54          4          0          0          0         84   ffix.o
        62          4          0          0          0         84   ffixu.o
        86          0          0          0          0        136   fflt_clz.o
       104          4          0          0          0         84   fleqf.o
       258          4          0          0          0         84   fmul.o
       140          4          0          0          0         84   fnaninf.o
         0          0         16          0          0          0   fpconst.o
        10          0          0          0          0         68   fretinf.o
        98          0          0          0          0         68   frleqf.o
         6          0          0          0          0         68   istatus.o
         4          0          0          0          0         68   printf1.o
       100          0          0          0          0         68   retnan.o
        92          0          0          0          0         68   scalbn.o
         4          0          0          0          0         68   scanf1.o
         8          0          0          0          0         84   scanf2.o
        48          0          0          0          0         68   trapv.o
         0          0          0          0          0          0   usenofp.o
       624         52         80          0          0        168   asin.o
       544         70        152          0          0        124   atan.o
       412         38          0          0          0        144   atan2.o
        42          0          0          0          0         84   atof.o
        52          6          0          0          0        340   dunder.o
        40          0          0          0          0         68   fpclassify.o
        88          8          0          0          0         76   frexp.o
       138          0          0          0          0        160   ldexp.o
       204          4          0          0          0        168   narrow.o
       170          0          0          0          0         96   poly.o
         0          0          8          0          0          0   qnan.o
        76          0          0          0          0         84   sqrt.o

    ----------------------------------------------------------------------
     15922        810        704          0         96       9304   Library Totals
        32          0          0          0          0          0   (incl. Padding)

    ----------------------------------------------------------------------

      Code (inc. data)   RO Data    RW Data    ZI Data      Debug   Library Name

      8380        276        448          0         96       4608   c_w.l
      5120        356         16          0          0       3184   fz_ws.l
      2390        178        240          0          0       1512   m_ws.l

    ----------------------------------------------------------------------
     15922        810        704          0         96       9304   Library Totals

    ----------------------------------------------------------------------

==============================================================================


      Code (inc. data)   RO Data    RW Data    ZI Data      Debug   

     38968       3500       4232        524       2180     406468   Grand Totals
     38968       3500       4232        120       2180     406468   ELF Image Totals (compressed)
     38968       3500       4232        120          0          0   ROM Totals

==============================================================================

    Total RO  Size (Code + RO Data)                43200 (  42.19kB)
    Total RW  Size (RW Data + ZI Data)              2704 (   2.64kB)
    Total ROM Size (Code + RO Data + RW Data)      43320 (  42.30kB)

==============================================================================

